Archive member included to satisfy reference by file (symbol)

app/libapp.a(main.c.obj)      (--whole-archive)
app/libapp.a(moteur.c.obj)    (--whole-archive)
app/libapp.a(codeur.c.obj)    (--whole-archive)
app/libapp.a(boussole.c.obj)  (--whole-archive)
app/libapp.a(pid.c.obj)       (--whole-archive)
zephyr/libzephyr.a(heap.c.obj)
                              (--whole-archive)
zephyr/libzephyr.a(cbprintf_packaged.c.obj)
                              (--whole-archive)
zephyr/libzephyr.a(printk.c.obj)
                              (--whole-archive)
zephyr/libzephyr.a(sem.c.obj)
                              (--whole-archive)
zephyr/libzephyr.a(thread_entry.c.obj)
                              (--whole-archive)
zephyr/libzephyr.a(cbprintf_complete.c.obj)
                              (--whole-archive)
zephyr/libzephyr.a(assert.c.obj)
                              (--whole-archive)
zephyr/libzephyr.a(mpsc_pbuf.c.obj)
                              (--whole-archive)
zephyr/libzephyr.a(reboot.c.obj)
                              (--whole-archive)
zephyr/libzephyr.a(dec.c.obj)
                              (--whole-archive)
zephyr/libzephyr.a(hex.c.obj)
                              (--whole-archive)
zephyr/libzephyr.a(rb.c.obj)  (--whole-archive)
zephyr/libzephyr.a(timeutil.c.obj)
                              (--whole-archive)
zephyr/libzephyr.a(bitarray.c.obj)
                              (--whole-archive)
zephyr/libzephyr.a(configs.c.obj)
                              (--whole-archive)
zephyr/libzephyr.a(stm32cube_hal.c.obj)
                              (--whole-archive)
zephyr/libzephyr.a(soc_config.c.obj)
                              (--whole-archive)
zephyr/libzephyr.a(soc.c.obj)
                              (--whole-archive)
zephyr/libzephyr.a(log_core.c.obj)
                              (--whole-archive)
zephyr/libzephyr.a(log_mgmt.c.obj)
                              (--whole-archive)
zephyr/libzephyr.a(log_cache.c.obj)
                              (--whole-archive)
zephyr/libzephyr.a(log_msg.c.obj)
                              (--whole-archive)
zephyr/libzephyr.a(log_output.c.obj)
                              (--whole-archive)
zephyr/libzephyr.a(log_backend_uart.c.obj)
                              (--whole-archive)
zephyr/libzephyr.a(tracing_none.c.obj)
                              (--whole-archive)
zephyr/arch/common/libarch__common.a(sw_isr_common.c.obj)
                              (--whole-archive)
zephyr/arch/arch/arm/core/libarch__arm__core.a(fatal.c.obj)
                              (--whole-archive)
zephyr/arch/arch/arm/core/libarch__arm__core.a(nmi.c.obj)
                              (--whole-archive)
zephyr/arch/arch/arm/core/libarch__arm__core.a(nmi_on_reset.S.obj)
                              (--whole-archive)
zephyr/arch/arch/arm/core/libarch__arm__core.a(tls.c.obj)
                              (--whole-archive)
zephyr/arch/arch/arm/core/cortex_m/libarch__arm__core__cortex_m.a(exc_exit.c.obj)
                              (--whole-archive)
zephyr/arch/arch/arm/core/cortex_m/libarch__arm__core__cortex_m.a(fault.c.obj)
                              (--whole-archive)
zephyr/arch/arch/arm/core/cortex_m/libarch__arm__core__cortex_m.a(fault_s.S.obj)
                              (--whole-archive)
zephyr/arch/arch/arm/core/cortex_m/libarch__arm__core__cortex_m.a(fpu.c.obj)
                              (--whole-archive)
zephyr/arch/arch/arm/core/cortex_m/libarch__arm__core__cortex_m.a(reset.S.obj)
                              (--whole-archive)
zephyr/arch/arch/arm/core/cortex_m/libarch__arm__core__cortex_m.a(scb.c.obj)
                              (--whole-archive)
zephyr/arch/arch/arm/core/cortex_m/libarch__arm__core__cortex_m.a(thread_abort.c.obj)
                              (--whole-archive)
zephyr/arch/arch/arm/core/cortex_m/libarch__arm__core__cortex_m.a(vector_table.S.obj)
                              (--whole-archive)
zephyr/arch/arch/arm/core/cortex_m/libarch__arm__core__cortex_m.a(swap.c.obj)
                              (--whole-archive)
zephyr/arch/arch/arm/core/cortex_m/libarch__arm__core__cortex_m.a(swap_helper.S.obj)
                              (--whole-archive)
zephyr/arch/arch/arm/core/cortex_m/libarch__arm__core__cortex_m.a(irq_manage.c.obj)
                              (--whole-archive)
zephyr/arch/arch/arm/core/cortex_m/libarch__arm__core__cortex_m.a(prep_c.c.obj)
                              (--whole-archive)
zephyr/arch/arch/arm/core/cortex_m/libarch__arm__core__cortex_m.a(thread.c.obj)
                              (--whole-archive)
zephyr/arch/arch/arm/core/cortex_m/libarch__arm__core__cortex_m.a(cpu_idle.c.obj)
                              (--whole-archive)
zephyr/arch/arch/arm/core/cortex_m/libarch__arm__core__cortex_m.a(irq_init.c.obj)
                              (--whole-archive)
zephyr/arch/arch/arm/core/cortex_m/libarch__arm__core__cortex_m.a(isr_wrapper.c.obj)
                              (--whole-archive)
[...]
Memory Configuration

Name             Origin             Length             Attributes
FLASH            0x0000000008000000 0x0000000000020000 xr
RAM              0x0000000020000000 0x0000000000005000 xw
IDT_LIST         0x00000000ffff7fff 0x0000000000008000 xw
*default*        0x0000000000000000 0xffffffffffffffff

Linker script and memory map

                0x0000000008004edc                vfprintf = __d_vfprintf
                0x0000000000000000                vfscanf = __d_vfscanf
LOAD zephyr/CMakeFiles/zephyr_pre0.dir/misc/empty_file.c.obj
LOAD zephyr/CMakeFiles/offsets.dir/./arch/arm/core/offsets/offsets.c.obj
LOAD app/libapp.a
LOAD zephyr/libzephyr.a
LOAD zephyr/arch/common/libarch__common.a
LOAD zephyr/arch/arch/arm/core/libarch__arm__core.a
LOAD zephyr/arch/arch/arm/core/cortex_m/libarch__arm__core__cortex_m.a
LOAD zephyr/lib/libc/picolibc/liblib__libc__picolibc.a
LOAD zephyr/lib/libc/common/liblib__libc__common.a
LOAD zephyr/drivers/interrupt_controller/libdrivers__interrupt_controller.a
LOAD zephyr/drivers/clock_control/libdrivers__clock_control.a
LOAD zephyr/drivers/console/libdrivers__console.a
LOAD zephyr/drivers/gpio/libdrivers__gpio.a
LOAD zephyr/drivers/i2c/libdrivers__i2c.a
LOAD zephyr/drivers/pinctrl/libdrivers__pinctrl.a
LOAD zephyr/drivers/reset/libdrivers__reset.a
LOAD zephyr/drivers/serial/libdrivers__serial.a
LOAD zephyr/drivers/timer/libdrivers__timer.a
LOAD modules/stm32/stm32cube/lib..__modules__hal__stm32__stm32cube.a
LOAD zephyr/kernel/libkernel.a
LOAD /home/romain/zephyr-sdk-0.16.1/arm-zephyr-eabi/bin/../lib/gcc/arm-zephyr-eabi/12.2.0/thumb/v7-m/nofp/libgcc.a
LOAD zephyr/arch/common/libisr_tables.a
LOAD /home/romain/zephyr-sdk-0.16.1/arm-zephyr-eabi/bin/../lib/gcc/../../picolibc/arm-zephyr-eabi/lib/thumb/v7-m/nofp/libc.a
LOAD /home/romain/zephyr-sdk-0.16.1/arm-zephyr-eabi/bin/../lib/gcc/arm-zephyr-eabi/12.2.0/thumb/v7-m/nofp/libgcc.a
                0x0000000000000004                _region_min_align = 0x4

.rel.plt        0x0000000008000000        0x0
 *(SORT_BY_ALIGNMENT(.rel.plt))
                [!provide]                        PROVIDE (__rel_iplt_start = .)
 *(SORT_BY_ALIGNMENT(.rel.iplt))
 .rel.iplt      0x0000000008000000        0x0 app/libapp.a(main.c.obj)
                [!provide]                        PROVIDE (__rel_iplt_end = .)

.rela.plt       0x0000000000000000        0x0
 *(SORT_BY_ALIGNMENT(.rela.plt))
                [!provide]                        PROVIDE (__rela_iplt_start = .)
 *(SORT_BY_ALIGNMENT(.rela.iplt))
                [!provide]                        PROVIDE (__rela_iplt_end = .)

.rel.dyn
 *(SORT_BY_ALIGNMENT(.rel.*))

.rela.dyn
 *(SORT_BY_ALIGNMENT(.rela.*))

/DISCARD/
 *(SORT_BY_ALIGNMENT(.plt))

/DISCARD/
 *(SORT_BY_ALIGNMENT(.iplt))
                0x0000000008000000                __rom_region_start = 0x8000000

rom_start       0x0000000008000000       0xec
                0x0000000008000000                __rom_start_address = .
 FILL mask 0x00
                0x0000000008000000                . = (. + (0x0 - (. - __rom_start_address)))
                0x0000000008000000                . = ALIGN (0x4)
                0x0000000008000000                . = ALIGN (0x80)
                0x0000000008000000                . = ALIGN (0x100)
                0x0000000008000000                _vector_start = .
 *(SORT_BY_ALIGNMENT(.exc_vector_table))
 *(SORT_BY_ALIGNMENT(.exc_vector_table.*))
 .exc_vector_table._vector_table_section
                0x0000000008000000       0x40 zephyr/arch/arch/arm/core/cortex_m/libarch__arm__core__cortex_m.a(vector_table.S.obj)
                0x0000000008000000                _vector_table
 *(SORT_BY_ALIGNMENT(.vectors))
                0x00000000080000ec                _vector_end = .
                0x0000000008000040                . = ALIGN (0x4)
 *(SORT_BY_ALIGNMENT(.gnu.linkonce.irq_vector_table*))
 .gnu.linkonce.irq_vector_table
                0x0000000008000040       0xac zephyr/arch/common/libisr_tables.a(isr_tables.c.obj)
                0x0000000008000040                _irq_vector_table
                0x00000000080000ec                _vector_end = .

text            0x00000000080000ec     0x80c0
                0x00000000080000ec                __text_region_start = .
 *(SORT_BY_ALIGNMENT(.text))
 .text          0x00000000080000ec      0x378 /home/romain/zephyr-sdk-0.16.1/arm-zephyr-eabi/bin/../lib/gcc/arm-zephyr-eabi/12.2.0/thumb/v7-m/nofp/libgcc.a(_arm_addsubdf3.o)
                0x00000000080000ec                __aeabi_drsub
                0x00000000080000f4                __aeabi_dsub
                0x00000000080000f4                __subdf3
                0x00000000080000f8                __adddf3
                0x00000000080000f8                __aeabi_dadd
                0x0000000008000370                __aeabi_ui2d
                0x0000000008000370                __floatunsidf
                0x0000000008000390                __floatsidf
                0x0000000008000390                __aeabi_i2d
                0x00000000080003b4                __extendsfdf2
                0x00000000080003b4                __aeabi_f2d
                0x00000000080003f8                __aeabi_ul2d
                0x00000000080003f8                __floatundidf
                0x0000000008000408                __floatdidf
                0x0000000008000408                __aeabi_l2d
 .text          0x0000000008000464      0x21c /home/romain/zephyr-sdk-0.16.1/arm-zephyr-eabi/bin/../lib/gcc/arm-zephyr-eabi/12.2.0/thumb/v7-m/nofp/libgcc.a(_arm_addsubsf3.o)
                0x0000000008000464                __aeabi_frsub
                0x000000000800046c                __subsf3
                0x000000000800046c                __aeabi_fsub
                0x0000000008000470                __aeabi_fadd
                0x0000000008000470                __addsf3
                0x00000000080005d0                __aeabi_ui2f
                0x00000000080005d0                __floatunsisf
                0x00000000080005d8                __aeabi_i2f
                0x00000000080005d8                __floatsisf
                0x00000000080005f4                __floatundisf
                0x00000000080005f4                __aeabi_ul2f
                0x0000000008000604                __floatdisf
                0x0000000008000604                __aeabi_l2f
 .text          0x0000000008000680      0x2a0 /home/romain/zephyr-sdk-0.16.1/arm-zephyr-eabi/bin/../lib/gcc/arm-zephyr-eabi/12.2.0/thumb/v7-m/nofp/libgcc.a(_arm_muldivsf3.o)
                0x0000000008000680                __mulsf3
                0x0000000008000680                __aeabi_fmul
                0x00000000080007e8                __divsf3
                0x00000000080007e8                __aeabi_fdiv
 .text          0x0000000008000920       0xec /home/romain/zephyr-sdk-0.16.1/arm-zephyr-eabi/bin/../lib/gcc/arm-zephyr-eabi/12.2.0/thumb/v7-m/nofp/libgcc.a(_arm_cmpsf2.o)
                0x0000000008000920                __gtsf2
                0x0000000008000920                __gesf2
                0x0000000008000928                __lesf2
                0x0000000008000928                __ltsf2
                0x0000000008000930                __nesf2
                0x0000000008000930                __eqsf2
                0x0000000008000930                __cmpsf2
                0x0000000008000990                __aeabi_cfrcmple
                0x0000000008000998                __aeabi_cfcmple
                0x0000000008000998                __aeabi_cfcmpeq
                0x00000000080009a8                __aeabi_fcmpeq
                0x00000000080009bc                __aeabi_fcmplt
                0x00000000080009d0                __aeabi_fcmple
                0x00000000080009e4                __aeabi_fcmpge
                0x00000000080009f8                __aeabi_fcmpgt
 .text          0x0000000008000a0c       0x4c /home/romain/zephyr-sdk-0.16.1/arm-zephyr-eabi/bin/../lib/gcc/arm-zephyr-eabi/12.2.0/thumb/v7-m/nofp/libgcc.a(_arm_fixsfsi.o)
                0x0000000008000a0c                __fixsfsi
                0x0000000008000a0c                __aeabi_f2iz
 .text          0x0000000008000a58       0x30 /home/romain/zephyr-sdk-0.16.1/arm-zephyr-eabi/bin/../lib/gcc/arm-zephyr-eabi/12.2.0/thumb/v7-m/nofp/libgcc.a(_aeabi_uldivmod.o)
                0x0000000008000a58                __aeabi_uldivmod
 .text          0x0000000008000a88        0x4 /home/romain/zephyr-sdk-0.16.1/arm-zephyr-eabi/bin/../lib/gcc/arm-zephyr-eabi/12.2.0/thumb/v7-m/nofp/libgcc.a(_dvmd_tls.o)
                0x0000000008000a88                __aeabi_ldiv0
                0x0000000008000a88                __aeabi_idiv0
 .text          0x0000000008000a8c      0x2a0 /home/romain/zephyr-sdk-0.16.1/arm-zephyr-eabi/bin/../lib/gcc/arm-zephyr-eabi/12.2.0/thumb/v7-m/nofp/libgcc.a(_udivmoddi4.o)
                0x0000000008000a8c                __udivmoddi4
 .text          0x0000000008000d2c       0x10 /home/romain/zephyr-sdk-0.16.1/arm-zephyr-eabi/bin/../lib/gcc/../../picolibc/arm-zephyr-eabi/lib/thumb/v7-m/nofp/libc.a(strlen.S.o)
                0x0000000008000d2c                strlen
 *(SORT_BY_ALIGNMENT(.text.*))
 .text.k_mutex_lock.constprop.0.isra.0
                0x0000000008000d3c       0x10 app/libapp.a(main.c.obj)
 .text.k_mutex_unlock.constprop.0.isra.0
                0x0000000008000d4c        0xc app/libapp.a(main.c.obj)
 .text.thread_pid_fn
                0x0000000008000d58       0xf0 app/libapp.a(main.c.obj)
                0x0000000008000d58                thread_pid_fn
 .text.thread_capteurs_fn
                0x0000000008000e48       0xc8 app/libapp.a(main.c.obj)
                0x0000000008000e48                thread_capteurs_fn
 .text.main     0x0000000008000f10      0x118 app/libapp.a(main.c.obj)
                0x0000000008000f10                main
 .text.moteur_set_vitesse
                0x0000000008001028       0x5c app/libapp.a(moteur.c.obj)
                0x0000000008001028                moteur_set_vitesse
 .text.moteur_init
                0x0000000008001084       0x60 app/libapp.a(moteur.c.obj)
                0x0000000008001084                moteur_init
 .text.codeur_handler
                0x00000000080010e4       0x78 app/libapp.a(codeur.c.obj)
                0x00000000080010e4                codeur_handler
 .text.z_impl_gpio_pin_configure.constprop.0.isra.0
                0x000000000800115c       0x20 app/libapp.a(codeur.c.obj)
 .text.codeur_init
                0x000000000800117c       0x64 app/libapp.a(codeur.c.obj)
                0x000000000800117c                codeur_init
 .text.codeur_get_ticks
                0x00000000080011e0       0x14 app/libapp.a(codeur.c.obj)
                0x00000000080011e0                codeur_get_ticks
 .text.boussole_init
                0x00000000080011f4       0x94 app/libapp.a(boussole.c.obj)
                0x00000000080011f4                boussole_init
 .text.boussole_get_angle
                0x0000000008001288       0xb8 app/libapp.a(boussole.c.obj)
                0x0000000008001288                boussole_get_angle
 .text.pid_calculer_commande
                0x0000000008001340       0xe0 app/libapp.a(pid.c.obj)
                0x0000000008001340                pid_calculer_commande
 .text.cbvprintf_package
                0x0000000008001420      0x3a4 zephyr/libzephyr.a(cbprintf_packaged.c.obj)
                0x0000000008001420                cbvprintf_package
 .text.cbprintf_package_convert
                0x00000000080017c4      0x3c8 zephyr/libzephyr.a(cbprintf_packaged.c.obj)
                0x00000000080017c4                cbprintf_package_convert
 .text.__printk_hook_install
                0x0000000008001b8c        0xc zephyr/libzephyr.a(printk.c.obj)
                0x0000000008001b8c                __printk_hook_install
 .text.z_thread_entry
                0x0000000008001b98       0x34 zephyr/libzephyr.a(thread_entry.c.obj)
                0x0000000008001b98                z_thread_entry
 .text.st_stm32_common_config
                0x0000000008001bcc       0x14 zephyr/libzephyr.a(soc_config.c.obj)
 .text.stm32f1_init
                0x0000000008001be0       0x20 zephyr/libzephyr.a(soc.c.obj)
 .text.activate_foreach_backend
                0x0000000008001c00       0x64 zephyr/libzephyr.a(log_core.c.obj)
 .text.enable_logger
                0x0000000008001c64       0x5c zephyr/libzephyr.a(log_core.c.obj)
 .text.log_process_thread_timer_expiry_fn
                0x0000000008001cc0        0xc zephyr/libzephyr.a(log_core.c.obj)
 .text.z_log_init
                0x0000000008001ccc       0x94 zephyr/libzephyr.a(log_core.c.obj)
 .text.log_format_func_t_get
                0x0000000008001d60        0xc zephyr/libzephyr.a(log_core.c.obj)
                0x0000000008001d60                log_format_func_t_get
 .text.log_set_timestamp_func
                0x0000000008001d6c       0x20 zephyr/libzephyr.a(log_core.c.obj)
                0x0000000008001d6c                log_set_timestamp_func
 .text.z_log_notify_backend_enabled
                0x0000000008001d8c       0x1c zephyr/libzephyr.a(log_core.c.obj)
                0x0000000008001d8c                z_log_notify_backend_enabled
 .text.z_log_dropped
                0x0000000008001da8       0x44 zephyr/libzephyr.a(log_core.c.obj)
                0x0000000008001da8                z_log_dropped
 .text.z_log_dropped_read_and_clear
                0x0000000008001dec       0x20 zephyr/libzephyr.a(log_core.c.obj)
                0x0000000008001dec                z_log_dropped_read_and_clear
 .text.dropped_notify
                0x0000000008001e0c       0x30 zephyr/libzephyr.a(log_core.c.obj)
                0x0000000008001e0c                dropped_notify
 .text.z_log_msg_init
                0x0000000008001e3c       0x20 zephyr/libzephyr.a(log_core.c.obj)
                0x0000000008001e3c                z_log_msg_init
 .text.log_core_init
                0x0000000008001e5c       0x50 zephyr/libzephyr.a(log_core.c.obj)
                0x0000000008001e5c                log_core_init
 .text.z_log_msg_alloc
                0x0000000008001eac       0x10 zephyr/libzephyr.a(log_core.c.obj)
                0x0000000008001eac                z_log_msg_alloc
 .text.z_log_msg_local_claim
                0x0000000008001ebc        0xc zephyr/libzephyr.a(log_core.c.obj)
                0x0000000008001ebc                z_log_msg_local_claim
 .text.z_log_msg_free
                0x0000000008001ec8       0x10 zephyr/libzephyr.a(log_core.c.obj)
                0x0000000008001ec8                z_log_msg_free
 .text.z_log_msg_pending
                0x0000000008001ed8        0xc zephyr/libzephyr.a(log_core.c.obj)
                0x0000000008001ed8                z_log_msg_pending
 .text.z_impl_log_process
                0x0000000008001ee4       0xb0 zephyr/libzephyr.a(log_core.c.obj)
                0x0000000008001ee4                z_impl_log_process
 .text.z_impl_log_panic
                0x0000000008001f94       0x44 zephyr/libzephyr.a(log_core.c.obj)
                0x0000000008001f94                z_impl_log_panic
 .text.log_process_thread_func
                0x0000000008001fd8       0xa4 zephyr/libzephyr.a(log_core.c.obj)
 .text.z_log_msg_post_finalize
                0x000000000800207c       0x78 zephyr/libzephyr.a(log_core.c.obj)
 .text.z_log_msg_commit
                0x00000000080020f4       0x24 zephyr/libzephyr.a(log_core.c.obj)
                0x00000000080020f4                z_log_msg_commit
 .text.log_source_name_get
                0x0000000008002118       0x1c zephyr/libzephyr.a(log_mgmt.c.obj)
                0x0000000008002118                log_source_name_get
 .text.z_impl_z_log_msg_static_create
                0x0000000008002134      0x108 zephyr/libzephyr.a(log_msg.c.obj)
                0x0000000008002134                z_impl_z_log_msg_static_create
 .text.z_log_msg_runtime_vcreate
                0x000000000800223c       0xa0 zephyr/libzephyr.a(log_msg.c.obj)
                0x000000000800223c                z_log_msg_runtime_vcreate
 .text.log_msg_get_source_id
                0x00000000080022dc       0x18 zephyr/libzephyr.a(log_msg.c.obj)
                0x00000000080022dc                log_msg_get_source_id
 .text.print_formatted
                0x00000000080022f4       0x24 zephyr/libzephyr.a(log_output.c.obj)
 .text.newline_print
                0x0000000008002318       0x1c zephyr/libzephyr.a(log_output.c.obj)
 .text.log_output_process
                0x0000000008002334      0x2dc zephyr/libzephyr.a(log_output.c.obj)
                0x0000000008002334                log_output_process
 .text.log_output_dropped_process
                0x0000000008002610       0x58 zephyr/libzephyr.a(log_output.c.obj)
                0x0000000008002610                log_output_dropped_process
 .text.log_output_timestamp_freq_set
                0x0000000008002668       0x2c zephyr/libzephyr.a(log_output.c.obj)
                0x0000000008002668                log_output_timestamp_freq_set
 .text.char_out
                0x0000000008002694       0x24 zephyr/libzephyr.a(log_backend_uart.c.obj)
 .text.z_arm_fatal_error
                0x00000000080026b8       0xb4 zephyr/arch/arch/arm/core/libarch__arm__core.a(fatal.c.obj)
                0x00000000080026b8                z_arm_fatal_error
 .text.z_arm_nmi
                0x000000000800276c       0x14 zephyr/arch/arch/arm/core/libarch__arm__core.a(nmi.c.obj)
                0x000000000800276c                z_arm_nmi
 .text.z_SysNmiOnReset
                0x0000000008002780        0x8 zephyr/arch/arch/arm/core/libarch__arm__core.a(nmi_on_reset.S.obj)
                0x0000000008002780                z_SysNmiOnReset
 .text.arch_tls_stack_setup
                0x0000000008002788       0x40 zephyr/arch/arch/arm/core/libarch__arm__core.a(tls.c.obj)
                0x0000000008002788                arch_tls_stack_setup
 .text._HandlerModeExit
                0x00000000080027c8       0x20 zephyr/arch/arch/arm/core/cortex_m/libarch__arm__core__cortex_m.a(exc_exit.c.obj)
                0x00000000080027c8                z_arm_exc_exit
                0x00000000080027c8                z_arm_int_exit
 .text.mem_manage_fault.constprop.0
                0x00000000080027e8       0xac zephyr/arch/arch/arm/core/cortex_m/libarch__arm__core__cortex_m.a(fault.c.obj)
 .text.usage_fault.constprop.0
                0x0000000008002894       0xa8 zephyr/arch/arch/arm/core/cortex_m/libarch__arm__core__cortex_m.a(fault.c.obj)
 .text.bus_fault.constprop.0
                0x000000000800293c       0xb8 zephyr/arch/arch/arm/core/cortex_m/libarch__arm__core__cortex_m.a(fault.c.obj)
 .text.z_arm_fault
                0x00000000080029f4      0x1d0 zephyr/arch/arch/arm/core/cortex_m/libarch__arm__core__cortex_m.a(fault.c.obj)
                0x00000000080029f4                z_arm_fault
 .text.z_arm_fault_init
                0x0000000008002bc4       0x10 zephyr/arch/arch/arm/core/cortex_m/libarch__arm__core__cortex_m.a(fault.c.obj)
                0x0000000008002bc4                z_arm_fault_init
 .text.__fault  0x0000000008002bd4       0x14 zephyr/arch/arch/arm/core/cortex_m/libarch__arm__core__cortex_m.a(fault_s.S.obj)
                0x0000000008002bd4                z_arm_bus_fault
                0x0000000008002bd4                z_arm_usage_fault
                0x0000000008002bd4                z_arm_mpu_fault
                0x0000000008002bd4                z_arm_exc_spurious
                0x0000000008002bd4                z_arm_debug_monitor
                0x0000000008002bd4                z_arm_hard_fault
 .text._reset_section
                0x0000000008002be8       0x2c zephyr/arch/arch/arm/core/cortex_m/libarch__arm__core__cortex_m.a(reset.S.obj)
                0x0000000008002be8                z_arm_reset
                0x0000000008002be8                __start
 .text.z_impl_k_thread_abort
                0x0000000008002c14       0x2c zephyr/arch/arch/arm/core/cortex_m/libarch__arm__core__cortex_m.a(thread_abort.c.obj)
                0x0000000008002c14                z_impl_k_thread_abort
 .text.arch_swap
                0x0000000008002c40       0x30 zephyr/arch/arch/arm/core/cortex_m/libarch__arm__core__cortex_m.a(swap.c.obj)
                0x0000000008002c40                arch_swap
 .text.z_arm_pendsv
                0x0000000008002c70       0x58 zephyr/arch/arch/arm/core/cortex_m/libarch__arm__core__cortex_m.a(swap_helper.S.obj)
                0x0000000008002c70                z_arm_pendsv
 .text.z_arm_svc
                0x0000000008002cc8       0x20 zephyr/arch/arch/arm/core/cortex_m/libarch__arm__core__cortex_m.a(swap_helper.S.obj)
                0x0000000008002cc8                z_arm_svc
 .text.arch_irq_enable
                0x0000000008002ce8       0x1c zephyr/arch/arch/arm/core/cortex_m/libarch__arm__core__cortex_m.a(irq_manage.c.obj)
                0x0000000008002ce8                arch_irq_enable
 .text.z_arm_irq_priority_set
                0x0000000008002d04       0x2c zephyr/arch/arch/arm/core/cortex_m/libarch__arm__core__cortex_m.a(irq_manage.c.obj)
                0x0000000008002d04                z_arm_irq_priority_set
 .text.z_prep_c
                0x0000000008002d30       0x30 zephyr/arch/arch/arm/core/cortex_m/libarch__arm__core__cortex_m.a(prep_c.c.obj)
                0x0000000008002d30                z_prep_c
 .text.arch_new_thread
                0x0000000008002d60       0x38 zephyr/arch/arch/arm/core/cortex_m/libarch__arm__core__cortex_m.a(thread.c.obj)
                0x0000000008002d60                arch_new_thread
 .text.arch_switch_to_main_thread
                0x0000000008002d98       0x40 zephyr/arch/arch/arm/core/cortex_m/libarch__arm__core__cortex_m.a(thread.c.obj)
                0x0000000008002d98                arch_switch_to_main_thread
 .text.z_arm_cpu_idle_init
                0x0000000008002dd8        0xc zephyr/arch/arch/arm/core/cortex_m/libarch__arm__core__cortex_m.a(cpu_idle.c.obj)
                0x0000000008002dd8                z_arm_cpu_idle_init
 .text.z_arm_interrupt_init
                0x0000000008002de4       0x18 zephyr/arch/arch/arm/core/cortex_m/libarch__arm__core__cortex_m.a(irq_init.c.obj)
                0x0000000008002de4                z_arm_interrupt_init
 .text._isr_wrapper
                0x0000000008002dfc       0x24 zephyr/arch/arch/arm/core/cortex_m/libarch__arm__core__cortex_m.a(isr_wrapper.c.obj)
                0x0000000008002dfc                _isr_wrapper
 .text.z_impl_zephyr_fputc
                0x0000000008002e20       0x10 zephyr/lib/libc/picolibc/liblib__libc__picolibc.a(libc-hooks.c.obj)
                0x0000000008002e20                z_impl_zephyr_fputc
 .text.__stdout_hook_install
                0x0000000008002e30       0x18 zephyr/lib/libc/picolibc/liblib__libc__picolibc.a(libc-hooks.c.obj)
                0x0000000008002e30                __stdout_hook_install
 .text.cbvprintf
                0x0000000008002e48       0x38 zephyr/lib/libc/picolibc/liblib__libc__picolibc.a(libc-hooks.c.obj)
                0x0000000008002e48                cbvprintf
 .text.malloc_prepare
                0x0000000008002e80       0x24 zephyr/lib/libc/common/liblib__libc__common.a(malloc.c.obj)
 .text.stm32_exti_isr
                0x0000000008002ea4       0x4c zephyr/drivers/interrupt_controller/libdrivers__interrupt_controller.a(intc_exti_stm32.c.obj)
 .text.stm32_fill_irq_table
                0x0000000008002ef0       0x18 zephyr/drivers/interrupt_controller/libdrivers__interrupt_controller.a(intc_exti_stm32.c.obj)
 .text.stm32_exti_enable
                0x0000000008002f08       0x24 zephyr/drivers/interrupt_controller/libdrivers__interrupt_controller.a(intc_exti_stm32.c.obj)
                0x0000000008002f08                stm32_exti_enable
 .text.stm32_exti_disable
                0x0000000008002f2c       0x18 zephyr/drivers/interrupt_controller/libdrivers__interrupt_controller.a(intc_exti_stm32.c.obj)
                0x0000000008002f2c                stm32_exti_disable
 .text.stm32_exti_trigger
                0x0000000008002f44       0x60 zephyr/drivers/interrupt_controller/libdrivers__interrupt_controller.a(intc_exti_stm32.c.obj)
                0x0000000008002f44                stm32_exti_trigger
 .text.stm32_exti_set_callback
                0x0000000008002fa4       0x30 zephyr/drivers/interrupt_controller/libdrivers__interrupt_controller.a(intc_exti_stm32.c.obj)
                0x0000000008002fa4                stm32_exti_set_callback
 .text.stm32_exti_unset_callback
                0x0000000008002fd4       0x14 zephyr/drivers/interrupt_controller/libdrivers__interrupt_controller.a(intc_exti_stm32.c.obj)
                0x0000000008002fd4                stm32_exti_unset_callback
 .text.stm32_clock_control_get_subsys_rate
                0x0000000008002fe8       0x4c zephyr/drivers/clock_control/libdrivers__clock_control.a(clock_stm32_ll_common.c.obj)
 .text.stm32_clock_control_init
                0x0000000008003034      0x104 zephyr/drivers/clock_control/libdrivers__clock_control.a(clock_stm32_ll_common.c.obj)
                0x0000000008003034                stm32_clock_control_init
 .text.config_pll_sysclock
                0x0000000008003138       0x1c zephyr/drivers/clock_control/libdrivers__clock_control.a(clock_stm32f1.c.obj)
                0x0000000008003138                config_pll_sysclock
 .text.uart_console_init
                0x0000000008003154       0x28 zephyr/drivers/console/libdrivers__console.a(uart_console.c.obj)
 .text.console_out
                0x000000000800317c       0x28 zephyr/drivers/console/libdrivers__console.a(uart_console.c.obj)
 .text.gpio_stm32_init
                0x00000000080031a4       0x30 zephyr/drivers/gpio/libdrivers__gpio.a(gpio_stm32.c.obj)
 .text.gpio_stm32_pin_interrupt_configure
                0x00000000080031d4       0xe4 zephyr/drivers/gpio/libdrivers__gpio.a(gpio_stm32.c.obj)
 .text.stm32_i2c_configure_timing
                0x00000000080032b8       0xa8 zephyr/drivers/i2c/libdrivers__i2c.a(i2c_ll_stm32_v1.c.obj)
                0x00000000080032b8                stm32_i2c_configure_timing
 .text.i2c_stm32_get_config.part.0
                0x0000000008003360       0x1c zephyr/drivers/i2c/libdrivers__i2c.a(i2c_ll_stm32.c.obj)
 .text.i2c_stm32_set_smbus_mode
                0x000000000800337c       0x54 zephyr/drivers/i2c/libdrivers__i2c.a(i2c_ll_stm32.c.obj)
                0x000000000800337c                i2c_stm32_set_smbus_mode
 .text.i2c_stm32_runtime_configure
                0x00000000080033d0       0x88 zephyr/drivers/i2c/libdrivers__i2c.a(i2c_ll_stm32.c.obj)
                0x00000000080033d0                i2c_stm32_runtime_configure
 .text.i2c_stm32_init
                0x0000000008003458      0x148 zephyr/drivers/i2c/libdrivers__i2c.a(i2c_ll_stm32.c.obj)
 .text.pinctrl_configure_pins
                0x00000000080035a0       0xf0 zephyr/drivers/pinctrl/libdrivers__pinctrl.a(pinctrl_stm32.c.obj)
                0x00000000080035a0                pinctrl_configure_pins
 .text.uart_stm32_set_baudrate.part.0
                0x0000000008003690       0x14 zephyr/drivers/serial/libdrivers__serial.a(uart_stm32.c.obj)
 .text.uart_stm32_parameters_set
                0x00000000080036a4       0xf8 zephyr/drivers/serial/libdrivers__serial.a(uart_stm32.c.obj)
 .text.uart_stm32_init
                0x000000000800379c       0xd8 zephyr/drivers/serial/libdrivers__serial.a(uart_stm32.c.obj)
 .text.uart_stm32_configure
                0x0000000008003874      0x13c zephyr/drivers/serial/libdrivers__serial.a(uart_stm32.c.obj)
 .text.elapsed  0x00000000080039b0       0x4c zephyr/drivers/timer/libdrivers__timer.a(cortex_m_systick.c.obj)
 .text.sys_clock_driver_init
                0x00000000080039fc       0x38 zephyr/drivers/timer/libdrivers__timer.a(cortex_m_systick.c.obj)
 .text.sys_clock_isr
                0x0000000008003a34       0x54 zephyr/drivers/timer/libdrivers__timer.a(cortex_m_systick.c.obj)
                0x0000000008003a34                sys_clock_isr
 .text.sys_clock_set_timeout
                0x0000000008003a88       0xfc zephyr/drivers/timer/libdrivers__timer.a(cortex_m_systick.c.obj)
                0x0000000008003a88                sys_clock_set_timeout
 .text.sys_clock_elapsed
                0x0000000008003b84       0x3c zephyr/drivers/timer/libdrivers__timer.a(cortex_m_systick.c.obj)
                0x0000000008003b84                sys_clock_elapsed
 .text.HAL_RCC_GetSysClockFreq
                0x0000000008003bc0       0x4c modules/stm32/stm32cube/lib..__modules__hal__stm32__stm32cube.a(stm32f1xx_hal_rcc.c.obj)
                0x0000000008003bc0                HAL_RCC_GetSysClockFreq
 .text.LL_SetFlashLatency
                0x0000000008003c0c       0x4c modules/stm32/stm32cube/lib..__modules__hal__stm32__stm32cube.a(stm32f1xx_ll_utils.c.obj)
                0x0000000008003c0c                LL_SetFlashLatency
 .text.k_sys_fatal_error_handler
                0x0000000008003c58       0x20 zephyr/kernel/libkernel.a(fatal.c.obj)
                0x0000000008003c58                k_sys_fatal_error_handler
 .text.z_fatal_error
                0x0000000008003c78       0xe8 zephyr/kernel/libkernel.a(fatal.c.obj)
                0x0000000008003c78                z_fatal_error
 .text.z_sys_init_run_level
                0x0000000008003d60       0x2c zephyr/kernel/libkernel.a(init.c.obj)
 .text.bg_thread_main
                0x0000000008003d8c       0xc4 zephyr/kernel/libkernel.a(init.c.obj)
 .text.z_bss_zero
                0x0000000008003e50       0x18 zephyr/kernel/libkernel.a(init.c.obj)
                0x0000000008003e50                z_bss_zero
 .text.z_init_cpu
                0x0000000008003e68       0x68 zephyr/kernel/libkernel.a(init.c.obj)
                0x0000000008003e68                z_init_cpu
 .text.z_cstart
                0x0000000008003ed0       0xd0 zephyr/kernel/libkernel.a(init.c.obj)
                0x0000000008003ed0                z_cstart
 .text.z_impl_k_mutex_lock
                0x0000000008003fa0       0xf0 zephyr/kernel/libkernel.a(mutex.c.obj)
                0x0000000008003fa0                z_impl_k_mutex_lock
 .text.z_impl_k_mutex_unlock
                0x0000000008004090       0x78 zephyr/kernel/libkernel.a(mutex.c.obj)
                0x0000000008004090                z_impl_k_mutex_unlock
 .text.z_impl_k_sem_give
                0x0000000008004108       0x48 zephyr/kernel/libkernel.a(sem.c.obj)
                0x0000000008004108                z_impl_k_sem_give
 .text.z_impl_k_sem_take
                0x0000000008004150       0x4c zephyr/kernel/libkernel.a(sem.c.obj)
                0x0000000008004150                z_impl_k_sem_take
 .text.z_impl_k_sem_reset
                0x000000000800419c       0x38 zephyr/kernel/libkernel.a(sem.c.obj)
                0x000000000800419c                z_impl_k_sem_reset
 .text.z_setup_new_thread
                0x00000000080041d4       0x70 zephyr/kernel/libkernel.a(thread.c.obj)
                0x00000000080041d4                z_setup_new_thread
 .text.z_impl_k_thread_create
                0x0000000008004244       0x58 zephyr/kernel/libkernel.a(thread.c.obj)
                0x0000000008004244                z_impl_k_thread_create
 .text.update_cache
                0x000000000800429c       0x3c zephyr/kernel/libkernel.a(sched.c.obj)
 .text.unready_thread
                0x00000000080042d8       0x30 zephyr/kernel/libkernel.a(sched.c.obj)
 .text.ready_thread
                0x0000000008004308       0x68 zephyr/kernel/libkernel.a(sched.c.obj)
 .text.z_thread_halt
                0x0000000008004370       0xd8 zephyr/kernel/libkernel.a(sched.c.obj)
 .text.move_thread_to_end_of_prio_q
                0x0000000008004448       0x74 zephyr/kernel/libkernel.a(sched.c.obj)
                0x0000000008004448                move_thread_to_end_of_prio_q
 .text.z_pend_curr
                0x00000000080044bc       0x58 zephyr/kernel/libkernel.a(sched.c.obj)
                0x00000000080044bc                z_pend_curr
 .text.z_thread_prio_set
                0x0000000008004514       0xcc zephyr/kernel/libkernel.a(sched.c.obj)
                0x0000000008004514                z_thread_prio_set
 .text.z_reschedule
                0x00000000080045e0       0x24 zephyr/kernel/libkernel.a(sched.c.obj)
                0x00000000080045e0                z_reschedule
 .text.z_sched_start
                0x0000000008004604       0x3c zephyr/kernel/libkernel.a(sched.c.obj)
                0x0000000008004604                z_sched_start
 .text.z_reschedule_irqlock
                0x0000000008004640       0x28 zephyr/kernel/libkernel.a(sched.c.obj)
                0x0000000008004640                z_reschedule_irqlock
 .text.k_sched_lock
                0x0000000008004668       0x28 zephyr/kernel/libkernel.a(sched.c.obj)
                0x0000000008004668                k_sched_lock
 .text.k_sched_unlock
                0x0000000008004690       0x40 zephyr/kernel/libkernel.a(sched.c.obj)
                0x0000000008004690                k_sched_unlock
 .text.z_sched_init
                0x00000000080046d0       0x10 zephyr/kernel/libkernel.a(sched.c.obj)
                0x00000000080046d0                z_sched_init
 .text.z_impl_k_yield
                0x00000000080046e0       0x7c zephyr/kernel/libkernel.a(sched.c.obj)
                0x00000000080046e0                z_impl_k_yield
 .text.z_tick_sleep
                0x000000000800475c       0x88 zephyr/kernel/libkernel.a(sched.c.obj)
 .text.z_impl_k_sleep
                0x00000000080047e4       0x3c zephyr/kernel/libkernel.a(sched.c.obj)
                0x00000000080047e4                z_impl_k_sleep
 .text.z_impl_k_sched_current_thread_query
                0x0000000008004820        0xc zephyr/kernel/libkernel.a(sched.c.obj)
                0x0000000008004820                z_impl_k_sched_current_thread_query
 .text.slice_timeout
                0x000000000800482c       0x20 zephyr/kernel/libkernel.a(timeslicing.c.obj)
 .text.thread_is_sliceable
                0x000000000800484c       0x3c zephyr/kernel/libkernel.a(timeslicing.c.obj)
                0x000000000800484c                thread_is_sliceable
 .text.z_reset_time_slice
                0x0000000008004888       0x50 zephyr/kernel/libkernel.a(timeslicing.c.obj)
                0x0000000008004888                z_reset_time_slice
 .text.z_time_slice
                0x00000000080048d8       0x60 zephyr/kernel/libkernel.a(timeslicing.c.obj)
                0x00000000080048d8                z_time_slice
 .text.z_data_copy
                0x0000000008004938       0x38 zephyr/kernel/libkernel.a(xip.c.obj)
                0x0000000008004938                z_data_copy
 .text.elapsed  0x0000000008004970       0x14 zephyr/kernel/libkernel.a(timeout.c.obj)
 .text.remove_timeout
                0x0000000008004984       0x38 zephyr/kernel/libkernel.a(timeout.c.obj)
 .text.next_timeout
                0x00000000080049bc       0x40 zephyr/kernel/libkernel.a(timeout.c.obj)
 .text.z_add_timeout
                0x00000000080049fc       0xf4 zephyr/kernel/libkernel.a(timeout.c.obj)
                0x00000000080049fc                z_add_timeout
 .text.sys_clock_announce
                0x0000000008004af0       0xd0 zephyr/kernel/libkernel.a(timeout.c.obj)
                0x0000000008004af0                sys_clock_announce
 .text.sys_clock_tick_get
                0x0000000008004bc0       0x30 zephyr/kernel/libkernel.a(timeout.c.obj)
                0x0000000008004bc0                sys_clock_tick_get
 .text.z_timer_expiration_handler
                0x0000000008004bf0       0xe0 zephyr/kernel/libkernel.a(timer.c.obj)
                0x0000000008004bf0                z_timer_expiration_handler
 .text.z_impl_k_timer_start
                0x0000000008004cd0       0x74 zephyr/kernel/libkernel.a(timer.c.obj)
                0x0000000008004cd0                z_impl_k_timer_start
 .text.boot_banner
                0x0000000008004d44        0xc zephyr/kernel/libkernel.a(banner.c.obj)
                0x0000000008004d44                boot_banner
 .text.snprintf
                0x0000000008004d50       0x58 /home/romain/zephyr-sdk-0.16.1/arm-zephyr-eabi/bin/../lib/gcc/../../picolibc/arm-zephyr-eabi/lib/thumb/v7-m/nofp/libc.a(libc_tinystdio_snprintf.c.o)
                0x0000000008004d50                snprintf
 .text.skip_to_arg
                0x0000000008004da8      0x134 /home/romain/zephyr-sdk-0.16.1/arm-zephyr-eabi/bin/../lib/gcc/../../picolibc/arm-zephyr-eabi/lib/thumb/v7-m/nofp/libc.a(libc_tinystdio_vfprintf.c.o)
 .text.vfprintf
                0x0000000008004edc      0xba8 /home/romain/zephyr-sdk-0.16.1/arm-zephyr-eabi/bin/../lib/gcc/../../picolibc/arm-zephyr-eabi/lib/thumb/v7-m/nofp/libc.a(libc_tinystdio_vfprintf.c.o)
                0x0000000008004edc                __d_vfprintf
 .text.div10    0x0000000008005a84       0x28 /home/romain/zephyr-sdk-0.16.1/arm-zephyr-eabi/bin/../lib/gcc/../../picolibc/arm-zephyr-eabi/lib/thumb/v7-m/nofp/libc.a(libc_tinystdio_dtoa_ryu.c.o)
 .text.__dtoa_engine
                0x0000000008005aac      0x4a4 /home/romain/zephyr-sdk-0.16.1/arm-zephyr-eabi/bin/../lib/gcc/../../picolibc/arm-zephyr-eabi/lib/thumb/v7-m/nofp/libc.a(libc_tinystdio_dtoa_ryu.c.o)
                0x0000000008005aac                __dtoa_engine
 .text.__pow5Factor
                0x0000000008005f50       0x30 /home/romain/zephyr-sdk-0.16.1/arm-zephyr-eabi/bin/../lib/gcc/../../picolibc/arm-zephyr-eabi/lib/thumb/v7-m/nofp/libc.a(libc_tinystdio_ryu_table.c.o)
                0x0000000008005f50                __pow5Factor
 .text.__double_computePow5
                0x0000000008005f80       0xe8 /home/romain/zephyr-sdk-0.16.1/arm-zephyr-eabi/bin/../lib/gcc/../../picolibc/arm-zephyr-eabi/lib/thumb/v7-m/nofp/libc.a(libc_tinystdio_ryu_table.c.o)
                0x0000000008005f80                __double_computePow5
 .text.__double_computeInvPow5
                0x0000000008006068       0xf8 /home/romain/zephyr-sdk-0.16.1/arm-zephyr-eabi/bin/../lib/gcc/../../picolibc/arm-zephyr-eabi/lib/thumb/v7-m/nofp/libc.a(libc_tinystdio_ryu_table.c.o)
                0x0000000008006068                __double_computeInvPow5
 .text.__log10Pow2
                0x0000000008006160        0xc /home/romain/zephyr-sdk-0.16.1/arm-zephyr-eabi/bin/../lib/gcc/../../picolibc/arm-zephyr-eabi/lib/thumb/v7-m/nofp/libc.a(libc_tinystdio_ryu_log10.c.o)
                0x0000000008006160                __log10Pow2
 .text.__log10Pow5
                0x000000000800616c        0xc /home/romain/zephyr-sdk-0.16.1/arm-zephyr-eabi/bin/../lib/gcc/../../picolibc/arm-zephyr-eabi/lib/thumb/v7-m/nofp/libc.a(libc_tinystdio_ryu_log10.c.o)
                0x000000000800616c                __log10Pow5
 .text.__pow5bits
                0x0000000008006178       0x10 /home/romain/zephyr-sdk-0.16.1/arm-zephyr-eabi/bin/../lib/gcc/../../picolibc/arm-zephyr-eabi/lib/thumb/v7-m/nofp/libc.a(libc_tinystdio_ryu_pow5bits.c.o)
                0x0000000008006178                __pow5bits
 .text.atan2f   0x0000000008006188      0x14c /home/romain/zephyr-sdk-0.16.1/arm-zephyr-eabi/bin/../lib/gcc/../../picolibc/arm-zephyr-eabi/lib/thumb/v7-m/nofp/libc.a(libm_math_sf_atan2.c.o)
                0x0000000008006188                atan2f
 .text.fmodf    0x00000000080062d4      0x128 /home/romain/zephyr-sdk-0.16.1/arm-zephyr-eabi/bin/../lib/gcc/../../picolibc/arm-zephyr-eabi/lib/thumb/v7-m/nofp/libc.a(libm_math_sf_fmod.c.o)
                0x00000000080062d4                fmodf
 .text.__fpclassifyf
                0x00000000080063fc       0x34 /home/romain/zephyr-sdk-0.16.1/arm-zephyr-eabi/bin/../lib/gcc/../../picolibc/arm-zephyr-eabi/lib/thumb/v7-m/nofp/libc.a(libm_common_sf_fpclassify.c.o)
                0x00000000080063fc                __fpclassifyf
 .text.__math_invalidf
                0x0000000008006430       0x10 /home/romain/zephyr-sdk-0.16.1/arm-zephyr-eabi/bin/../lib/gcc/../../picolibc/arm-zephyr-eabi/lib/thumb/v7-m/nofp/libc.a(libm_common_math_errf_invalidf.c.o)
                0x0000000008006430                __math_invalidf
 .text.atanf    0x0000000008006440      0x220 /home/romain/zephyr-sdk-0.16.1/arm-zephyr-eabi/bin/../lib/gcc/../../picolibc/arm-zephyr-eabi/lib/thumb/v7-m/nofp/libc.a(libm_math_sf_atan.c.o)
                0x0000000008006440                atanf
 .text._OffsetAbsSyms
                0x0000000008006660        0x2 zephyr/CMakeFiles/offsets.dir/./arch/arm/core/offsets/offsets.c.obj
                0x0000000008006660                _OffsetAbsSyms
 .text.k_msleep.isra.0
                0x0000000008006662        0xa app/libapp.a(main.c.obj)
 .text.i2c_write.constprop.0.isra.0
                0x000000000800666c       0x1c app/libapp.a(moteur.c.obj)
 .text.k_msleep.isra.0
                0x0000000008006688        0xa app/libapp.a(boussole.c.obj)
 .text.i2c_reg_write_byte
                0x0000000008006692       0x26 app/libapp.a(boussole.c.obj)
 .text.pid_init
                0x00000000080066b8        0xe app/libapp.a(pid.c.obj)
                0x00000000080066b8                pid_init
 .text.chunk_size
                0x00000000080066c6        0xa zephyr/libzephyr.a(heap.c.obj)
 .text.free_list_add
                0x00000000080066d0       0x4e zephyr/libzephyr.a(heap.c.obj)
 .text.sys_heap_init
                0x000000000800671e       0x7a zephyr/libzephyr.a(heap.c.obj)
                0x000000000800671e                sys_heap_init
 .text.cbpprintf_external
                0x0000000008006798       0x62 zephyr/libzephyr.a(cbprintf_packaged.c.obj)
                0x0000000008006798                cbpprintf_external
 .text.is_ptr   0x00000000080067fa       0x4a zephyr/libzephyr.a(cbprintf_packaged.c.obj)
                0x00000000080067fa                is_ptr
 .text.arch_printk_char_out
                0x0000000008006844        0x4 zephyr/libzephyr.a(printk.c.obj)
                0x0000000008006844                arch_printk_char_out
 .text.printk   0x0000000008006848       0x1a zephyr/libzephyr.a(printk.c.obj)
                0x0000000008006848                printk
 .text.free_space
                0x0000000008006862       0x26 zephyr/libzephyr.a(mpsc_pbuf.c.obj)
 .text.get_usage
                0x0000000008006888       0x22 zephyr/libzephyr.a(mpsc_pbuf.c.obj)
 .text.idx_inc  0x00000000080068aa       0x1c zephyr/libzephyr.a(mpsc_pbuf.c.obj)
 .text.rd_idx_inc
                0x00000000080068c6       0x18 zephyr/libzephyr.a(mpsc_pbuf.c.obj)
 .text.add_skip_item
                0x00000000080068de       0x3e zephyr/libzephyr.a(mpsc_pbuf.c.obj)
 .text.drop_item_locked
                0x000000000800691c       0xee zephyr/libzephyr.a(mpsc_pbuf.c.obj)
 .text.post_drop_action
                0x0000000008006a0a       0x36 zephyr/libzephyr.a(mpsc_pbuf.c.obj)
 .text.max_utilization_update
                0x0000000008006a40       0x1a zephyr/libzephyr.a(mpsc_pbuf.c.obj)
 .text.mpsc_pbuf_init
                0x0000000008006a5a       0x42 zephyr/libzephyr.a(mpsc_pbuf.c.obj)
                0x0000000008006a5a                mpsc_pbuf_init
 .text.mpsc_pbuf_alloc
                0x0000000008006a9c       0xfe zephyr/libzephyr.a(mpsc_pbuf.c.obj)
                0x0000000008006a9c                mpsc_pbuf_alloc
 .text.mpsc_pbuf_commit
                0x0000000008006b9a       0x3e zephyr/libzephyr.a(mpsc_pbuf.c.obj)
                0x0000000008006b9a                mpsc_pbuf_commit
 .text.mpsc_pbuf_claim
                0x0000000008006bd8       0xa8 zephyr/libzephyr.a(mpsc_pbuf.c.obj)
                0x0000000008006bd8                mpsc_pbuf_claim
 .text.mpsc_pbuf_free
                0x0000000008006c80       0x76 zephyr/libzephyr.a(mpsc_pbuf.c.obj)
                0x0000000008006c80                mpsc_pbuf_free
 .text.mpsc_pbuf_is_pending
                0x0000000008006cf6       0x1a zephyr/libzephyr.a(mpsc_pbuf.c.obj)
                0x0000000008006cf6                mpsc_pbuf_is_pending
 .text._ConfigAbsSyms
                0x0000000008006d10        0x2 zephyr/libzephyr.a(configs.c.obj)
                0x0000000008006d10                _ConfigAbsSyms
 .text.log_msg_generic_get_wlen
                0x0000000008006d12       0x20 zephyr/libzephyr.a(log_core.c.obj)
 .text.dummy_timestamp
                0x0000000008006d32        0x4 zephyr/libzephyr.a(log_core.c.obj)
 .text.atomic_inc
                0x0000000008006d36       0x1a zephyr/libzephyr.a(log_core.c.obj)
 .text.default_lf_get_timestamp
                0x0000000008006d50       0x10 zephyr/libzephyr.a(log_core.c.obj)
 .text.z_log_vprintk
                0x0000000008006d60       0x1c zephyr/libzephyr.a(log_core.c.obj)
                0x0000000008006d60                z_log_vprintk
 .text.z_log_notify_drop
                0x0000000008006d7c        0x6 zephyr/libzephyr.a(log_core.c.obj)
 .text.z_log_get_tag
                0x0000000008006d82        0x4 zephyr/libzephyr.a(log_core.c.obj)
                0x0000000008006d82                z_log_get_tag
 .text.log_backend_enable
                0x0000000008006d86       0x12 zephyr/libzephyr.a(log_mgmt.c.obj)
                0x0000000008006d86                log_backend_enable
 .text.z_cbprintf_cpy
                0x0000000008006d98       0x2c zephyr/libzephyr.a(log_msg.c.obj)
 .text.z_log_msg_finalize
                0x0000000008006dc4       0x32 zephyr/libzephyr.a(log_msg.c.obj)
                0x0000000008006dc4                z_log_msg_finalize
 .text.z_log_msg_simple_create
                0x0000000008006df6       0x6e zephyr/libzephyr.a(log_msg.c.obj)
 .text.z_impl_z_log_msg_simple_create_0
                0x0000000008006e64       0x12 zephyr/libzephyr.a(log_msg.c.obj)
                0x0000000008006e64                z_impl_z_log_msg_simple_create_0
 .text.z_impl_z_log_msg_simple_create_1
                0x0000000008006e76       0x14 zephyr/libzephyr.a(log_msg.c.obj)
                0x0000000008006e76                z_impl_z_log_msg_simple_create_1
 .text.buffer_write
                0x0000000008006e8a       0x1c zephyr/libzephyr.a(log_output.c.obj)
 .text.log_output_flush
                0x0000000008006ea6       0x18 zephyr/libzephyr.a(log_output.c.obj)
                0x0000000008006ea6                log_output_flush
 .text.out_func
                0x0000000008006ebe       0x36 zephyr/libzephyr.a(log_output.c.obj)
 .text.cr_out_func
                0x0000000008006ef4       0x1c zephyr/libzephyr.a(log_output.c.obj)
 .text.log_output_msg_process
                0x0000000008006f10       0x6a zephyr/libzephyr.a(log_output.c.obj)
                0x0000000008006f10                log_output_msg_process
 .text.format_set
                0x0000000008006f7a        0xc zephyr/libzephyr.a(log_backend_uart.c.obj)
 .text.log_backend_uart_init
                0x0000000008006f86        0xc zephyr/libzephyr.a(log_backend_uart.c.obj)
 .text.panic    0x0000000008006f92       0x10 zephyr/libzephyr.a(log_backend_uart.c.obj)
 .text.dropped  0x0000000008006fa2        0xa zephyr/libzephyr.a(log_backend_uart.c.obj)
 .text.process  0x0000000008006fac       0x1e zephyr/libzephyr.a(log_backend_uart.c.obj)
 .text.z_do_kernel_oops
                0x0000000008006fca        0x8 zephyr/arch/arch/arm/core/libarch__arm__core.a(fatal.c.obj)
                0x0000000008006fca                z_do_kernel_oops
 .text.z_log_msg_simple_create_0.constprop.0
                0x0000000008006fd2        0x8 zephyr/arch/arch/arm/core/cortex_m/libarch__arm__core__cortex_m.a(fault.c.obj)
 .text.z_irq_spurious
                0x0000000008006fda        0x8 zephyr/arch/arch/arm/core/cortex_m/libarch__arm__core__cortex_m.a(irq_manage.c.obj)
                0x0000000008006fda                z_irq_spurious
 .text.arch_irq_unlock_outlined
                0x0000000008006fe2        0xe zephyr/arch/arch/arm/core/cortex_m/libarch__arm__core__cortex_m.a(thread.c.obj)
                0x0000000008006fe2                arch_irq_unlock_outlined
 .text.arch_cpu_idle
                0x0000000008006ff0       0x1a zephyr/arch/arch/arm/core/cortex_m/libarch__arm__core__cortex_m.a(cpu_idle.c.obj)
                0x0000000008006ff0                arch_cpu_idle
 .text.cbputc   0x000000000800700a        0xc zephyr/lib/libc/picolibc/liblib__libc__picolibc.a(libc-hooks.c.obj)
 .text.picolibc_put
                0x0000000008007016        0xa zephyr/lib/libc/picolibc/liblib__libc__picolibc.a(libc-hooks.c.obj)
 .text.stm32_exti_init
                0x0000000008007020       0x92 zephyr/drivers/interrupt_controller/libdrivers__interrupt_controller.a(intc_exti_stm32.c.obj)
 .text.stm32_clock_control_on
                0x00000000080070b2       0x38 zephyr/drivers/clock_control/libdrivers__clock_control.a(clock_stm32_ll_common.c.obj)
 .text.stm32_clock_control_off
                0x00000000080070ea       0x24 zephyr/drivers/clock_control/libdrivers__clock_control.a(clock_stm32_ll_common.c.obj)
 .text.stm32_clock_control_configure
                0x000000000800710e       0x5a zephyr/drivers/clock_control/libdrivers__clock_control.a(clock_stm32_ll_common.c.obj)
 .text.stm32_clock_control_get_status
                0x0000000008007168       0x34 zephyr/drivers/clock_control/libdrivers__clock_control.a(clock_stm32_ll_common.c.obj)
 .text.config_regulator_voltage
                0x000000000800719c        0x2 zephyr/drivers/clock_control/libdrivers__clock_control.a(clock_stm32_ll_common.c.obj)
                0x000000000800719c                config_regulator_voltage
 .text.config_enable_default_clocks
                0x000000000800719e        0x2 zephyr/drivers/clock_control/libdrivers__clock_control.a(clock_stm32f1.c.obj)
                0x000000000800719e                config_enable_default_clocks
 .text.gpio_stm32_port_get_raw
                0x00000000080071a0        0xc zephyr/drivers/gpio/libdrivers__gpio.a(gpio_stm32.c.obj)
 .text.gpio_stm32_port_set_masked_raw
                0x00000000080071ac       0x12 zephyr/drivers/gpio/libdrivers__gpio.a(gpio_stm32.c.obj)
 .text.gpio_stm32_port_set_bits_raw
                0x00000000080071be        0xa zephyr/drivers/gpio/libdrivers__gpio.a(gpio_stm32.c.obj)
 .text.gpio_stm32_port_clear_bits_raw
                0x00000000080071c8        0xa zephyr/drivers/gpio/libdrivers__gpio.a(gpio_stm32.c.obj)
 .text.gpio_stm32_port_toggle_bits
                0x00000000080071d2        0xe zephyr/drivers/gpio/libdrivers__gpio.a(gpio_stm32.c.obj)
 .text.gpio_stm32_manage_callback
                0x00000000080071e0       0x52 zephyr/drivers/gpio/libdrivers__gpio.a(gpio_stm32.c.obj)
 .text.LL_GPIO_SetPinMode
                0x0000000008007232       0x2c zephyr/drivers/gpio/libdrivers__gpio.a(gpio_stm32.c.obj)
 .text.LL_GPIO_SetPinSpeed
                0x000000000800725e       0x2c zephyr/drivers/gpio/libdrivers__gpio.a(gpio_stm32.c.obj)
 .text.LL_GPIO_SetPinOutputType
                0x000000000800728a       0x2c zephyr/drivers/gpio/libdrivers__gpio.a(gpio_stm32.c.obj)
 .text.gpio_stm32_isr
                0x00000000080072b6       0x2e zephyr/drivers/gpio/libdrivers__gpio.a(gpio_stm32.c.obj)
 .text.gpio_stm32_configure_raw.constprop.0.isra.0
                0x00000000080072e4       0xaa zephyr/drivers/gpio/libdrivers__gpio.a(gpio_stm32.c.obj)
 .text.gpio_stm32_config
                0x000000000800738e       0x72 zephyr/drivers/gpio/libdrivers__gpio.a(gpio_stm32.c.obj)
 .text.gpio_stm32_configure
                0x0000000008007400       0x2a zephyr/drivers/gpio/libdrivers__gpio.a(gpio_stm32.c.obj)
                0x0000000008007400                gpio_stm32_configure
 .text.LL_I2C_ClearFlag_ADDR
                0x000000000800742a       0x12 zephyr/drivers/i2c/libdrivers__i2c.a(i2c_ll_stm32_v1.c.obj)
 .text.stm32_i2c_disable_transfer_interrupts
                0x000000000800743c       0x36 zephyr/drivers/i2c/libdrivers__i2c.a(i2c_ll_stm32_v1.c.obj)
 .text.stm32_i2c_reset
                0x0000000008007472       0x4c zephyr/drivers/i2c/libdrivers__i2c.a(i2c_ll_stm32_v1.c.obj)
 .text.stm32_i2c_master_finish
                0x00000000080074be       0x1c zephyr/drivers/i2c/libdrivers__i2c.a(i2c_ll_stm32_v1.c.obj)
 .text.handle_txe
                0x00000000080074da       0x4a zephyr/drivers/i2c/libdrivers__i2c.a(i2c_ll_stm32_v1.c.obj)
 .text.msg_end.constprop.0
                0x0000000008007524       0x42 zephyr/drivers/i2c/libdrivers__i2c.a(i2c_ll_stm32_v1.c.obj)
 .text.stm32_i2c_enable_transfer_interrupts.isra.0
                0x0000000008007566       0x1c zephyr/drivers/i2c/libdrivers__i2c.a(i2c_ll_stm32_v1.c.obj)
 .text.msg_init.constprop.0
                0x0000000008007582       0x72 zephyr/drivers/i2c/libdrivers__i2c.a(i2c_ll_stm32_v1.c.obj)
 .text.handle_rxne
                0x00000000080075f4       0x9c zephyr/drivers/i2c/libdrivers__i2c.a(i2c_ll_stm32_v1.c.obj)
 .text.stm32_i2c_event_isr
                0x0000000008007690      0x198 zephyr/drivers/i2c/libdrivers__i2c.a(i2c_ll_stm32_v1.c.obj)
                0x0000000008007690                stm32_i2c_event_isr
 .text.stm32_i2c_error_isr
                0x0000000008007828       0x50 zephyr/drivers/i2c/libdrivers__i2c.a(i2c_ll_stm32_v1.c.obj)
                0x0000000008007828                stm32_i2c_error_isr
 .text.stm32_i2c_transaction
                0x0000000008007878       0x74 zephyr/drivers/i2c/libdrivers__i2c.a(i2c_ll_stm32_v1.c.obj)
                0x0000000008007878                stm32_i2c_transaction
 .text.i2c_stm32_irq_config_func_0
                0x00000000080078ec       0x26 zephyr/drivers/i2c/libdrivers__i2c.a(i2c_ll_stm32.c.obj)
 .text.i2c_stm32_transfer
                0x0000000008007912       0x94 zephyr/drivers/i2c/libdrivers__i2c.a(i2c_ll_stm32.c.obj)
 .text.i2c_stm32_get_config
                0x00000000080079a6       0x14 zephyr/drivers/i2c/libdrivers__i2c.a(i2c_ll_stm32.c.obj)
                0x00000000080079a6                i2c_stm32_get_config
 .text.pinctrl_lookup_state
                0x00000000080079ba       0x26 zephyr/drivers/pinctrl/libdrivers__pinctrl.a(common.c.obj)
                0x00000000080079ba                pinctrl_lookup_state
 .text.reset_stm32_status
                0x00000000080079e0       0x20 zephyr/drivers/reset/libdrivers__reset.a(reset_stm32.c.obj)
 .text.reset_stm32_line_assert
                0x0000000008007a00       0x1c zephyr/drivers/reset/libdrivers__reset.a(reset_stm32.c.obj)
 .text.reset_stm32_line_deassert
                0x0000000008007a1c       0x1e zephyr/drivers/reset/libdrivers__reset.a(reset_stm32.c.obj)
 .text.reset_stm32_line_toggle
                0x0000000008007a3a       0x16 zephyr/drivers/reset/libdrivers__reset.a(reset_stm32.c.obj)
 .text.LL_USART_ClearFlag_PE
                0x0000000008007a50       0x12 zephyr/drivers/serial/libdrivers__serial.a(uart_stm32.c.obj)
 .text.uart_stm32_err_check
                0x0000000008007a62       0x5e zephyr/drivers/serial/libdrivers__serial.a(uart_stm32.c.obj)
 .text.uart_stm32_poll_out
                0x0000000008007ac0       0x36 zephyr/drivers/serial/libdrivers__serial.a(uart_stm32.c.obj)
 .text.uart_stm32_poll_in
                0x0000000008007af6       0x22 zephyr/drivers/serial/libdrivers__serial.a(uart_stm32.c.obj)
 .text.uart_stm32_config_get
                0x0000000008007b18       0x8e zephyr/drivers/serial/libdrivers__serial.a(uart_stm32.c.obj)
 .text.uart_stm32_set_baudrate
                0x0000000008007ba6       0x4c zephyr/drivers/serial/libdrivers__serial.a(uart_stm32.c.obj)
 .text.z_device_state_init
                0x0000000008007bf2        0x2 zephyr/kernel/libkernel.a(device.c.obj)
                0x0000000008007bf2                z_device_state_init
 .text.z_impl_device_is_ready
                0x0000000008007bf4       0x16 zephyr/kernel/libkernel.a(device.c.obj)
                0x0000000008007bf4                z_impl_device_is_ready
 .text.arch_system_halt
                0x0000000008007c0a       0x10 zephyr/kernel/libkernel.a(fatal.c.obj)
                0x0000000008007c0a                arch_system_halt
 .text.do_device_init
                0x0000000008007c1a       0x30 zephyr/kernel/libkernel.a(init.c.obj)
 .text.z_early_memset
                0x0000000008007c4a        0x4 zephyr/kernel/libkernel.a(init.c.obj)
                0x0000000008007c4a                z_early_memset
 .text.z_early_memcpy
                0x0000000008007c4e        0x4 zephyr/kernel/libkernel.a(init.c.obj)
                0x0000000008007c4e                z_early_memcpy
 .text.z_init_static
                0x0000000008007c52        0x2 zephyr/kernel/libkernel.a(init_static.c.obj)
                0x0000000008007c52                z_init_static
 .text.idle     0x0000000008007c54       0x16 zephyr/kernel/libkernel.a(idle.c.obj)
                0x0000000008007c54                idle
 .text.adjust_owner_prio.isra.0
                0x0000000008007c6a       0x10 zephyr/kernel/libkernel.a(mutex.c.obj)
 .text.z_impl_k_sem_init
                0x0000000008007c7a       0x18 zephyr/kernel/libkernel.a(sem.c.obj)
                0x0000000008007c7a                z_impl_k_sem_init
 .text.k_is_in_isr
                0x0000000008007c92        0xc zephyr/kernel/libkernel.a(thread.c.obj)
                0x0000000008007c92                k_is_in_isr
 .text.z_impl_k_thread_name_set
                0x0000000008007c9e        0x6 zephyr/kernel/libkernel.a(thread.c.obj)
                0x0000000008007c9e                z_impl_k_thread_name_set
 .text.k_thread_name_get
                0x0000000008007ca4        0x4 zephyr/kernel/libkernel.a(thread.c.obj)
                0x0000000008007ca4                k_thread_name_get
 .text.z_impl_k_thread_start
                0x0000000008007ca8        0x4 zephyr/kernel/libkernel.a(thread.c.obj)
                0x0000000008007ca8                z_impl_k_thread_start
 .text.sys_dlist_remove
                0x0000000008007cac       0x10 zephyr/kernel/libkernel.a(sched.c.obj)
 .text.unpend_thread_no_timeout
                0x0000000008007cbc       0x14 zephyr/kernel/libkernel.a(sched.c.obj)
 .text.add_to_waitq_locked
                0x0000000008007cd0       0x50 zephyr/kernel/libkernel.a(sched.c.obj)
 .text.z_ready_thread
                0x0000000008007d20       0x1e zephyr/kernel/libkernel.a(sched.c.obj)
                0x0000000008007d20                z_ready_thread
 .text.z_impl_k_thread_suspend
                0x0000000008007d3e       0x32 zephyr/kernel/libkernel.a(sched.c.obj)
                0x0000000008007d3e                z_impl_k_thread_suspend
 .text.z_unpend_thread_no_timeout
                0x0000000008007d70       0x22 zephyr/kernel/libkernel.a(sched.c.obj)
                0x0000000008007d70                z_unpend_thread_no_timeout
 .text.z_sched_wake_thread
                0x0000000008007d92       0x42 zephyr/kernel/libkernel.a(sched.c.obj)
                0x0000000008007d92                z_sched_wake_thread
 .text.z_thread_timeout
                0x0000000008007dd4        0x8 zephyr/kernel/libkernel.a(sched.c.obj)
                0x0000000008007dd4                z_thread_timeout
 .text.z_unpend1_no_timeout
                0x0000000008007ddc       0x2c zephyr/kernel/libkernel.a(sched.c.obj)
                0x0000000008007ddc                z_unpend1_no_timeout
 .text.z_unpend_first_thread
                0x0000000008007e08       0x36 zephyr/kernel/libkernel.a(sched.c.obj)
                0x0000000008007e08                z_unpend_first_thread
 .text.z_thread_abort
                0x0000000008007e3e       0x44 zephyr/kernel/libkernel.a(sched.c.obj)
                0x0000000008007e3e                z_thread_abort
 .text.z_abort_timeout
                0x0000000008007e82       0x2a zephyr/kernel/libkernel.a(timeout.c.obj)
                0x0000000008007e82                z_abort_timeout
 .text.sys_clock_tick_get_32
                0x0000000008007eac        0x8 zephyr/kernel/libkernel.a(timeout.c.obj)
                0x0000000008007eac                sys_clock_tick_get_32
 .text.z_impl_k_uptime_ticks
                0x0000000008007eb4        0x4 zephyr/kernel/libkernel.a(timeout.c.obj)
                0x0000000008007eb4                z_impl_k_uptime_ticks
 .text.k_timer_init
                0x0000000008007eb8       0x18 zephyr/kernel/libkernel.a(timer.c.obj)
                0x0000000008007eb8                k_timer_init
 .text.z_impl_k_timer_stop
                0x0000000008007ed0       0x38 zephyr/kernel/libkernel.a(timer.c.obj)
                0x0000000008007ed0                z_impl_k_timer_stop
 .text.strnlen  0x0000000008007f08       0x18 /home/romain/zephyr-sdk-0.16.1/arm-zephyr-eabi/bin/../lib/gcc/../../picolibc/arm-zephyr-eabi/lib/thumb/v7-m/nofp/libc.a(libc_string_strnlen.c.o)
                0x0000000008007f08                strnlen
 .text.__ultoa_invert
                0x0000000008007f20       0x54 /home/romain/zephyr-sdk-0.16.1/arm-zephyr-eabi/bin/../lib/gcc/../../picolibc/arm-zephyr-eabi/lib/thumb/v7-m/nofp/libc.a(libc_tinystdio_vfprintf.c.o)
 .text.mulShiftAll64
                0x0000000008007f74      0x17a /home/romain/zephyr-sdk-0.16.1/arm-zephyr-eabi/bin/../lib/gcc/../../picolibc/arm-zephyr-eabi/lib/thumb/v7-m/nofp/libc.a(libc_tinystdio_dtoa_ryu.c.o)
 .text.__umul128
                0x00000000080080ee       0x36 /home/romain/zephyr-sdk-0.16.1/arm-zephyr-eabi/bin/../lib/gcc/../../picolibc/arm-zephyr-eabi/lib/thumb/v7-m/nofp/libc.a(libc_tinystdio_ryu_umul128.c.o)
                0x00000000080080ee                __umul128
 .text.__shiftright128
                0x0000000008008124       0x3e /home/romain/zephyr-sdk-0.16.1/arm-zephyr-eabi/bin/../lib/gcc/../../picolibc/arm-zephyr-eabi/lib/thumb/v7-m/nofp/libc.a(libc_tinystdio_ryu_umul128.c.o)
                0x0000000008008124                __shiftright128
 .text.memcpy   0x0000000008008162       0x1c /home/romain/zephyr-sdk-0.16.1/arm-zephyr-eabi/bin/../lib/gcc/../../picolibc/arm-zephyr-eabi/lib/thumb/v7-m/nofp/libc.a(memcpy.c.o)
                0x0000000008008162                memcpy
                0x0000000008008162                __aeabi_memcpy
                0x0000000008008162                __aeabi_memcpy4
                0x0000000008008162                __aeabi_memcpy8
 .text.memset   0x000000000800817e       0x10 /home/romain/zephyr-sdk-0.16.1/arm-zephyr-eabi/bin/../lib/gcc/../../picolibc/arm-zephyr-eabi/lib/thumb/v7-m/nofp/libc.a(memset.c.o)
                0x000000000800817e                memset
 .text.__file_str_put
                0x000000000800818e       0x10 /home/romain/zephyr-sdk-0.16.1/arm-zephyr-eabi/bin/../lib/gcc/../../picolibc/arm-zephyr-eabi/lib/thumb/v7-m/nofp/libc.a(libc_tinystdio_filestrput.c.o)
                0x000000000800818e                __file_str_put
 *(SORT_BY_ALIGNMENT(.TEXT.*))
 *fill*         0x000000000800819e        0x2 
 .TEXT.__aeabi_read_tp
                0x00000000080081a0        0xc zephyr/arch/arch/arm/core/cortex_m/libarch__arm__core__cortex_m.a(__aeabi_read_tp.S.obj)
                0x00000000080081a0                __aeabi_read_tp
 *(SORT_BY_ALIGNMENT(.gnu.linkonce.t.*))
 *(SORT_BY_ALIGNMENT(.glue_7t))
 .glue_7t       0x00000000080081ac        0x0 linker stubs
 *(SORT_BY_ALIGNMENT(.glue_7))
 .glue_7        0x00000000080081ac        0x0 linker stubs
 *(SORT_BY_ALIGNMENT(.vfp11_veneer))
 .vfp11_veneer  0x00000000080081ac        0x0 linker stubs
 *(SORT_BY_ALIGNMENT(.v4_bx))
 .v4_bx         0x00000000080081ac        0x0 linker stubs
                0x00000000080081ac                . = ALIGN (0x4)
                0x00000000080081ac                __text_region_end = .

.ARM.exidx      0x00000000080081ac        0x8
                0x00000000080081ac                __exidx_start = .
 *(SORT_BY_ALIGNMENT(.ARM.exidx*) SORT_BY_ALIGNMENT(gnu.linkonce.armexidx.*))
 .ARM.exidx     0x00000000080081ac        0x8 /home/romain/zephyr-sdk-0.16.1/arm-zephyr-eabi/bin/../lib/gcc/arm-zephyr-eabi/12.2.0/thumb/v7-m/nofp/libgcc.a(_udivmoddi4.o)
                0x00000000080081b4                __exidx_end = .
                0x00000000080081b4                __rodata_region_start = .

initlevel       0x00000000080081b4       0x88
                0x00000000080081b4                __init_start = .
                0x00000000080081b4                __init_EARLY_start = .
 *(SORT_BY_NAME(SORT_BY_ALIGNMENT(.z_init_EARLY?_*)))
 *(SORT_BY_NAME(SORT_BY_ALIGNMENT(.z_init_EARLY??_*)))
                0x00000000080081b4                __init_PRE_KERNEL_1_start = .
 *(SORT_BY_NAME(SORT_BY_ALIGNMENT(.z_init_PRE_KERNEL_1?_*)))
 .z_init_PRE_KERNEL_10_0_
                0x00000000080081b4        0x8 zephyr/libzephyr.a(soc.c.obj)
 .z_init_PRE_KERNEL_11_00009_
                0x00000000080081bc        0x8 zephyr/drivers/clock_control/libdrivers__clock_control.a(clock_stm32_ll_common.c.obj)
 .z_init_PRE_KERNEL_11_0_
                0x00000000080081c4        0x8 zephyr/libzephyr.a(soc_config.c.obj)
 *(SORT_BY_NAME(SORT_BY_ALIGNMENT(.z_init_PRE_KERNEL_1??_*)))
 .z_init_PRE_KERNEL_135_00039_
                0x00000000080081cc        0x8 zephyr/drivers/reset/libdrivers__reset.a(reset_stm32.c.obj)
 .z_init_PRE_KERNEL_140_00027_
                0x00000000080081d4        0x8 zephyr/drivers/gpio/libdrivers__gpio.a(gpio_stm32.c.obj)
 .z_init_PRE_KERNEL_140_00030_
                0x00000000080081dc        0x8 zephyr/drivers/gpio/libdrivers__gpio.a(gpio_stm32.c.obj)
 .z_init_PRE_KERNEL_140_00035_
                0x00000000080081e4        0x8 zephyr/drivers/interrupt_controller/libdrivers__interrupt_controller.a(intc_exti_stm32.c.obj)
 .z_init_PRE_KERNEL_140_00052_
                0x00000000080081ec        0x8 zephyr/drivers/gpio/libdrivers__gpio.a(gpio_stm32.c.obj)
 .z_init_PRE_KERNEL_140_00066_
                0x00000000080081f4        0x8 zephyr/drivers/gpio/libdrivers__gpio.a(gpio_stm32.c.obj)
 .z_init_PRE_KERNEL_140_00067_
                0x00000000080081fc        0x8 zephyr/drivers/gpio/libdrivers__gpio.a(gpio_stm32.c.obj)
 .z_init_PRE_KERNEL_150_00040_
                0x0000000008008204        0x8 zephyr/drivers/serial/libdrivers__serial.a(uart_stm32.c.obj)
 .z_init_PRE_KERNEL_150_00046_
                0x000000000800820c        0x8 zephyr/drivers/serial/libdrivers__serial.a(uart_stm32.c.obj)
 .z_init_PRE_KERNEL_160_0_
                0x0000000008008214        0x8 zephyr/drivers/console/libdrivers__console.a(uart_console.c.obj)
                0x000000000800821c                __init_PRE_KERNEL_2_start = .
 *(SORT_BY_NAME(SORT_BY_ALIGNMENT(.z_init_PRE_KERNEL_2?_*)))
 .z_init_PRE_KERNEL_20_0_
                0x000000000800821c        0x8 zephyr/drivers/timer/libdrivers__timer.a(cortex_m_systick.c.obj)
 *(SORT_BY_NAME(SORT_BY_ALIGNMENT(.z_init_PRE_KERNEL_2??_*)))
                0x0000000008008224                __init_POST_KERNEL_start = .
 *(SORT_BY_NAME(SORT_BY_ALIGNMENT(.z_init_POST_KERNEL?_*)))
 .z_init_POST_KERNEL0_0_
                0x0000000008008224        0x8 zephyr/libzephyr.a(log_core.c.obj)
 *(SORT_BY_NAME(SORT_BY_ALIGNMENT(.z_init_POST_KERNEL??_*)))
 .z_init_POST_KERNEL35_0_
                0x000000000800822c        0x8 zephyr/lib/libc/common/liblib__libc__common.a(malloc.c.obj)
 .z_init_POST_KERNEL50_00017_
                0x0000000008008234        0x8 zephyr/drivers/i2c/libdrivers__i2c.a(i2c_ll_stm32.c.obj)
                0x000000000800823c                __init_APPLICATION_start = .
 *(SORT_BY_NAME(SORT_BY_ALIGNMENT(.z_init_APPLICATION?_*)))
 *(SORT_BY_NAME(SORT_BY_ALIGNMENT(.z_init_APPLICATION??_*)))
                0x000000000800823c                __init_SMP_start = .
 *(SORT_BY_NAME(SORT_BY_ALIGNMENT(.z_init_SMP?_*)))
 *(SORT_BY_NAME(SORT_BY_ALIGNMENT(.z_init_SMP??_*)))
                0x000000000800823c                __init_end = .
                0x000000000800823c                __deferred_init_list_start = .
 *(SORT_BY_ALIGNMENT(.z_deferred_init*))
                0x000000000800823c                __deferred_init_list_end = .

device_area     0x000000000800823c       0xdc
                0x000000000800823c                _device_list_start = .
 *(SORT_BY_NAME(SORT_BY_ALIGNMENT(._device.static.*_?_*)))
 ._device.static.1_1_
                0x000000000800823c       0x14 zephyr/drivers/clock_control/libdrivers__clock_control.a(clock_stm32_ll_common.c.obj)
                0x000000000800823c                __device_dts_ord_9
 *(SORT_BY_NAME(SORT_BY_ALIGNMENT(._device.static.*_??_*)))
 ._device.static.1_35_
                0x0000000008008250       0x14 zephyr/drivers/reset/libdrivers__reset.a(reset_stm32.c.obj)
                0x0000000008008250                __device_dts_ord_39
 ._device.static.1_40_
                0x0000000008008264       0x14 zephyr/drivers/interrupt_controller/libdrivers__interrupt_controller.a(intc_exti_stm32.c.obj)
                0x0000000008008264                __device_dts_ord_35
 ._device.static.1_40_
                0x0000000008008278       0x64 zephyr/drivers/gpio/libdrivers__gpio.a(gpio_stm32.c.obj)
                0x0000000008008278                __device_dts_ord_67
                0x000000000800828c                __device_dts_ord_66
                0x00000000080082a0                __device_dts_ord_27
                0x00000000080082b4                __device_dts_ord_52
                0x00000000080082c8                __device_dts_ord_30
 ._device.static.1_50_
                0x00000000080082dc       0x28 zephyr/drivers/serial/libdrivers__serial.a(uart_stm32.c.obj)
                0x00000000080082dc                __device_dts_ord_40
                0x00000000080082f0                __device_dts_ord_46
 ._device.static.3_50_
                0x0000000008008304       0x14 zephyr/drivers/i2c/libdrivers__i2c.a(i2c_ll_stm32.c.obj)
                0x0000000008008304                __device_dts_ord_17
                0x0000000008008318                _device_list_end = .

sw_isr_table    0x0000000008008318      0x158
                0x0000000008008318                . = ALIGN (0x4)
 *(SORT_BY_ALIGNMENT(.gnu.linkonce.sw_isr_table*))
 .gnu.linkonce.sw_isr_table
                0x0000000008008318      0x158 zephyr/arch/common/libisr_tables.a(isr_tables.c.obj)
                0x0000000008008318                _sw_isr_table

initlevel_error
                0x00000000080081b4        0x0
 *(SORT_BY_NAME(SORT_BY_ALIGNMENT(.z_init_[_A-Z0-9]*)))
                0x0000000000000001                ASSERT ((SIZEOF (initlevel_error) == 0x0), Undefined initialization levels used.)

app_shmem_regions
                0x0000000008008470        0x0
                0x0000000008008470                __app_shmem_regions_start = .
 *(SORT_BY_NAME(SORT_BY_ALIGNMENT(.app_regions.*)))
                0x0000000008008470                __app_shmem_regions_end = .

k_p4wq_initparam_area
                0x0000000008008470        0x0
                0x0000000008008470                _k_p4wq_initparam_list_start = .
 *(SORT_BY_NAME(SORT_BY_ALIGNMENT(._k_p4wq_initparam.static.*)))
                0x0000000008008470                _k_p4wq_initparam_list_end = .

_static_thread_data_area
                0x0000000008008470        0x0
                0x0000000008008470                __static_thread_data_list_start = .
 *(SORT_BY_NAME(SORT_BY_ALIGNMENT(.__static_thread_data.static.*)))
                0x0000000008008470                __static_thread_data_list_end = .

device_deps     0x0000000008008470        0x0
                0x0000000008008470                __device_deps_start = .
 *(SORT_BY_NAME(SORT_BY_ALIGNMENT(.__device_deps_pass2*)))
                0x0000000008008470                __device_deps_end = .

ztest           0x0000000008008470        0x0
                0x0000000008008470                _ztest_expected_result_entry_list_start = .
 *(SORT_BY_NAME(SORT_BY_ALIGNMENT(._ztest_expected_result_entry.static.*)))
                0x0000000008008470                _ztest_expected_result_entry_list_end = .
                0x0000000008008470                _ztest_suite_node_list_start = .
 *(SORT_BY_NAME(SORT_BY_ALIGNMENT(._ztest_suite_node.static.*)))
                0x0000000008008470                _ztest_suite_node_list_end = .
                0x0000000008008470                _ztest_unit_test_list_start = .
 *(SORT_BY_NAME(SORT_BY_ALIGNMENT(._ztest_unit_test.static.*)))
                0x0000000008008470                _ztest_unit_test_list_end = .
                0x0000000008008470                _ztest_test_rule_list_start = .
 *(SORT_BY_NAME(SORT_BY_ALIGNMENT(._ztest_test_rule.static.*)))
                0x0000000008008470                _ztest_test_rule_list_end = .

init_array      0x0000000008008470        0x0
 *(SORT_BY_NAME(SORT_BY_ALIGNMENT(.ctors*)))
 *(SORT_BY_NAME(SORT_BY_ALIGNMENT(.init_array*)))
                0x0000000000000001                ASSERT ((SIZEOF (init_array) == 0x0), GNU-style constructors required but STATIC_INIT_GNU not enabled)

bt_l2cap_fixed_chan_area
                0x0000000008008470        0x0
                0x0000000008008470                _bt_l2cap_fixed_chan_list_start = .
 *(SORT_BY_NAME(SORT_BY_ALIGNMENT(._bt_l2cap_fixed_chan.static.*)))
                0x0000000008008470                _bt_l2cap_fixed_chan_list_end = .

bt_gatt_service_static_area
                0x0000000008008470        0x0
                0x0000000008008470                _bt_gatt_service_static_list_start = .
 *(SORT_BY_NAME(SORT_BY_ALIGNMENT(._bt_gatt_service_static.static.*)))
                0x0000000008008470                _bt_gatt_service_static_list_end = .

log_strings_area
                0x0000000008008470        0x0
                0x0000000008008470                _log_strings_list_start = .
 *(SORT_BY_NAME(SORT_BY_ALIGNMENT(._log_strings.static.*)))
                0x0000000008008470                _log_strings_list_end = .

log_const_area  0x0000000008008470       0x50
                0x0000000008008470                _log_const_list_start = .
 *(SORT_BY_NAME(SORT_BY_ALIGNMENT(._log_const.static.*)))
 ._log_const.static.log_const_cbprintf_package_
                0x0000000008008470        0x8 zephyr/libzephyr.a(cbprintf_packaged.c.obj)
                0x0000000008008470                log_const_cbprintf_package
 ._log_const.static.log_const_i2c_
                0x0000000008008478        0x8 zephyr/drivers/i2c/libdrivers__i2c.a(i2c_common.c.obj)
                0x0000000008008478                log_const_i2c
 ._log_const.static.log_const_i2c_ll_stm32_
                0x0000000008008480        0x8 zephyr/drivers/i2c/libdrivers__i2c.a(i2c_ll_stm32.c.obj)
                0x0000000008008480                log_const_i2c_ll_stm32
 ._log_const.static.log_const_i2c_ll_stm32_v1_
                0x0000000008008488        0x8 zephyr/drivers/i2c/libdrivers__i2c.a(i2c_ll_stm32_v1.c.obj)
                0x0000000008008488                log_const_i2c_ll_stm32_v1
 ._log_const.static.log_const_log_
                0x0000000008008490        0x8 zephyr/libzephyr.a(log_core.c.obj)
                0x0000000008008490                log_const_log
 ._log_const.static.log_const_log_mgmt_
                0x0000000008008498        0x8 zephyr/libzephyr.a(log_mgmt.c.obj)
                0x0000000008008498                log_const_log_mgmt
 ._log_const.static.log_const_log_uart_
                0x00000000080084a0        0x8 zephyr/libzephyr.a(log_backend_uart.c.obj)
                0x00000000080084a0                log_const_log_uart
 ._log_const.static.log_const_os_
                0x00000000080084a8        0x8 zephyr/kernel/libkernel.a(init.c.obj)
                0x00000000080084a8                log_const_os
 ._log_const.static.log_const_stm32_
                0x00000000080084b0        0x8 zephyr/drivers/gpio/libdrivers__gpio.a(gpio_stm32.c.obj)
                0x00000000080084b0                log_const_stm32
 ._log_const.static.log_const_uart_stm32_
                0x00000000080084b8        0x8 zephyr/drivers/serial/libdrivers__serial.a(uart_stm32.c.obj)
                0x00000000080084b8                log_const_uart_stm32
                0x00000000080084c0                _log_const_list_end = .

log_backend_area
                0x00000000080084c0       0x10
                0x00000000080084c0                _log_backend_list_start = .
 *(SORT_BY_NAME(SORT_BY_ALIGNMENT(._log_backend.static.*)))
 ._log_backend.static.log_backend_uart_
                0x00000000080084c0       0x10 zephyr/libzephyr.a(log_backend_uart.c.obj)
                0x00000000080084d0                _log_backend_list_end = .

log_link_area   0x00000000080084d0        0x0
                0x00000000080084d0                _log_link_list_start = .
 *(SORT_BY_NAME(SORT_BY_ALIGNMENT(._log_link.static.*)))
                0x00000000080084d0                _log_link_list_end = .

tracing_backend_area
                0x00000000080084d0        0x0
                0x00000000080084d0                _tracing_backend_list_start = .
 *(SORT_BY_NAME(SORT_BY_ALIGNMENT(._tracing_backend.static.*)))
                0x00000000080084d0                _tracing_backend_list_end = .

zephyr_dbg_info
 *(SORT_BY_ALIGNMENT(.dbg_thread_info))

intc_table_area
                0x00000000080084d0        0x0
                0x00000000080084d0                _intc_table_list_start = .
 *(SORT_BY_NAME(SORT_BY_ALIGNMENT(._intc_table.static.*)))
                0x00000000080084d0                _intc_table_list_end = .

symbol_to_keep  0x00000000080084d0        0x0
                0x00000000080084d0                __symbol_to_keep_start = .
 *(SORT_BY_NAME(SORT_BY_ALIGNMENT(.symbol_to_keep*)))
                0x00000000080084d0                __symbol_to_keep_end = .

shell_area      0x00000000080084d0        0x0
                0x00000000080084d0                _shell_list_start = .
 *(SORT_BY_NAME(SORT_BY_ALIGNMENT(._shell.static.*)))
                0x00000000080084d0                _shell_list_end = .

shell_root_cmds_area
                0x00000000080084d0        0x0
                0x00000000080084d0                _shell_root_cmds_list_start = .
 *(SORT_BY_NAME(SORT_BY_ALIGNMENT(._shell_root_cmds.static.*)))
                0x00000000080084d0                _shell_root_cmds_list_end = .

shell_subcmds_area
                0x00000000080084d0        0x0
                0x00000000080084d0                _shell_subcmds_list_start = .
 *(SORT_BY_NAME(SORT_BY_ALIGNMENT(._shell_subcmds.static.*)))
                0x00000000080084d0                _shell_subcmds_list_end = .

shell_dynamic_subcmds_area
                0x00000000080084d0        0x0
                0x00000000080084d0                _shell_dynamic_subcmds_list_start = .
 *(SORT_BY_NAME(SORT_BY_ALIGNMENT(._shell_dynamic_subcmds.static.*)))
                0x00000000080084d0                _shell_dynamic_subcmds_list_end = .

cfb_font_area   0x00000000080084d0        0x0
                0x00000000080084d0                _cfb_font_list_start = .
 *(SORT_BY_NAME(SORT_BY_ALIGNMENT(._cfb_font.static.*)))
                0x00000000080084d0                _cfb_font_list_end = .

tdata           0x00000000080084d0        0x0
 *(SORT_BY_ALIGNMENT(.tdata) SORT_BY_ALIGNMENT(.tdata.*) SORT_BY_ALIGNMENT(.gnu.linkonce.td.*))

tbss            0x00000000080084d0        0x4
 *(SORT_BY_ALIGNMENT(.tbss) SORT_BY_ALIGNMENT(.tbss.*) SORT_BY_ALIGNMENT(.gnu.linkonce.tb.*) SORT_BY_ALIGNMENT(.tcommon))
 .tbss.z_tls_current
                0x00000000080084d0        0x4 zephyr/libzephyr.a(thread_entry.c.obj)
                0x00000000080084d0                z_tls_current
                0x00000000080084d0                PROVIDE (__tdata_start = LOADADDR (tdata))
                0x0000000000000001                PROVIDE (__tdata_align = ALIGNOF (tdata))
                0x0000000000000000                PROVIDE (__tdata_size = (((SIZEOF (tdata) + __tdata_align) - 0x1) & ~ ((__tdata_align - 0x1))))
                [!provide]                        PROVIDE (__tdata_end = (__tdata_start + __tdata_size))
                0x0000000000000004                PROVIDE (__tbss_align = ALIGNOF (tbss))
                [!provide]                        PROVIDE (__tbss_start = ADDR (tbss))
                0x0000000000000004                PROVIDE (__tbss_size = (((SIZEOF (tbss) + __tbss_align) - 0x1) & ~ ((__tbss_align - 0x1))))
                [!provide]                        PROVIDE (__tbss_end = (__tbss_start + __tbss_size))
                [!provide]                        PROVIDE (__tls_start = __tdata_start)
                [!provide]                        PROVIDE (__tls_end = __tbss_end)
                [!provide]                        PROVIDE (__tls_size = (__tbss_end - __tdata_start))

rodata          0x00000000080084d0     0x10a4
 *(SORT_BY_ALIGNMENT(.rodata))
 *(SORT_BY_ALIGNMENT(.rodata.*))
 .rodata.DOUBLE_POW5_TABLE
                0x00000000080084d0       0xd0 /home/romain/zephyr-sdk-0.16.1/arm-zephyr-eabi/bin/../lib/gcc/../../picolibc/arm-zephyr-eabi/lib/thumb/v7-m/nofp/libc.a(libc_tinystdio_ryu_table.c.o)
 .rodata.DOUBLE_POW5_SPLIT2
                0x00000000080085a0       0xd0 /home/romain/zephyr-sdk-0.16.1/arm-zephyr-eabi/bin/../lib/gcc/../../picolibc/arm-zephyr-eabi/lib/thumb/v7-m/nofp/libc.a(libc_tinystdio_ryu_table.c.o)
 .rodata.DOUBLE_POW5_INV_SPLIT2
                0x0000000008008670       0xf0 /home/romain/zephyr-sdk-0.16.1/arm-zephyr-eabi/bin/../lib/gcc/../../picolibc/arm-zephyr-eabi/lib/thumb/v7-m/nofp/libc.a(libc_tinystdio_ryu_table.c.o)
 .rodata.mpsc_config
                0x0000000008008760       0x14 zephyr/libzephyr.a(log_core.c.obj)
 .rodata.format_table
                0x0000000008008774       0x10 zephyr/libzephyr.a(log_core.c.obj)
 .rodata.colors
                0x0000000008008784       0x14 zephyr/libzephyr.a(log_output.c.obj)
 .rodata.severity
                0x0000000008008798       0x14 zephyr/libzephyr.a(log_output.c.obj)
 .rodata.lbu_cb_ctx
                0x00000000080087ac        0x8 zephyr/libzephyr.a(log_backend_uart.c.obj)
 .rodata.lbu_output
                0x00000000080087b4       0x10 zephyr/libzephyr.a(log_backend_uart.c.obj)
 .rodata.log_backend_uart_api
                0x00000000080087c4       0x1c zephyr/libzephyr.a(log_backend_uart.c.obj)
                0x00000000080087c4                log_backend_uart_api
 .rodata.stm32_clock_control_api
                0x00000000080087e0       0x1c zephyr/drivers/clock_control/libdrivers__clock_control.a(clock_stm32_ll_common.c.obj)
 .rodata.gpio_stm32_cfg_e
                0x00000000080087fc       0x14 zephyr/drivers/gpio/libdrivers__gpio.a(gpio_stm32.c.obj)
 .rodata.gpio_stm32_cfg_d
                0x0000000008008810       0x14 zephyr/drivers/gpio/libdrivers__gpio.a(gpio_stm32.c.obj)
 .rodata.gpio_stm32_cfg_c
                0x0000000008008824       0x14 zephyr/drivers/gpio/libdrivers__gpio.a(gpio_stm32.c.obj)
 .rodata.gpio_stm32_cfg_b
                0x0000000008008838       0x14 zephyr/drivers/gpio/libdrivers__gpio.a(gpio_stm32.c.obj)
 .rodata.gpio_stm32_cfg_a
                0x000000000800884c       0x14 zephyr/drivers/gpio/libdrivers__gpio.a(gpio_stm32.c.obj)
 .rodata.gpio_stm32_driver
                0x0000000008008860       0x24 zephyr/drivers/gpio/libdrivers__gpio.a(gpio_stm32.c.obj)
 .rodata.i2c_stm32_cfg_0
                0x0000000008008884       0x18 zephyr/drivers/i2c/libdrivers__i2c.a(i2c_ll_stm32.c.obj)
 .rodata.pclken_0
                0x000000000800889c        0x8 zephyr/drivers/i2c/libdrivers__i2c.a(i2c_ll_stm32.c.obj)
 .rodata.__pinctrl_dev_config__device_dts_ord_17
                0x00000000080088a4        0x8 zephyr/drivers/i2c/libdrivers__i2c.a(i2c_ll_stm32.c.obj)
 .rodata.__pinctrl_states__device_dts_ord_17
                0x00000000080088ac        0x8 zephyr/drivers/i2c/libdrivers__i2c.a(i2c_ll_stm32.c.obj)
 .rodata.__pinctrl_state_pins_0__device_dts_ord_17
                0x00000000080088b4       0x10 zephyr/drivers/i2c/libdrivers__i2c.a(i2c_ll_stm32.c.obj)
 .rodata.api_funcs
                0x00000000080088c4       0x18 zephyr/drivers/i2c/libdrivers__i2c.a(i2c_ll_stm32.c.obj)
 .rodata.gpio_ports
                0x00000000080088dc       0x40 zephyr/drivers/pinctrl/libdrivers__pinctrl.a(pinctrl_stm32.c.obj)
 .rodata.reset_stm32_config
                0x000000000800891c        0x4 zephyr/drivers/reset/libdrivers__reset.a(reset_stm32.c.obj)
 .rodata.reset_stm32_driver_api
                0x0000000008008920       0x10 zephyr/drivers/reset/libdrivers__reset.a(reset_stm32.c.obj)
 .rodata.uart_stm32_cfg_1
                0x0000000008008930       0x24 zephyr/drivers/serial/libdrivers__serial.a(uart_stm32.c.obj)
 .rodata.pclken_1
                0x0000000008008954        0x8 zephyr/drivers/serial/libdrivers__serial.a(uart_stm32.c.obj)
 .rodata.__pinctrl_dev_config__device_dts_ord_40
                0x000000000800895c        0x8 zephyr/drivers/serial/libdrivers__serial.a(uart_stm32.c.obj)
 .rodata.__pinctrl_states__device_dts_ord_40
                0x0000000008008964        0x8 zephyr/drivers/serial/libdrivers__serial.a(uart_stm32.c.obj)
 .rodata.__pinctrl_state_pins_0__device_dts_ord_40
                0x000000000800896c       0x10 zephyr/drivers/serial/libdrivers__serial.a(uart_stm32.c.obj)
 .rodata.uart_stm32_cfg_0
                0x000000000800897c       0x24 zephyr/drivers/serial/libdrivers__serial.a(uart_stm32.c.obj)
 .rodata.pclken_0
                0x00000000080089a0        0x8 zephyr/drivers/serial/libdrivers__serial.a(uart_stm32.c.obj)
 .rodata.__pinctrl_dev_config__device_dts_ord_46
                0x00000000080089a8        0x8 zephyr/drivers/serial/libdrivers__serial.a(uart_stm32.c.obj)
 .rodata.__pinctrl_states__device_dts_ord_46
                0x00000000080089b0        0x8 zephyr/drivers/serial/libdrivers__serial.a(uart_stm32.c.obj)
 .rodata.__pinctrl_state_pins_0__device_dts_ord_46
                0x00000000080089b8       0x10 zephyr/drivers/serial/libdrivers__serial.a(uart_stm32.c.obj)
 .rodata.uart_stm32_driver_api
                0x00000000080089c8       0x14 zephyr/drivers/serial/libdrivers__serial.a(uart_stm32.c.obj)
 .rodata.CSWTCH.486
                0x00000000080089dc       0x14 zephyr/kernel/libkernel.a(fatal.c.obj)
 .rodata.levels.0
                0x00000000080089f0       0x18 zephyr/kernel/libkernel.a(init.c.obj)
 .rodata.POW5_OFFSETS
                0x0000000008008a08       0x54 /home/romain/zephyr-sdk-0.16.1/arm-zephyr-eabi/bin/../lib/gcc/../../picolibc/arm-zephyr-eabi/lib/thumb/v7-m/nofp/libc.a(libc_tinystdio_ryu_table.c.o)
 .rodata.POW5_INV_OFFSETS
                0x0000000008008a5c       0x54 /home/romain/zephyr-sdk-0.16.1/arm-zephyr-eabi/bin/../lib/gcc/../../picolibc/arm-zephyr-eabi/lib/thumb/v7-m/nofp/libc.a(libc_tinystdio_ryu_table.c.o)
 .rodata.Zero   0x0000000008008ab0        0x8 /home/romain/zephyr-sdk-0.16.1/arm-zephyr-eabi/bin/../lib/gcc/../../picolibc/arm-zephyr-eabi/lib/thumb/v7-m/nofp/libc.a(libm_math_sf_fmod.c.o)
 .rodata.atanlo
                0x0000000008008ab8       0x10 /home/romain/zephyr-sdk-0.16.1/arm-zephyr-eabi/bin/../lib/gcc/../../picolibc/arm-zephyr-eabi/lib/thumb/v7-m/nofp/libc.a(libm_math_sf_atan.c.o)
 .rodata.atanhi
                0x0000000008008ac8       0x10 /home/romain/zephyr-sdk-0.16.1/arm-zephyr-eabi/bin/../lib/gcc/../../picolibc/arm-zephyr-eabi/lib/thumb/v7-m/nofp/libc.a(libm_math_sf_atan.c.o)
 .rodata.CSWTCH.526
                0x0000000008008ad8        0x6 zephyr/drivers/serial/libdrivers__serial.a(uart_stm32.c.obj)
 .rodata.main.str1.1
                0x0000000008008ade       0x2c app/libapp.a(main.c.obj)
 .rodata.moteur_init.str1.1
                0x0000000008008b0a       0x26 app/libapp.a(moteur.c.obj)
 .rodata.boussole_init.str1.1
                0x0000000008008b30       0x54 app/libapp.a(boussole.c.obj)
 .rodata.cbprintf_package_convert.str1.1
                0x0000000008008b84       0xa3 zephyr/libzephyr.a(cbprintf_packaged.c.obj)
 .rodata.str1.1
                0x0000000008008c27       0x11 zephyr/libzephyr.a(cbprintf_packaged.c.obj)
 .rodata.enable_logger.str1.1
                0x0000000008008c38        0x8 zephyr/libzephyr.a(log_core.c.obj)
 .rodata.str1.1
                0x0000000008008c40        0x4 zephyr/libzephyr.a(log_core.c.obj)
 .rodata.str1.1
                0x0000000008008c44        0x9 zephyr/libzephyr.a(log_mgmt.c.obj)
 .rodata.z_impl_z_log_msg_static_create.str1.1
                0x0000000008008c4d       0x3f zephyr/libzephyr.a(log_msg.c.obj)
 .rodata.z_log_msg_runtime_vcreate.str1.1
                0x0000000008008c8c       0x38 zephyr/libzephyr.a(log_msg.c.obj)
 .rodata.newline_print.str1.1
                0x0000000008008cc4       0x38 zephyr/libzephyr.a(log_output.c.obj)
                                          0x5 (size before relaxing)
 .rodata.log_output_process.str1.1
                0x0000000008008cc4       0x4f zephyr/libzephyr.a(log_output.c.obj)
                                         0x51 (size before relaxing)
 .rodata.log_output_dropped_process.str1.1
                0x0000000008008d13       0x4f zephyr/libzephyr.a(log_output.c.obj)
                                          0x3 (size before relaxing)
 .rodata.postfix.0
                0x0000000008008d13       0x1c zephyr/libzephyr.a(log_output.c.obj)
 .rodata.prefix.1
                0x0000000008008d2f        0xc zephyr/libzephyr.a(log_output.c.obj)
 .rodata.str1.1
                0x0000000008008d3b       0x20 zephyr/libzephyr.a(log_output.c.obj)
 .rodata.str1.1
                0x0000000008008d5b       0x1a zephyr/libzephyr.a(log_backend_uart.c.obj)
 .rodata.z_arm_fatal_error.str1.1
                0x0000000008008d75       0xae zephyr/arch/arch/arm/core/libarch__arm__core.a(fatal.c.obj)
 .rodata.mem_manage_fault.constprop.0.str1.1
                0x0000000008008e23       0xa9 zephyr/arch/arch/arm/core/cortex_m/libarch__arm__core__cortex_m.a(fault.c.obj)
 .rodata.usage_fault.constprop.0.str1.1
                0x0000000008008ecc       0xcd zephyr/arch/arch/arm/core/cortex_m/libarch__arm__core__cortex_m.a(fault.c.obj)
 .rodata.bus_fault.constprop.0.str1.1
                0x0000000008008f99       0x88 zephyr/arch/arch/arm/core/cortex_m/libarch__arm__core__cortex_m.a(fault.c.obj)
 .rodata.z_arm_fault.str1.1
                0x0000000008009021      0x111 zephyr/arch/arch/arm/core/cortex_m/libarch__arm__core__cortex_m.a(fault.c.obj)
 .rodata.line_range_6.0
                0x0000000008009132        0x2 zephyr/drivers/interrupt_controller/libdrivers__interrupt_controller.a(intc_exti_stm32.c.obj)
 .rodata.line_range_5.1
                0x0000000008009134        0x2 zephyr/drivers/interrupt_controller/libdrivers__interrupt_controller.a(intc_exti_stm32.c.obj)
 .rodata.line_range_4.2
                0x0000000008009136        0x2 zephyr/drivers/interrupt_controller/libdrivers__interrupt_controller.a(intc_exti_stm32.c.obj)
 .rodata.line_range_3.3
                0x0000000008009138        0x2 zephyr/drivers/interrupt_controller/libdrivers__interrupt_controller.a(intc_exti_stm32.c.obj)
 .rodata.line_range_2.4
                0x000000000800913a        0x2 zephyr/drivers/interrupt_controller/libdrivers__interrupt_controller.a(intc_exti_stm32.c.obj)
 .rodata.line_range_1.5
                0x000000000800913c        0x2 zephyr/drivers/interrupt_controller/libdrivers__interrupt_controller.a(intc_exti_stm32.c.obj)
 .rodata.line_range_0.6
                0x000000000800913e        0x2 zephyr/drivers/interrupt_controller/libdrivers__interrupt_controller.a(intc_exti_stm32.c.obj)
 .rodata.str1.1
                0x0000000008009140       0x1e zephyr/drivers/interrupt_controller/libdrivers__interrupt_controller.a(intc_exti_stm32.c.obj)
 .rodata.str1.1
                0x000000000800915e        0xd zephyr/drivers/clock_control/libdrivers__clock_control.a(clock_stm32_ll_common.c.obj)
 .rodata.str1.1
                0x000000000800916b       0x46 zephyr/drivers/gpio/libdrivers__gpio.a(gpio_stm32.c.obj)
                                         0x4c (size before relaxing)
 .rodata.str1.1
                0x00000000080091b1        0x4 zephyr/drivers/i2c/libdrivers__i2c.a(i2c_common.c.obj)
 .rodata.str1.1
                0x00000000080091b5       0x10 zephyr/drivers/i2c/libdrivers__i2c.a(i2c_ll_stm32_v1.c.obj)
 .rodata.i2c_stm32_get_config.part.0.str1.1
                0x00000000080091c5       0x1e zephyr/drivers/i2c/libdrivers__i2c.a(i2c_ll_stm32.c.obj)
 .rodata.i2c_stm32_set_smbus_mode.str1.1
                0x00000000080091e3       0x14 zephyr/drivers/i2c/libdrivers__i2c.a(i2c_ll_stm32.c.obj)
 .rodata.i2c_stm32_runtime_configure.str1.1
                0x00000000080091f7       0x2e zephyr/drivers/i2c/libdrivers__i2c.a(i2c_ll_stm32.c.obj)
 .rodata.i2c_stm32_init.str1.1
                0x0000000008009225       0x8e zephyr/drivers/i2c/libdrivers__i2c.a(i2c_ll_stm32.c.obj)
 .rodata.str1.1
                0x00000000080092b3       0x1a zephyr/drivers/i2c/libdrivers__i2c.a(i2c_ll_stm32.c.obj)
 .rodata.str1.1
                0x00000000080092cd       0x11 zephyr/drivers/reset/libdrivers__reset.a(reset_stm32.c.obj)
 .rodata.uart_stm32_set_baudrate.part.0.str1.1
                0x00000000080092de       0x2e zephyr/drivers/serial/libdrivers__serial.a(uart_stm32.c.obj)
 .rodata.uart_stm32_init.str1.1
                0x00000000080092de       0x3b zephyr/drivers/serial/libdrivers__serial.a(uart_stm32.c.obj)
                                         0x5a (size before relaxing)
 .rodata.str1.1
                0x0000000008009319       0x2b zephyr/drivers/serial/libdrivers__serial.a(uart_stm32.c.obj)
 .rodata.AHBPrescTable
                0x0000000008009344       0x10 modules/stm32/stm32cube/lib..__modules__hal__stm32__stm32cube.a(system_stm32f1xx.c.obj)
                0x0000000008009344                AHBPrescTable
 .rodata.aPredivFactorTable.0
                0x0000000008009354        0x2 modules/stm32/stm32cube/lib..__modules__hal__stm32__stm32cube.a(stm32f1xx_hal_rcc.c.obj)
 .rodata.aPLLMULFactorTable.1
                0x0000000008009356       0x10 modules/stm32/stm32cube/lib..__modules__hal__stm32__stm32cube.a(stm32f1xx_hal_rcc.c.obj)
 .rodata.k_sys_fatal_error_handler.str1.1
                0x0000000008009366        0xf zephyr/kernel/libkernel.a(fatal.c.obj)
 .rodata.z_fatal_error.str1.1
                0x0000000008009375       0x77 zephyr/kernel/libkernel.a(fatal.c.obj)
 .rodata.str1.1
                0x00000000080093ec       0x4a zephyr/kernel/libkernel.a(fatal.c.obj)
 .rodata.z_cstart.str1.1
                0x0000000008009436        0x5 zephyr/kernel/libkernel.a(init.c.obj)
 .rodata.str1.1
                0x000000000800943b        0x3 zephyr/kernel/libkernel.a(init.c.obj)
 .rodata.boot_banner.str1.1
                0x000000000800943e       0x28 zephyr/kernel/libkernel.a(banner.c.obj)
 .rodata._ctype_
                0x0000000008009466      0x101 /home/romain/zephyr-sdk-0.16.1/arm-zephyr-eabi/bin/../lib/gcc/../../picolibc/arm-zephyr-eabi/lib/thumb/v7-m/nofp/libc.a(libc_ctype_ctype_.c.o)
                0x0000000008009466                _ctype_
 .rodata.vfprintf.str1.1