Archive member included to satisfy reference by file (symbol)

app/libapp.a(main.c.obj)      (--whole-archive)
zephyr/libzephyr.a(heap.c.obj)
                              (--whole-archive)
zephyr/libzephyr.a(cbprintf_packaged.c.obj)
                              (--whole-archive)
zephyr/libzephyr.a(printk.c.obj)
                              (--whole-archive)
zephyr/libzephyr.a(sem.c.obj)
                              (--whole-archive)
zephyr/libzephyr.a(thread_entry.c.obj)
                              (--whole-archive)
zephyr/libzephyr.a(cbprintf_complete.c.obj)
                              (--whole-archive)
zephyr/libzephyr.a(assert.c.obj)
                              (--whole-archive)
zephyr/libzephyr.a(mpsc_pbuf.c.obj)
                              (--whole-archive)
zephyr/libzephyr.a(reboot.c.obj)
                              (--whole-archive)
zephyr/libzephyr.a(dec.c.obj)
                              (--whole-archive)
zephyr/libzephyr.a(hex.c.obj)
                              (--whole-archive)
zephyr/libzephyr.a(rb.c.obj)  (--whole-archive)
zephyr/libzephyr.a(timeutil.c.obj)
                              (--whole-archive)
zephyr/libzephyr.a(bitarray.c.obj)
                              (--whole-archive)
zephyr/libzephyr.a(configs.c.obj)
                              (--whole-archive)
zephyr/libzephyr.a(stm32cube_hal.c.obj)
                              (--whole-archive)
zephyr/libzephyr.a(soc_config.c.obj)
                              (--whole-archive)
zephyr/libzephyr.a(soc.c.obj)
                              (--whole-archive)
zephyr/libzephyr.a(log_core.c.obj)
                              (--whole-archive)
zephyr/libzephyr.a(log_mgmt.c.obj)
                              (--whole-archive)
zephyr/libzephyr.a(log_cache.c.obj)
                              (--whole-archive)
zephyr/libzephyr.a(log_msg.c.obj)
                              (--whole-archive)
zephyr/libzephyr.a(log_output.c.obj)
                              (--whole-archive)
zephyr/libzephyr.a(log_backend_uart.c.obj)
                              (--whole-archive)
zephyr/libzephyr.a(tracing_none.c.obj)
                              (--whole-archive)
zephyr/arch/common/libarch__common.a(sw_isr_common.c.obj)
                              (--whole-archive)
zephyr/arch/arch/arm/core/libarch__arm__core.a(fatal.c.obj)
                              (--whole-archive)
zephyr/arch/arch/arm/core/libarch__arm__core.a(nmi.c.obj)
                              (--whole-archive)
zephyr/arch/arch/arm/core/libarch__arm__core.a(nmi_on_reset.S.obj)
                              (--whole-archive)
zephyr/arch/arch/arm/core/libarch__arm__core.a(tls.c.obj)
                              (--whole-archive)
zephyr/arch/arch/arm/core/cortex_m/libarch__arm__core__cortex_m.a(exc_exit.c.obj)
                              (--whole-archive)
zephyr/arch/arch/arm/core/cortex_m/libarch__arm__core__cortex_m.a(fault.c.obj)
                              (--whole-archive)
zephyr/arch/arch/arm/core/cortex_m/libarch__arm__core__cortex_m.a(fault_s.S.obj)
                              (--whole-archive)
zephyr/arch/arch/arm/core/cortex_m/libarch__arm__core__cortex_m.a(fpu.c.obj)
                              (--whole-archive)
zephyr/arch/arch/arm/core/cortex_m/libarch__arm__core__cortex_m.a(reset.S.obj)
                              (--whole-archive)
zephyr/arch/arch/arm/core/cortex_m/libarch__arm__core__cortex_m.a(scb.c.obj)
                              (--whole-archive)
zephyr/arch/arch/arm/core/cortex_m/libarch__arm__core__cortex_m.a(thread_abort.c.obj)
                              (--whole-archive)
zephyr/arch/arch/arm/core/cortex_m/libarch__arm__core__cortex_m.a(vector_table.S.obj)
                              (--whole-archive)
zephyr/arch/arch/arm/core/cortex_m/libarch__arm__core__cortex_m.a(swap.c.obj)
                              (--whole-archive)
zephyr/arch/arch/arm/core/cortex_m/libarch__arm__core__cortex_m.a(swap_helper.S.obj)
                              (--whole-archive)
zephyr/arch/arch/arm/core/cortex_m/libarch__arm__core__cortex_m.a(irq_manage.c.obj)
                              (--whole-archive)
zephyr/arch/arch/arm/core/cortex_m/libarch__arm__core__cortex_m.a(prep_c.c.obj)
                              (--whole-archive)
zephyr/arch/arch/arm/core/cortex_m/libarch__arm__core__cortex_m.a(thread.c.obj)
                              (--whole-archive)
zephyr/arch/arch/arm/core/cortex_m/libarch__arm__core__cortex_m.a(cpu_idle.c.obj)
                              (--whole-archive)
zephyr/arch/arch/arm/core/cortex_m/libarch__arm__core__cortex_m.a(irq_init.c.obj)
                              (--whole-archive)
zephyr/arch/arch/arm/core/cortex_m/libarch__arm__core__cortex_m.a(isr_wrapper.c.obj)
                              (--whole-archive)
zephyr/arch/arch/arm/core/cortex_m/libarch__arm__core__cortex_m.a(__aeabi_read_tp.S.obj)
                              (--whole-archive)
zephyr/lib/libc/picolibc/liblib__libc__picolibc.a(libc-hooks.c.obj)
[...]
Memory Configuration

Name             Origin             Length             Attributes
FLASH            0x0000000008000000 0x0000000000020000 xr
RAM              0x0000000020000000 0x0000000000005000 xw
IDT_LIST         0x00000000ffff7fff 0x0000000000008000 xw
*default*        0x0000000000000000 0xffffffffffffffff

Linker script and memory map

LOAD zephyr/CMakeFiles/zephyr_final.dir/misc/empty_file.c.obj
LOAD zephyr/CMakeFiles/zephyr_final.dir/isr_tables.c.obj
LOAD zephyr/CMakeFiles/offsets.dir/./arch/arm/core/offsets/offsets.c.obj
LOAD app/libapp.a
LOAD zephyr/libzephyr.a
LOAD zephyr/arch/common/libarch__common.a
LOAD zephyr/arch/arch/arm/core/libarch__arm__core.a
LOAD zephyr/arch/arch/arm/core/cortex_m/libarch__arm__core__cortex_m.a
LOAD zephyr/lib/libc/picolibc/liblib__libc__picolibc.a
LOAD zephyr/lib/libc/common/liblib__libc__common.a
LOAD zephyr/drivers/interrupt_controller/libdrivers__interrupt_controller.a
LOAD zephyr/drivers/clock_control/libdrivers__clock_control.a
LOAD zephyr/drivers/console/libdrivers__console.a
LOAD zephyr/drivers/gpio/libdrivers__gpio.a
LOAD zephyr/drivers/i2c/libdrivers__i2c.a
LOAD zephyr/drivers/pinctrl/libdrivers__pinctrl.a
LOAD zephyr/drivers/reset/libdrivers__reset.a
LOAD zephyr/drivers/serial/libdrivers__serial.a
LOAD zephyr/drivers/timer/libdrivers__timer.a
LOAD modules/stm32/stm32cube/lib..__modules__hal__stm32__stm32cube.a
LOAD zephyr/kernel/libkernel.a
LOAD /home/romain/zephyr-sdk-0.16.1/arm-zephyr-eabi/bin/../lib/gcc/arm-zephyr-eabi/12.2.0/thumb/v7-m/nofp/libgcc.a
LOAD zephyr/arch/common/libisr_tables.a
LOAD /home/romain/zephyr-sdk-0.16.1/arm-zephyr-eabi/bin/../lib/gcc/../../picolibc/arm-zephyr-eabi/lib/thumb/v7-m/nofp/libc.a
LOAD /home/romain/zephyr-sdk-0.16.1/arm-zephyr-eabi/bin/../lib/gcc/arm-zephyr-eabi/12.2.0/thumb/v7-m/nofp/libgcc.a
                0x0000000000000004                _region_min_align = 0x4

.rel.plt        0x0000000008000000        0x0
 *(SORT_BY_ALIGNMENT(.rel.plt))
                [!provide]                        PROVIDE (__rel_iplt_start = .)
 *(SORT_BY_ALIGNMENT(.rel.iplt))
 .rel.iplt      0x0000000008000000        0x0 zephyr/CMakeFiles/zephyr_final.dir/isr_tables.c.obj
                [!provide]                        PROVIDE (__rel_iplt_end = .)

.rela.plt       0x0000000000000000        0x0
 *(SORT_BY_ALIGNMENT(.rela.plt))
                [!provide]                        PROVIDE (__rela_iplt_start = .)
 *(SORT_BY_ALIGNMENT(.rela.iplt))
                [!provide]                        PROVIDE (__rela_iplt_end = .)

.rel.dyn
 *(SORT_BY_ALIGNMENT(.rel.*))

.rela.dyn
 *(SORT_BY_ALIGNMENT(.rela.*))

/DISCARD/
 *(SORT_BY_ALIGNMENT(.plt))

/DISCARD/
 *(SORT_BY_ALIGNMENT(.iplt))
                0x0000000008000000                __rom_region_start = 0x8000000

rom_start       0x0000000008000000       0xec
                0x0000000008000000                __rom_start_address = .
 FILL mask 0x00
                0x0000000008000000                . = (. + (0x0 - (. - __rom_start_address)))
                0x0000000008000000                . = ALIGN (0x4)
                0x0000000008000000                . = ALIGN (0x80)
                0x0000000008000000                . = ALIGN (0x100)
                0x0000000008000000                _vector_start = .
 *(SORT_BY_ALIGNMENT(.exc_vector_table))
 *(SORT_BY_ALIGNMENT(.exc_vector_table.*))
 .exc_vector_table._vector_table_section
                0x0000000008000000       0x40 zephyr/arch/arch/arm/core/cortex_m/libarch__arm__core__cortex_m.a(vector_table.S.obj)
                0x0000000008000000                _vector_table
 *(SORT_BY_ALIGNMENT(.vectors))
                0x00000000080000ec                _vector_end = .
                0x0000000008000040                . = ALIGN (0x4)
 *(SORT_BY_ALIGNMENT(.gnu.linkonce.irq_vector_table*))
 .gnu.linkonce.irq_vector_table
                0x0000000008000040       0xac zephyr/CMakeFiles/zephyr_final.dir/isr_tables.c.obj
                0x0000000008000040                _irq_vector_table
                0x00000000080000ec                _vector_end = .

text            0x00000000080000ec     0x6a9c
                0x00000000080000ec                __text_region_start = .
 *(SORT_BY_ALIGNMENT(.text))
 .text          0x00000000080000ec       0x30 /home/romain/zephyr-sdk-0.16.1/arm-zephyr-eabi/bin/../lib/gcc/arm-zephyr-eabi/12.2.0/thumb/v7-m/nofp/libgcc.a(_aeabi_uldivmod.o)
                0x00000000080000ec                __aeabi_uldivmod
 .text          0x000000000800011c        0x4 /home/romain/zephyr-sdk-0.16.1/arm-zephyr-eabi/bin/../lib/gcc/arm-zephyr-eabi/12.2.0/thumb/v7-m/nofp/libgcc.a(_dvmd_tls.o)
                0x000000000800011c                __aeabi_ldiv0
                0x000000000800011c                __aeabi_idiv0
 .text          0x0000000008000120      0x2a0 /home/romain/zephyr-sdk-0.16.1/arm-zephyr-eabi/bin/../lib/gcc/arm-zephyr-eabi/12.2.0/thumb/v7-m/nofp/libgcc.a(_udivmoddi4.o)
                0x0000000008000120                __udivmoddi4
 .text          0x00000000080003c0       0x10 /home/romain/zephyr-sdk-0.16.1/arm-zephyr-eabi/bin/../lib/gcc/../../picolibc/arm-zephyr-eabi/lib/thumb/v7-m/nofp/libc.a(strlen.S.o)
                0x00000000080003c0                strlen
 *(SORT_BY_ALIGNMENT(.text.*))
 .text.codeur_handler
                0x00000000080003d0       0x10 app/libapp.a(main.c.obj)
                0x00000000080003d0                codeur_handler
 .text.main     0x00000000080003e0      0x158 app/libapp.a(main.c.obj)
                0x00000000080003e0                main
 .text.cbvprintf_package
                0x0000000008000538      0x3a4 zephyr/libzephyr.a(cbprintf_packaged.c.obj)
                0x0000000008000538                cbvprintf_package
 .text.cbprintf_package_convert
                0x00000000080008dc      0x3c8 zephyr/libzephyr.a(cbprintf_packaged.c.obj)
                0x00000000080008dc                cbprintf_package_convert
 .text.__printk_hook_install
                0x0000000008000ca4        0xc zephyr/libzephyr.a(printk.c.obj)
                0x0000000008000ca4                __printk_hook_install
 .text.z_thread_entry
                0x0000000008000cb0       0x34 zephyr/libzephyr.a(thread_entry.c.obj)
                0x0000000008000cb0                z_thread_entry
 .text.st_stm32_common_config
                0x0000000008000ce4       0x14 zephyr/libzephyr.a(soc_config.c.obj)
 .text.stm32f1_init
                0x0000000008000cf8       0x20 zephyr/libzephyr.a(soc.c.obj)
 .text.activate_foreach_backend
                0x0000000008000d18       0x64 zephyr/libzephyr.a(log_core.c.obj)
 .text.enable_logger
                0x0000000008000d7c       0x5c zephyr/libzephyr.a(log_core.c.obj)
 .text.log_process_thread_timer_expiry_fn
                0x0000000008000dd8        0xc zephyr/libzephyr.a(log_core.c.obj)
 .text.z_log_init
                0x0000000008000de4       0x94 zephyr/libzephyr.a(log_core.c.obj)
 .text.log_format_func_t_get
                0x0000000008000e78        0xc zephyr/libzephyr.a(log_core.c.obj)
                0x0000000008000e78                log_format_func_t_get
 .text.log_set_timestamp_func
                0x0000000008000e84       0x20 zephyr/libzephyr.a(log_core.c.obj)
                0x0000000008000e84                log_set_timestamp_func
 .text.z_log_notify_backend_enabled
                0x0000000008000ea4       0x1c zephyr/libzephyr.a(log_core.c.obj)
                0x0000000008000ea4                z_log_notify_backend_enabled
 .text.z_log_dropped
                0x0000000008000ec0       0x44 zephyr/libzephyr.a(log_core.c.obj)
                0x0000000008000ec0                z_log_dropped
 .text.z_log_dropped_read_and_clear
                0x0000000008000f04       0x20 zephyr/libzephyr.a(log_core.c.obj)
                0x0000000008000f04                z_log_dropped_read_and_clear
 .text.dropped_notify
                0x0000000008000f24       0x30 zephyr/libzephyr.a(log_core.c.obj)
                0x0000000008000f24                dropped_notify
 .text.z_log_msg_init
                0x0000000008000f54       0x20 zephyr/libzephyr.a(log_core.c.obj)
                0x0000000008000f54                z_log_msg_init
 .text.log_core_init
                0x0000000008000f74       0x50 zephyr/libzephyr.a(log_core.c.obj)
                0x0000000008000f74                log_core_init
 .text.z_log_msg_alloc
                0x0000000008000fc4       0x10 zephyr/libzephyr.a(log_core.c.obj)
                0x0000000008000fc4                z_log_msg_alloc
 .text.z_log_msg_local_claim
                0x0000000008000fd4        0xc zephyr/libzephyr.a(log_core.c.obj)
                0x0000000008000fd4                z_log_msg_local_claim
 .text.z_log_msg_free
                0x0000000008000fe0       0x10 zephyr/libzephyr.a(log_core.c.obj)
                0x0000000008000fe0                z_log_msg_free
 .text.z_log_msg_pending
                0x0000000008000ff0        0xc zephyr/libzephyr.a(log_core.c.obj)
                0x0000000008000ff0                z_log_msg_pending
 .text.z_impl_log_process
                0x0000000008000ffc       0xb0 zephyr/libzephyr.a(log_core.c.obj)
                0x0000000008000ffc                z_impl_log_process
 .text.z_impl_log_panic
                0x00000000080010ac       0x44 zephyr/libzephyr.a(log_core.c.obj)
                0x00000000080010ac                z_impl_log_panic
 .text.log_process_thread_func
                0x00000000080010f0       0xa4 zephyr/libzephyr.a(log_core.c.obj)
 .text.z_log_msg_post_finalize
                0x0000000008001194       0x78 zephyr/libzephyr.a(log_core.c.obj)
 .text.z_log_msg_commit
                0x000000000800120c       0x24 zephyr/libzephyr.a(log_core.c.obj)
                0x000000000800120c                z_log_msg_commit
 .text.log_source_name_get
                0x0000000008001230       0x1c zephyr/libzephyr.a(log_mgmt.c.obj)
                0x0000000008001230                log_source_name_get
 .text.z_impl_z_log_msg_static_create
                0x000000000800124c      0x108 zephyr/libzephyr.a(log_msg.c.obj)
                0x000000000800124c                z_impl_z_log_msg_static_create
 .text.z_log_msg_runtime_vcreate
                0x0000000008001354       0xa0 zephyr/libzephyr.a(log_msg.c.obj)
                0x0000000008001354                z_log_msg_runtime_vcreate
 .text.log_msg_get_source_id
                0x00000000080013f4       0x18 zephyr/libzephyr.a(log_msg.c.obj)
                0x00000000080013f4                log_msg_get_source_id
 .text.print_formatted
                0x000000000800140c       0x24 zephyr/libzephyr.a(log_output.c.obj)
 .text.newline_print
                0x0000000008001430       0x1c zephyr/libzephyr.a(log_output.c.obj)
 .text.log_output_process
                0x000000000800144c      0x2dc zephyr/libzephyr.a(log_output.c.obj)
                0x000000000800144c                log_output_process
 .text.log_output_dropped_process
                0x0000000008001728       0x58 zephyr/libzephyr.a(log_output.c.obj)
                0x0000000008001728                log_output_dropped_process
 .text.log_output_timestamp_freq_set
                0x0000000008001780       0x2c zephyr/libzephyr.a(log_output.c.obj)
                0x0000000008001780                log_output_timestamp_freq_set
 .text.char_out
                0x00000000080017ac       0x24 zephyr/libzephyr.a(log_backend_uart.c.obj)
 .text.z_arm_fatal_error
                0x00000000080017d0       0xb4 zephyr/arch/arch/arm/core/libarch__arm__core.a(fatal.c.obj)
                0x00000000080017d0                z_arm_fatal_error
 .text.z_arm_nmi
                0x0000000008001884       0x14 zephyr/arch/arch/arm/core/libarch__arm__core.a(nmi.c.obj)
                0x0000000008001884                z_arm_nmi
 .text.z_SysNmiOnReset
                0x0000000008001898        0x8 zephyr/arch/arch/arm/core/libarch__arm__core.a(nmi_on_reset.S.obj)
                0x0000000008001898                z_SysNmiOnReset
 .text.arch_tls_stack_setup
                0x00000000080018a0       0x40 zephyr/arch/arch/arm/core/libarch__arm__core.a(tls.c.obj)
                0x00000000080018a0                arch_tls_stack_setup
 .text._HandlerModeExit
                0x00000000080018e0       0x20 zephyr/arch/arch/arm/core/cortex_m/libarch__arm__core__cortex_m.a(exc_exit.c.obj)
                0x00000000080018e0                z_arm_exc_exit
                0x00000000080018e0                z_arm_int_exit
 .text.mem_manage_fault.constprop.0
                0x0000000008001900       0xac zephyr/arch/arch/arm/core/cortex_m/libarch__arm__core__cortex_m.a(fault.c.obj)
 .text.usage_fault.constprop.0
                0x00000000080019ac       0xa8 zephyr/arch/arch/arm/core/cortex_m/libarch__arm__core__cortex_m.a(fault.c.obj)
 .text.bus_fault.constprop.0
                0x0000000008001a54       0xb8 zephyr/arch/arch/arm/core/cortex_m/libarch__arm__core__cortex_m.a(fault.c.obj)
 .text.z_arm_fault
                0x0000000008001b0c      0x1d0 zephyr/arch/arch/arm/core/cortex_m/libarch__arm__core__cortex_m.a(fault.c.obj)
                0x0000000008001b0c                z_arm_fault
 .text.z_arm_fault_init
                0x0000000008001cdc       0x10 zephyr/arch/arch/arm/core/cortex_m/libarch__arm__core__cortex_m.a(fault.c.obj)
                0x0000000008001cdc                z_arm_fault_init
 .text.__fault  0x0000000008001cec       0x14 zephyr/arch/arch/arm/core/cortex_m/libarch__arm__core__cortex_m.a(fault_s.S.obj)
                0x0000000008001cec                z_arm_bus_fault
                0x0000000008001cec                z_arm_usage_fault
                0x0000000008001cec                z_arm_mpu_fault
                0x0000000008001cec                z_arm_exc_spurious
                0x0000000008001cec                z_arm_debug_monitor
                0x0000000008001cec                z_arm_hard_fault
 .text._reset_section
                0x0000000008001d00       0x2c zephyr/arch/arch/arm/core/cortex_m/libarch__arm__core__cortex_m.a(reset.S.obj)
                0x0000000008001d00                z_arm_reset
                0x0000000008001d00                __start
 .text.z_impl_k_thread_abort
                0x0000000008001d2c       0x2c zephyr/arch/arch/arm/core/cortex_m/libarch__arm__core__cortex_m.a(thread_abort.c.obj)
                0x0000000008001d2c                z_impl_k_thread_abort
 .text.arch_swap
                0x0000000008001d58       0x30 zephyr/arch/arch/arm/core/cortex_m/libarch__arm__core__cortex_m.a(swap.c.obj)
                0x0000000008001d58                arch_swap
 .text.z_arm_pendsv
                0x0000000008001d88       0x58 zephyr/arch/arch/arm/core/cortex_m/libarch__arm__core__cortex_m.a(swap_helper.S.obj)
                0x0000000008001d88                z_arm_pendsv
 .text.z_arm_svc
                0x0000000008001de0       0x20 zephyr/arch/arch/arm/core/cortex_m/libarch__arm__core__cortex_m.a(swap_helper.S.obj)
                0x0000000008001de0                z_arm_svc
 .text.arch_irq_enable
                0x0000000008001e00       0x1c zephyr/arch/arch/arm/core/cortex_m/libarch__arm__core__cortex_m.a(irq_manage.c.obj)
                0x0000000008001e00                arch_irq_enable
 .text.z_arm_irq_priority_set
                0x0000000008001e1c       0x2c zephyr/arch/arch/arm/core/cortex_m/libarch__arm__core__cortex_m.a(irq_manage.c.obj)
                0x0000000008001e1c                z_arm_irq_priority_set
 .text.z_prep_c
                0x0000000008001e48       0x30 zephyr/arch/arch/arm/core/cortex_m/libarch__arm__core__cortex_m.a(prep_c.c.obj)
                0x0000000008001e48                z_prep_c
 .text.arch_new_thread
                0x0000000008001e78       0x38 zephyr/arch/arch/arm/core/cortex_m/libarch__arm__core__cortex_m.a(thread.c.obj)
                0x0000000008001e78                arch_new_thread
 .text.arch_switch_to_main_thread
                0x0000000008001eb0       0x40 zephyr/arch/arch/arm/core/cortex_m/libarch__arm__core__cortex_m.a(thread.c.obj)
                0x0000000008001eb0                arch_switch_to_main_thread
 .text.z_arm_cpu_idle_init
                0x0000000008001ef0        0xc zephyr/arch/arch/arm/core/cortex_m/libarch__arm__core__cortex_m.a(cpu_idle.c.obj)
                0x0000000008001ef0                z_arm_cpu_idle_init
 .text.z_arm_interrupt_init
                0x0000000008001efc       0x18 zephyr/arch/arch/arm/core/cortex_m/libarch__arm__core__cortex_m.a(irq_init.c.obj)
                0x0000000008001efc                z_arm_interrupt_init
 .text._isr_wrapper
                0x0000000008001f14       0x24 zephyr/arch/arch/arm/core/cortex_m/libarch__arm__core__cortex_m.a(isr_wrapper.c.obj)
                0x0000000008001f14                _isr_wrapper
 .text.z_impl_zephyr_fputc
                0x0000000008001f38       0x10 zephyr/lib/libc/picolibc/liblib__libc__picolibc.a(libc-hooks.c.obj)
                0x0000000008001f38                z_impl_zephyr_fputc
 .text.__stdout_hook_install
                0x0000000008001f48       0x18 zephyr/lib/libc/picolibc/liblib__libc__picolibc.a(libc-hooks.c.obj)
                0x0000000008001f48                __stdout_hook_install
 .text.cbvprintf
                0x0000000008001f60       0x38 zephyr/lib/libc/picolibc/liblib__libc__picolibc.a(libc-hooks.c.obj)
                0x0000000008001f60                cbvprintf
 .text.malloc_prepare
                0x0000000008001f98       0x24 zephyr/lib/libc/common/liblib__libc__common.a(malloc.c.obj)
 .text.stm32_exti_isr
                0x0000000008001fbc       0x4c zephyr/drivers/interrupt_controller/libdrivers__interrupt_controller.a(intc_exti_stm32.c.obj)
 .text.stm32_fill_irq_table
                0x0000000008002008       0x18 zephyr/drivers/interrupt_controller/libdrivers__interrupt_controller.a(intc_exti_stm32.c.obj)
 .text.stm32_exti_enable
                0x0000000008002020       0x24 zephyr/drivers/interrupt_controller/libdrivers__interrupt_controller.a(intc_exti_stm32.c.obj)
                0x0000000008002020                stm32_exti_enable
 .text.stm32_exti_disable
                0x0000000008002044       0x18 zephyr/drivers/interrupt_controller/libdrivers__interrupt_controller.a(intc_exti_stm32.c.obj)
                0x0000000008002044                stm32_exti_disable
 .text.stm32_exti_trigger
                0x000000000800205c       0x60 zephyr/drivers/interrupt_controller/libdrivers__interrupt_controller.a(intc_exti_stm32.c.obj)
                0x000000000800205c                stm32_exti_trigger
 .text.stm32_exti_set_callback
                0x00000000080020bc       0x30 zephyr/drivers/interrupt_controller/libdrivers__interrupt_controller.a(intc_exti_stm32.c.obj)
                0x00000000080020bc                stm32_exti_set_callback
 .text.stm32_exti_unset_callback
                0x00000000080020ec       0x14 zephyr/drivers/interrupt_controller/libdrivers__interrupt_controller.a(intc_exti_stm32.c.obj)
                0x00000000080020ec                stm32_exti_unset_callback
 .text.stm32_clock_control_get_subsys_rate
                0x0000000008002100       0x4c zephyr/drivers/clock_control/libdrivers__clock_control.a(clock_stm32_ll_common.c.obj)
 .text.stm32_clock_control_init
                0x000000000800214c      0x104 zephyr/drivers/clock_control/libdrivers__clock_control.a(clock_stm32_ll_common.c.obj)
                0x000000000800214c                stm32_clock_control_init
 .text.config_pll_sysclock
                0x0000000008002250       0x1c zephyr/drivers/clock_control/libdrivers__clock_control.a(clock_stm32f1.c.obj)
                0x0000000008002250                config_pll_sysclock
 .text.uart_console_init
                0x000000000800226c       0x28 zephyr/drivers/console/libdrivers__console.a(uart_console.c.obj)
 .text.console_out
                0x0000000008002294       0x28 zephyr/drivers/console/libdrivers__console.a(uart_console.c.obj)
 .text.gpio_stm32_init
                0x00000000080022bc       0x30 zephyr/drivers/gpio/libdrivers__gpio.a(gpio_stm32.c.obj)
 .text.gpio_stm32_pin_interrupt_configure
                0x00000000080022ec       0xe4 zephyr/drivers/gpio/libdrivers__gpio.a(gpio_stm32.c.obj)
 .text.stm32_i2c_configure_timing
                0x00000000080023d0       0xa8 zephyr/drivers/i2c/libdrivers__i2c.a(i2c_ll_stm32_v1.c.obj)
                0x00000000080023d0                stm32_i2c_configure_timing
 .text.i2c_stm32_get_config.part.0
                0x0000000008002478       0x1c zephyr/drivers/i2c/libdrivers__i2c.a(i2c_ll_stm32.c.obj)
 .text.i2c_stm32_set_smbus_mode
                0x0000000008002494       0x54 zephyr/drivers/i2c/libdrivers__i2c.a(i2c_ll_stm32.c.obj)
                0x0000000008002494                i2c_stm32_set_smbus_mode
 .text.i2c_stm32_runtime_configure
                0x00000000080024e8       0x88 zephyr/drivers/i2c/libdrivers__i2c.a(i2c_ll_stm32.c.obj)
                0x00000000080024e8                i2c_stm32_runtime_configure
 .text.i2c_stm32_init
                0x0000000008002570      0x148 zephyr/drivers/i2c/libdrivers__i2c.a(i2c_ll_stm32.c.obj)
 .text.pinctrl_configure_pins
                0x00000000080026b8       0xf0 zephyr/drivers/pinctrl/libdrivers__pinctrl.a(pinctrl_stm32.c.obj)
                0x00000000080026b8                pinctrl_configure_pins
 .text.uart_stm32_set_baudrate.part.0
                0x00000000080027a8       0x14 zephyr/drivers/serial/libdrivers__serial.a(uart_stm32.c.obj)
 .text.uart_stm32_parameters_set
                0x00000000080027bc       0xf8 zephyr/drivers/serial/libdrivers__serial.a(uart_stm32.c.obj)
 .text.uart_stm32_init
                0x00000000080028b4       0xd8 zephyr/drivers/serial/libdrivers__serial.a(uart_stm32.c.obj)
 .text.uart_stm32_configure
                0x000000000800298c      0x13c zephyr/drivers/serial/libdrivers__serial.a(uart_stm32.c.obj)
 .text.elapsed  0x0000000008002ac8       0x4c zephyr/drivers/timer/libdrivers__timer.a(cortex_m_systick.c.obj)
 .text.sys_clock_driver_init
                0x0000000008002b14       0x38 zephyr/drivers/timer/libdrivers__timer.a(cortex_m_systick.c.obj)
 .text.sys_clock_isr
                0x0000000008002b4c       0x54 zephyr/drivers/timer/libdrivers__timer.a(cortex_m_systick.c.obj)
                0x0000000008002b4c                sys_clock_isr
 .text.sys_clock_set_timeout
                0x0000000008002ba0       0xfc zephyr/drivers/timer/libdrivers__timer.a(cortex_m_systick.c.obj)
                0x0000000008002ba0                sys_clock_set_timeout
 .text.sys_clock_elapsed
                0x0000000008002c9c       0x3c zephyr/drivers/timer/libdrivers__timer.a(cortex_m_systick.c.obj)
                0x0000000008002c9c                sys_clock_elapsed
 .text.HAL_RCC_GetSysClockFreq
                0x0000000008002cd8       0x4c modules/stm32/stm32cube/lib..__modules__hal__stm32__stm32cube.a(stm32f1xx_hal_rcc.c.obj)
                0x0000000008002cd8                HAL_RCC_GetSysClockFreq
 .text.LL_SetFlashLatency
                0x0000000008002d24       0x4c modules/stm32/stm32cube/lib..__modules__hal__stm32__stm32cube.a(stm32f1xx_ll_utils.c.obj)
                0x0000000008002d24                LL_SetFlashLatency
 .text.k_sys_fatal_error_handler
                0x0000000008002d70       0x20 zephyr/kernel/libkernel.a(fatal.c.obj)
                0x0000000008002d70                k_sys_fatal_error_handler
 .text.z_fatal_error
                0x0000000008002d90       0xe8 zephyr/kernel/libkernel.a(fatal.c.obj)
                0x0000000008002d90                z_fatal_error
 .text.z_sys_init_run_level
                0x0000000008002e78       0x2c zephyr/kernel/libkernel.a(init.c.obj)
 .text.bg_thread_main
                0x0000000008002ea4       0xc4 zephyr/kernel/libkernel.a(init.c.obj)
 .text.z_bss_zero
                0x0000000008002f68       0x18 zephyr/kernel/libkernel.a(init.c.obj)
                0x0000000008002f68                z_bss_zero
 .text.z_init_cpu
                0x0000000008002f80       0x68 zephyr/kernel/libkernel.a(init.c.obj)
                0x0000000008002f80                z_init_cpu
 .text.z_cstart
                0x0000000008002fe8       0xd0 zephyr/kernel/libkernel.a(init.c.obj)
                0x0000000008002fe8                z_cstart
 .text.z_impl_k_sem_give
                0x00000000080030b8       0x48 zephyr/kernel/libkernel.a(sem.c.obj)
                0x00000000080030b8                z_impl_k_sem_give
 .text.z_impl_k_sem_take
                0x0000000008003100       0x4c zephyr/kernel/libkernel.a(sem.c.obj)
                0x0000000008003100                z_impl_k_sem_take
 .text.z_impl_k_sem_reset
                0x000000000800314c       0x38 zephyr/kernel/libkernel.a(sem.c.obj)
                0x000000000800314c                z_impl_k_sem_reset
 .text.z_setup_new_thread
                0x0000000008003184       0x70 zephyr/kernel/libkernel.a(thread.c.obj)
                0x0000000008003184                z_setup_new_thread
 .text.z_impl_k_thread_create
                0x00000000080031f4       0x58 zephyr/kernel/libkernel.a(thread.c.obj)
                0x00000000080031f4                z_impl_k_thread_create
 .text.update_cache
                0x000000000800324c       0x3c zephyr/kernel/libkernel.a(sched.c.obj)
 .text.unready_thread
                0x0000000008003288       0x30 zephyr/kernel/libkernel.a(sched.c.obj)
 .text.ready_thread
                0x00000000080032b8       0x68 zephyr/kernel/libkernel.a(sched.c.obj)
 .text.z_thread_halt
                0x0000000008003320       0xd8 zephyr/kernel/libkernel.a(sched.c.obj)
 .text.move_thread_to_end_of_prio_q
                0x00000000080033f8       0x74 zephyr/kernel/libkernel.a(sched.c.obj)
                0x00000000080033f8                move_thread_to_end_of_prio_q
 .text.z_pend_curr
                0x000000000800346c       0x58 zephyr/kernel/libkernel.a(sched.c.obj)
                0x000000000800346c                z_pend_curr
 .text.z_reschedule
                0x00000000080034c4       0x24 zephyr/kernel/libkernel.a(sched.c.obj)
                0x00000000080034c4                z_reschedule
 .text.z_sched_start
                0x00000000080034e8       0x3c zephyr/kernel/libkernel.a(sched.c.obj)
                0x00000000080034e8                z_sched_start
 .text.z_reschedule_irqlock
                0x0000000008003524       0x28 zephyr/kernel/libkernel.a(sched.c.obj)
                0x0000000008003524                z_reschedule_irqlock
 .text.k_sched_lock
                0x000000000800354c       0x28 zephyr/kernel/libkernel.a(sched.c.obj)
                0x000000000800354c                k_sched_lock
 .text.k_sched_unlock
                0x0000000008003574       0x40 zephyr/kernel/libkernel.a(sched.c.obj)
                0x0000000008003574                k_sched_unlock
 .text.z_sched_init
                0x00000000080035b4       0x10 zephyr/kernel/libkernel.a(sched.c.obj)
                0x00000000080035b4                z_sched_init
 .text.z_impl_k_yield
                0x00000000080035c4       0x7c zephyr/kernel/libkernel.a(sched.c.obj)
                0x00000000080035c4                z_impl_k_yield
 .text.z_tick_sleep
                0x0000000008003640       0x88 zephyr/kernel/libkernel.a(sched.c.obj)
 .text.z_impl_k_sleep
                0x00000000080036c8       0x3c zephyr/kernel/libkernel.a(sched.c.obj)
                0x00000000080036c8                z_impl_k_sleep
 .text.z_impl_k_sched_current_thread_query
                0x0000000008003704        0xc zephyr/kernel/libkernel.a(sched.c.obj)
                0x0000000008003704                z_impl_k_sched_current_thread_query
 .text.slice_timeout
                0x0000000008003710       0x20 zephyr/kernel/libkernel.a(timeslicing.c.obj)
 .text.thread_is_sliceable
                0x0000000008003730       0x3c zephyr/kernel/libkernel.a(timeslicing.c.obj)
                0x0000000008003730                thread_is_sliceable
 .text.z_reset_time_slice
                0x000000000800376c       0x50 zephyr/kernel/libkernel.a(timeslicing.c.obj)
                0x000000000800376c                z_reset_time_slice
 .text.z_time_slice
                0x00000000080037bc       0x60 zephyr/kernel/libkernel.a(timeslicing.c.obj)
                0x00000000080037bc                z_time_slice
 .text.z_data_copy
                0x000000000800381c       0x38 zephyr/kernel/libkernel.a(xip.c.obj)
                0x000000000800381c                z_data_copy
 .text.elapsed  0x0000000008003854       0x14 zephyr/kernel/libkernel.a(timeout.c.obj)
 .text.remove_timeout
                0x0000000008003868       0x38 zephyr/kernel/libkernel.a(timeout.c.obj)
 .text.next_timeout
                0x00000000080038a0       0x40 zephyr/kernel/libkernel.a(timeout.c.obj)
 .text.z_add_timeout
                0x00000000080038e0       0xf4 zephyr/kernel/libkernel.a(timeout.c.obj)
                0x00000000080038e0                z_add_timeout
 .text.sys_clock_announce
                0x00000000080039d4       0xd0 zephyr/kernel/libkernel.a(timeout.c.obj)
                0x00000000080039d4                sys_clock_announce
 .text.sys_clock_tick_get
                0x0000000008003aa4       0x30 zephyr/kernel/libkernel.a(timeout.c.obj)
                0x0000000008003aa4                sys_clock_tick_get
 .text.z_timer_expiration_handler
                0x0000000008003ad4       0xe0 zephyr/kernel/libkernel.a(timer.c.obj)
                0x0000000008003ad4                z_timer_expiration_handler
 .text.z_impl_k_timer_start
                0x0000000008003bb4       0x74 zephyr/kernel/libkernel.a(timer.c.obj)
                0x0000000008003bb4                z_impl_k_timer_start
 .text.boot_banner
                0x0000000008003c28        0xc zephyr/kernel/libkernel.a(banner.c.obj)
                0x0000000008003c28                boot_banner
 .text.snprintf
                0x0000000008003c34       0x58 /home/romain/zephyr-sdk-0.16.1/arm-zephyr-eabi/bin/../lib/gcc/../../picolibc/arm-zephyr-eabi/lib/thumb/v7-m/nofp/libc.a(libc_tinystdio_snprintf.c.o)
                0x0000000008003c34                snprintf
 .text.skip_to_arg
                0x0000000008003c8c      0x134 /home/romain/zephyr-sdk-0.16.1/arm-zephyr-eabi/bin/../lib/gcc/../../picolibc/arm-zephyr-eabi/lib/thumb/v7-m/nofp/libc.a(libc_tinystdio_vfprintf.c.o)
 .text.vfprintf
                0x0000000008003dc0      0xba8 /home/romain/zephyr-sdk-0.16.1/arm-zephyr-eabi/bin/../lib/gcc/../../picolibc/arm-zephyr-eabi/lib/thumb/v7-m/nofp/libc.a(libc_tinystdio_vfprintf.c.o)
                0x0000000008003dc0                __d_vfprintf
                0x0000000008003dc0                vfprintf
 .text.div10    0x0000000008004968       0x28 /home/romain/zephyr-sdk-0.16.1/arm-zephyr-eabi/bin/../lib/gcc/../../picolibc/arm-zephyr-eabi/lib/thumb/v7-m/nofp/libc.a(libc_tinystdio_dtoa_ryu.c.o)
 .text.__dtoa_engine
                0x0000000008004990      0x4a4 /home/romain/zephyr-sdk-0.16.1/arm-zephyr-eabi/bin/../lib/gcc/../../picolibc/arm-zephyr-eabi/lib/thumb/v7-m/nofp/libc.a(libc_tinystdio_dtoa_ryu.c.o)
                0x0000000008004990                __dtoa_engine
 .text.__pow5Factor
                0x0000000008004e34       0x30 /home/romain/zephyr-sdk-0.16.1/arm-zephyr-eabi/bin/../lib/gcc/../../picolibc/arm-zephyr-eabi/lib/thumb/v7-m/nofp/libc.a(libc_tinystdio_ryu_table.c.o)
                0x0000000008004e34                __pow5Factor
 .text.__double_computePow5
                0x0000000008004e64       0xe8 /home/romain/zephyr-sdk-0.16.1/arm-zephyr-eabi/bin/../lib/gcc/../../picolibc/arm-zephyr-eabi/lib/thumb/v7-m/nofp/libc.a(libc_tinystdio_ryu_table.c.o)
                0x0000000008004e64                __double_computePow5
 .text.__double_computeInvPow5
                0x0000000008004f4c       0xf8 /home/romain/zephyr-sdk-0.16.1/arm-zephyr-eabi/bin/../lib/gcc/../../picolibc/arm-zephyr-eabi/lib/thumb/v7-m/nofp/libc.a(libc_tinystdio_ryu_table.c.o)
                0x0000000008004f4c                __double_computeInvPow5
 .text.__log10Pow2
                0x0000000008005044        0xc /home/romain/zephyr-sdk-0.16.1/arm-zephyr-eabi/bin/../lib/gcc/../../picolibc/arm-zephyr-eabi/lib/thumb/v7-m/nofp/libc.a(libc_tinystdio_ryu_log10.c.o)
                0x0000000008005044                __log10Pow2
 .text.__log10Pow5
                0x0000000008005050        0xc /home/romain/zephyr-sdk-0.16.1/arm-zephyr-eabi/bin/../lib/gcc/../../picolibc/arm-zephyr-eabi/lib/thumb/v7-m/nofp/libc.a(libc_tinystdio_ryu_log10.c.o)
                0x0000000008005050                __log10Pow5
 .text.__pow5bits
                0x000000000800505c       0x10 /home/romain/zephyr-sdk-0.16.1/arm-zephyr-eabi/bin/../lib/gcc/../../picolibc/arm-zephyr-eabi/lib/thumb/v7-m/nofp/libc.a(libc_tinystdio_ryu_pow5bits.c.o)
                0x000000000800505c                __pow5bits
 .text._OffsetAbsSyms
                0x000000000800506c        0x2 zephyr/CMakeFiles/offsets.dir/./arch/arm/core/offsets/offsets.c.obj
                0x000000000800506c                _OffsetAbsSyms
 .text.gpio_pin_set.isra.0
                0x000000000800506e       0x20 app/libapp.a(main.c.obj)
 .text.gpio_pin_configure.isra.0
                0x000000000800508e       0x1c app/libapp.a(main.c.obj)
 .text.k_msleep.constprop.0.isra.0
                0x00000000080050aa        0xa app/libapp.a(main.c.obj)
 .text.chunk_size
                0x00000000080050b4        0xa zephyr/libzephyr.a(heap.c.obj)
 .text.free_list_add
                0x00000000080050be       0x4e zephyr/libzephyr.a(heap.c.obj)
 .text.sys_heap_init
                0x000000000800510c       0x7a zephyr/libzephyr.a(heap.c.obj)
                0x000000000800510c                sys_heap_init
 .text.cbpprintf_external
                0x0000000008005186       0x62 zephyr/libzephyr.a(cbprintf_packaged.c.obj)
                0x0000000008005186                cbpprintf_external
 .text.is_ptr   0x00000000080051e8       0x4a zephyr/libzephyr.a(cbprintf_packaged.c.obj)
                0x00000000080051e8                is_ptr
 .text.arch_printk_char_out
                0x0000000008005232        0x4 zephyr/libzephyr.a(printk.c.obj)
                0x0000000008005232                arch_printk_char_out
 .text.printk   0x0000000008005236       0x1a zephyr/libzephyr.a(printk.c.obj)
                0x0000000008005236                printk
 .text.free_space
                0x0000000008005250       0x26 zephyr/libzephyr.a(mpsc_pbuf.c.obj)
 .text.get_usage
                0x0000000008005276       0x22 zephyr/libzephyr.a(mpsc_pbuf.c.obj)
 .text.idx_inc  0x0000000008005298       0x1c zephyr/libzephyr.a(mpsc_pbuf.c.obj)
 .text.rd_idx_inc
                0x00000000080052b4       0x18 zephyr/libzephyr.a(mpsc_pbuf.c.obj)
 .text.add_skip_item
                0x00000000080052cc       0x3e zephyr/libzephyr.a(mpsc_pbuf.c.obj)
 .text.drop_item_locked
                0x000000000800530a       0xee zephyr/libzephyr.a(mpsc_pbuf.c.obj)
 .text.post_drop_action
                0x00000000080053f8       0x36 zephyr/libzephyr.a(mpsc_pbuf.c.obj)
 .text.max_utilization_update
                0x000000000800542e       0x1a zephyr/libzephyr.a(mpsc_pbuf.c.obj)
 .text.mpsc_pbuf_init
                0x0000000008005448       0x42 zephyr/libzephyr.a(mpsc_pbuf.c.obj)
                0x0000000008005448                mpsc_pbuf_init
 .text.mpsc_pbuf_alloc
                0x000000000800548a       0xfe zephyr/libzephyr.a(mpsc_pbuf.c.obj)
                0x000000000800548a                mpsc_pbuf_alloc
 .text.mpsc_pbuf_commit
                0x0000000008005588       0x3e zephyr/libzephyr.a(mpsc_pbuf.c.obj)
                0x0000000008005588                mpsc_pbuf_commit
 .text.mpsc_pbuf_claim
                0x00000000080055c6       0xa8 zephyr/libzephyr.a(mpsc_pbuf.c.obj)
                0x00000000080055c6                mpsc_pbuf_claim
 .text.mpsc_pbuf_free
                0x000000000800566e       0x76 zephyr/libzephyr.a(mpsc_pbuf.c.obj)
                0x000000000800566e                mpsc_pbuf_free
 .text.mpsc_pbuf_is_pending
                0x00000000080056e4       0x1a zephyr/libzephyr.a(mpsc_pbuf.c.obj)
                0x00000000080056e4                mpsc_pbuf_is_pending
 .text._ConfigAbsSyms
                0x00000000080056fe        0x2 zephyr/libzephyr.a(configs.c.obj)
                0x00000000080056fe                _ConfigAbsSyms
 .text.log_msg_generic_get_wlen
                0x0000000008005700       0x20 zephyr/libzephyr.a(log_core.c.obj)
 .text.dummy_timestamp
                0x0000000008005720        0x4 zephyr/libzephyr.a(log_core.c.obj)
 .text.atomic_inc
                0x0000000008005724       0x1a zephyr/libzephyr.a(log_core.c.obj)
 .text.default_lf_get_timestamp
                0x000000000800573e       0x10 zephyr/libzephyr.a(log_core.c.obj)
 .text.z_log_vprintk
                0x000000000800574e       0x1c zephyr/libzephyr.a(log_core.c.obj)
                0x000000000800574e                z_log_vprintk
 .text.z_log_notify_drop
                0x000000000800576a        0x6 zephyr/libzephyr.a(log_core.c.obj)
 .text.z_log_get_tag
                0x0000000008005770        0x4 zephyr/libzephyr.a(log_core.c.obj)
                0x0000000008005770                z_log_get_tag
 .text.log_backend_enable
                0x0000000008005774       0x12 zephyr/libzephyr.a(log_mgmt.c.obj)
                0x0000000008005774                log_backend_enable
 .text.z_cbprintf_cpy
                0x0000000008005786       0x2c zephyr/libzephyr.a(log_msg.c.obj)
 .text.z_log_msg_finalize
                0x00000000080057b2       0x32 zephyr/libzephyr.a(log_msg.c.obj)
                0x00000000080057b2                z_log_msg_finalize
 .text.z_log_msg_simple_create
                0x00000000080057e4       0x6e zephyr/libzephyr.a(log_msg.c.obj)
 .text.z_impl_z_log_msg_simple_create_0
                0x0000000008005852       0x12 zephyr/libzephyr.a(log_msg.c.obj)
                0x0000000008005852                z_impl_z_log_msg_simple_create_0
 .text.z_impl_z_log_msg_simple_create_1
                0x0000000008005864       0x14 zephyr/libzephyr.a(log_msg.c.obj)
                0x0000000008005864                z_impl_z_log_msg_simple_create_1
 .text.buffer_write
                0x0000000008005878       0x1c zephyr/libzephyr.a(log_output.c.obj)
 .text.log_output_flush
                0x0000000008005894       0x18 zephyr/libzephyr.a(log_output.c.obj)
                0x0000000008005894                log_output_flush
 .text.out_func
                0x00000000080058ac       0x36 zephyr/libzephyr.a(log_output.c.obj)
 .text.cr_out_func
                0x00000000080058e2       0x1c zephyr/libzephyr.a(log_output.c.obj)
 .text.log_output_msg_process
                0x00000000080058fe       0x6a zephyr/libzephyr.a(log_output.c.obj)
                0x00000000080058fe                log_output_msg_process
 .text.format_set
                0x0000000008005968        0xc zephyr/libzephyr.a(log_backend_uart.c.obj)
 .text.log_backend_uart_init
                0x0000000008005974        0xc zephyr/libzephyr.a(log_backend_uart.c.obj)
 .text.panic    0x0000000008005980       0x10 zephyr/libzephyr.a(log_backend_uart.c.obj)
 .text.dropped  0x0000000008005990        0xa zephyr/libzephyr.a(log_backend_uart.c.obj)
 .text.process  0x000000000800599a       0x1e zephyr/libzephyr.a(log_backend_uart.c.obj)
 .text.z_do_kernel_oops
                0x00000000080059b8        0x8 zephyr/arch/arch/arm/core/libarch__arm__core.a(fatal.c.obj)
                0x00000000080059b8                z_do_kernel_oops
 .text.z_log_msg_simple_create_0.constprop.0
                0x00000000080059c0        0x8 zephyr/arch/arch/arm/core/cortex_m/libarch__arm__core__cortex_m.a(fault.c.obj)
 .text.z_irq_spurious
                0x00000000080059c8        0x8 zephyr/arch/arch/arm/core/cortex_m/libarch__arm__core__cortex_m.a(irq_manage.c.obj)
                0x00000000080059c8                z_irq_spurious
 .text.arch_irq_unlock_outlined
                0x00000000080059d0        0xe zephyr/arch/arch/arm/core/cortex_m/libarch__arm__core__cortex_m.a(thread.c.obj)
                0x00000000080059d0                arch_irq_unlock_outlined
 .text.arch_cpu_idle
                0x00000000080059de       0x1a zephyr/arch/arch/arm/core/cortex_m/libarch__arm__core__cortex_m.a(cpu_idle.c.obj)
                0x00000000080059de                arch_cpu_idle
 .text.cbputc   0x00000000080059f8        0xc zephyr/lib/libc/picolibc/liblib__libc__picolibc.a(libc-hooks.c.obj)
 .text.picolibc_put
                0x0000000008005a04        0xa zephyr/lib/libc/picolibc/liblib__libc__picolibc.a(libc-hooks.c.obj)
 .text.stm32_exti_init
                0x0000000008005a0e       0x92 zephyr/drivers/interrupt_controller/libdrivers__interrupt_controller.a(intc_exti_stm32.c.obj)
 .text.stm32_clock_control_on
                0x0000000008005aa0       0x38 zephyr/drivers/clock_control/libdrivers__clock_control.a(clock_stm32_ll_common.c.obj)
 .text.stm32_clock_control_off
                0x0000000008005ad8       0x24 zephyr/drivers/clock_control/libdrivers__clock_control.a(clock_stm32_ll_common.c.obj)
 .text.stm32_clock_control_configure
                0x0000000008005afc       0x5a zephyr/drivers/clock_control/libdrivers__clock_control.a(clock_stm32_ll_common.c.obj)
 .text.stm32_clock_control_get_status
                0x0000000008005b56       0x34 zephyr/drivers/clock_control/libdrivers__clock_control.a(clock_stm32_ll_common.c.obj)
 .text.config_regulator_voltage
                0x0000000008005b8a        0x2 zephyr/drivers/clock_control/libdrivers__clock_control.a(clock_stm32_ll_common.c.obj)
                0x0000000008005b8a                config_regulator_voltage
 .text.config_enable_default_clocks
                0x0000000008005b8c        0x2 zephyr/drivers/clock_control/libdrivers__clock_control.a(clock_stm32f1.c.obj)
                0x0000000008005b8c                config_enable_default_clocks
 .text.gpio_stm32_port_get_raw
                0x0000000008005b8e        0xc zephyr/drivers/gpio/libdrivers__gpio.a(gpio_stm32.c.obj)
 .text.gpio_stm32_port_set_masked_raw
                0x0000000008005b9a       0x12 zephyr/drivers/gpio/libdrivers__gpio.a(gpio_stm32.c.obj)
 .text.gpio_stm32_port_set_bits_raw
                0x0000000008005bac        0xa zephyr/drivers/gpio/libdrivers__gpio.a(gpio_stm32.c.obj)
 .text.gpio_stm32_port_clear_bits_raw
                0x0000000008005bb6        0xa zephyr/drivers/gpio/libdrivers__gpio.a(gpio_stm32.c.obj)
 .text.gpio_stm32_port_toggle_bits
                0x0000000008005bc0        0xe zephyr/drivers/gpio/libdrivers__gpio.a(gpio_stm32.c.obj)
 .text.gpio_stm32_manage_callback
                0x0000000008005bce       0x52 zephyr/drivers/gpio/libdrivers__gpio.a(gpio_stm32.c.obj)
 .text.LL_GPIO_SetPinMode
                0x0000000008005c20       0x2c zephyr/drivers/gpio/libdrivers__gpio.a(gpio_stm32.c.obj)
 .text.LL_GPIO_SetPinSpeed
                0x0000000008005c4c       0x2c zephyr/drivers/gpio/libdrivers__gpio.a(gpio_stm32.c.obj)
 .text.LL_GPIO_SetPinOutputType
                0x0000000008005c78       0x2c zephyr/drivers/gpio/libdrivers__gpio.a(gpio_stm32.c.obj)
 .text.gpio_stm32_isr
                0x0000000008005ca4       0x2e zephyr/drivers/gpio/libdrivers__gpio.a(gpio_stm32.c.obj)
 .text.gpio_stm32_configure_raw.constprop.0.isra.0
                0x0000000008005cd2       0xaa zephyr/drivers/gpio/libdrivers__gpio.a(gpio_stm32.c.obj)
 .text.gpio_stm32_config
                0x0000000008005d7c       0x72 zephyr/drivers/gpio/libdrivers__gpio.a(gpio_stm32.c.obj)
 .text.gpio_stm32_configure
                0x0000000008005dee       0x2a zephyr/drivers/gpio/libdrivers__gpio.a(gpio_stm32.c.obj)
                0x0000000008005dee                gpio_stm32_configure
 .text.LL_I2C_ClearFlag_ADDR
                0x0000000008005e18       0x12 zephyr/drivers/i2c/libdrivers__i2c.a(i2c_ll_stm32_v1.c.obj)
 .text.stm32_i2c_disable_transfer_interrupts
                0x0000000008005e2a       0x36 zephyr/drivers/i2c/libdrivers__i2c.a(i2c_ll_stm32_v1.c.obj)
 .text.stm32_i2c_reset
                0x0000000008005e60       0x4c zephyr/drivers/i2c/libdrivers__i2c.a(i2c_ll_stm32_v1.c.obj)
 .text.stm32_i2c_master_finish
                0x0000000008005eac       0x1c zephyr/drivers/i2c/libdrivers__i2c.a(i2c_ll_stm32_v1.c.obj)
 .text.handle_txe
                0x0000000008005ec8       0x4a zephyr/drivers/i2c/libdrivers__i2c.a(i2c_ll_stm32_v1.c.obj)
 .text.msg_end.constprop.0
                0x0000000008005f12       0x42 zephyr/drivers/i2c/libdrivers__i2c.a(i2c_ll_stm32_v1.c.obj)
 .text.stm32_i2c_enable_transfer_interrupts.isra.0
                0x0000000008005f54       0x1c zephyr/drivers/i2c/libdrivers__i2c.a(i2c_ll_stm32_v1.c.obj)
 .text.msg_init.constprop.0
                0x0000000008005f70       0x72 zephyr/drivers/i2c/libdrivers__i2c.a(i2c_ll_stm32_v1.c.obj)
 .text.handle_rxne
                0x0000000008005fe2       0x9c zephyr/drivers/i2c/libdrivers__i2c.a(i2c_ll_stm32_v1.c.obj)
 .text.stm32_i2c_event_isr
                0x000000000800607e      0x198 zephyr/drivers/i2c/libdrivers__i2c.a(i2c_ll_stm32_v1.c.obj)
                0x000000000800607e                stm32_i2c_event_isr
 .text.stm32_i2c_error_isr
                0x0000000008006216       0x50 zephyr/drivers/i2c/libdrivers__i2c.a(i2c_ll_stm32_v1.c.obj)
                0x0000000008006216                stm32_i2c_error_isr
 .text.stm32_i2c_transaction
                0x0000000008006266       0x74 zephyr/drivers/i2c/libdrivers__i2c.a(i2c_ll_stm32_v1.c.obj)
                0x0000000008006266                stm32_i2c_transaction
 .text.i2c_stm32_irq_config_func_0
                0x00000000080062da       0x26 zephyr/drivers/i2c/libdrivers__i2c.a(i2c_ll_stm32.c.obj)
 .text.i2c_stm32_transfer
                0x0000000008006300       0x94 zephyr/drivers/i2c/libdrivers__i2c.a(i2c_ll_stm32.c.obj)
 .text.i2c_stm32_get_config
                0x0000000008006394       0x14 zephyr/drivers/i2c/libdrivers__i2c.a(i2c_ll_stm32.c.obj)
                0x0000000008006394                i2c_stm32_get_config
 .text.pinctrl_lookup_state
                0x00000000080063a8       0x26 zephyr/drivers/pinctrl/libdrivers__pinctrl.a(common.c.obj)
                0x00000000080063a8                pinctrl_lookup_state
 .text.reset_stm32_status
                0x00000000080063ce       0x20 zephyr/drivers/reset/libdrivers__reset.a(reset_stm32.c.obj)
 .text.reset_stm32_line_assert
                0x00000000080063ee       0x1c zephyr/drivers/reset/libdrivers__reset.a(reset_stm32.c.obj)
 .text.reset_stm32_line_deassert
                0x000000000800640a       0x1e zephyr/drivers/reset/libdrivers__reset.a(reset_stm32.c.obj)
 .text.reset_stm32_line_toggle
                0x0000000008006428       0x16 zephyr/drivers/reset/libdrivers__reset.a(reset_stm32.c.obj)
 .text.LL_USART_ClearFlag_PE
                0x000000000800643e       0x12 zephyr/drivers/serial/libdrivers__serial.a(uart_stm32.c.obj)
 .text.uart_stm32_err_check
                0x0000000008006450       0x5e zephyr/drivers/serial/libdrivers__serial.a(uart_stm32.c.obj)
 .text.uart_stm32_poll_out
                0x00000000080064ae       0x36 zephyr/drivers/serial/libdrivers__serial.a(uart_stm32.c.obj)
 .text.uart_stm32_poll_in
                0x00000000080064e4       0x22 zephyr/drivers/serial/libdrivers__serial.a(uart_stm32.c.obj)
 .text.uart_stm32_config_get
                0x0000000008006506       0x8e zephyr/drivers/serial/libdrivers__serial.a(uart_stm32.c.obj)
 .text.uart_stm32_set_baudrate
                0x0000000008006594       0x4c zephyr/drivers/serial/libdrivers__serial.a(uart_stm32.c.obj)
 .text.z_device_state_init
                0x00000000080065e0        0x2 zephyr/kernel/libkernel.a(device.c.obj)
                0x00000000080065e0                z_device_state_init
 .text.z_impl_device_is_ready
                0x00000000080065e2       0x16 zephyr/kernel/libkernel.a(device.c.obj)
                0x00000000080065e2                z_impl_device_is_ready
 .text.arch_system_halt
                0x00000000080065f8       0x10 zephyr/kernel/libkernel.a(fatal.c.obj)
                0x00000000080065f8                arch_system_halt
 .text.do_device_init
                0x0000000008006608       0x30 zephyr/kernel/libkernel.a(init.c.obj)
 .text.z_early_memset
                0x0000000008006638        0x4 zephyr/kernel/libkernel.a(init.c.obj)
                0x0000000008006638                z_early_memset
 .text.z_early_memcpy
                0x000000000800663c        0x4 zephyr/kernel/libkernel.a(init.c.obj)
                0x000000000800663c                z_early_memcpy
 .text.z_init_static
                0x0000000008006640        0x2 zephyr/kernel/libkernel.a(init_static.c.obj)
                0x0000000008006640                z_init_static
 .text.idle     0x0000000008006642       0x16 zephyr/kernel/libkernel.a(idle.c.obj)
                0x0000000008006642                idle
 .text.z_impl_k_sem_init
                0x0000000008006658       0x18 zephyr/kernel/libkernel.a(sem.c.obj)
                0x0000000008006658                z_impl_k_sem_init
 .text.k_is_in_isr
                0x0000000008006670        0xc zephyr/kernel/libkernel.a(thread.c.obj)
                0x0000000008006670                k_is_in_isr
 .text.z_impl_k_thread_name_set
                0x000000000800667c        0x6 zephyr/kernel/libkernel.a(thread.c.obj)
                0x000000000800667c                z_impl_k_thread_name_set
 .text.k_thread_name_get
                0x0000000008006682        0x4 zephyr/kernel/libkernel.a(thread.c.obj)
                0x0000000008006682                k_thread_name_get
 .text.z_impl_k_thread_start
                0x0000000008006686        0x4 zephyr/kernel/libkernel.a(thread.c.obj)
                0x0000000008006686                z_impl_k_thread_start
 .text.sys_dlist_remove
                0x000000000800668a       0x10 zephyr/kernel/libkernel.a(sched.c.obj)
 .text.unpend_thread_no_timeout
                0x000000000800669a       0x14 zephyr/kernel/libkernel.a(sched.c.obj)
 .text.add_to_waitq_locked
                0x00000000080066ae       0x50 zephyr/kernel/libkernel.a(sched.c.obj)
 .text.z_ready_thread
                0x00000000080066fe       0x1e zephyr/kernel/libkernel.a(sched.c.obj)
                0x00000000080066fe                z_ready_thread
 .text.z_impl_k_thread_suspend
                0x000000000800671c       0x32 zephyr/kernel/libkernel.a(sched.c.obj)
                0x000000000800671c                z_impl_k_thread_suspend
 .text.z_unpend_thread_no_timeout
                0x000000000800674e       0x22 zephyr/kernel/libkernel.a(sched.c.obj)
                0x000000000800674e                z_unpend_thread_no_timeout
 .text.z_sched_wake_thread
                0x0000000008006770       0x42 zephyr/kernel/libkernel.a(sched.c.obj)
                0x0000000008006770                z_sched_wake_thread
 .text.z_thread_timeout
                0x00000000080067b2        0x8 zephyr/kernel/libkernel.a(sched.c.obj)
                0x00000000080067b2                z_thread_timeout
 .text.z_unpend1_no_timeout
                0x00000000080067ba       0x2c zephyr/kernel/libkernel.a(sched.c.obj)
                0x00000000080067ba                z_unpend1_no_timeout
 .text.z_unpend_first_thread
                0x00000000080067e6       0x36 zephyr/kernel/libkernel.a(sched.c.obj)
                0x00000000080067e6                z_unpend_first_thread
 .text.z_thread_abort
                0x000000000800681c       0x44 zephyr/kernel/libkernel.a(sched.c.obj)
                0x000000000800681c                z_thread_abort
 .text.z_abort_timeout
                0x0000000008006860       0x2a zephyr/kernel/libkernel.a(timeout.c.obj)
                0x0000000008006860                z_abort_timeout
 .text.sys_clock_tick_get_32
                0x000000000800688a        0x8 zephyr/kernel/libkernel.a(timeout.c.obj)
                0x000000000800688a                sys_clock_tick_get_32
 .text.z_impl_k_uptime_ticks
                0x0000000008006892        0x4 zephyr/kernel/libkernel.a(timeout.c.obj)
                0x0000000008006892                z_impl_k_uptime_ticks
 .text.k_timer_init
                0x0000000008006896       0x18 zephyr/kernel/libkernel.a(timer.c.obj)
                0x0000000008006896                k_timer_init
 .text.z_impl_k_timer_stop
                0x00000000080068ae       0x38 zephyr/kernel/libkernel.a(timer.c.obj)
                0x00000000080068ae                z_impl_k_timer_stop
 .text.strnlen  0x00000000080068e6       0x18 /home/romain/zephyr-sdk-0.16.1/arm-zephyr-eabi/bin/../lib/gcc/../../picolibc/arm-zephyr-eabi/lib/thumb/v7-m/nofp/libc.a(libc_string_strnlen.c.o)
                0x00000000080068e6                strnlen
 .text.__ultoa_invert
                0x00000000080068fe       0x54 /home/romain/zephyr-sdk-0.16.1/arm-zephyr-eabi/bin/../lib/gcc/../../picolibc/arm-zephyr-eabi/lib/thumb/v7-m/nofp/libc.a(libc_tinystdio_vfprintf.c.o)
 .text.mulShiftAll64
                0x0000000008006952      0x17a /home/romain/zephyr-sdk-0.16.1/arm-zephyr-eabi/bin/../lib/gcc/../../picolibc/arm-zephyr-eabi/lib/thumb/v7-m/nofp/libc.a(libc_tinystdio_dtoa_ryu.c.o)
 .text.__umul128
                0x0000000008006acc       0x36 /home/romain/zephyr-sdk-0.16.1/arm-zephyr-eabi/bin/../lib/gcc/../../picolibc/arm-zephyr-eabi/lib/thumb/v7-m/nofp/libc.a(libc_tinystdio_ryu_umul128.c.o)
                0x0000000008006acc                __umul128
 .text.__shiftright128
                0x0000000008006b02       0x3e /home/romain/zephyr-sdk-0.16.1/arm-zephyr-eabi/bin/../lib/gcc/../../picolibc/arm-zephyr-eabi/lib/thumb/v7-m/nofp/libc.a(libc_tinystdio_ryu_umul128.c.o)
                0x0000000008006b02                __shiftright128
 .text.memcpy   0x0000000008006b40       0x1c /home/romain/zephyr-sdk-0.16.1/arm-zephyr-eabi/bin/../lib/gcc/../../picolibc/arm-zephyr-eabi/lib/thumb/v7-m/nofp/libc.a(memcpy.c.o)
                0x0000000008006b40                memcpy
                0x0000000008006b40                __aeabi_memcpy
                0x0000000008006b40                __aeabi_memcpy4
                0x0000000008006b40                __aeabi_memcpy8
 .text.memset   0x0000000008006b5c       0x10 /home/romain/zephyr-sdk-0.16.1/arm-zephyr-eabi/bin/../lib/gcc/../../picolibc/arm-zephyr-eabi/lib/thumb/v7-m/nofp/libc.a(memset.c.o)
                0x0000000008006b5c                memset
 .text.__file_str_put
                0x0000000008006b6c       0x10 /home/romain/zephyr-sdk-0.16.1/arm-zephyr-eabi/bin/../lib/gcc/../../picolibc/arm-zephyr-eabi/lib/thumb/v7-m/nofp/libc.a(libc_tinystdio_filestrput.c.o)
                0x0000000008006b6c                __file_str_put
 *(SORT_BY_ALIGNMENT(.TEXT.*))
 .TEXT.__aeabi_read_tp
                0x0000000008006b7c        0xc zephyr/arch/arch/arm/core/cortex_m/libarch__arm__core__cortex_m.a(__aeabi_read_tp.S.obj)
                0x0000000008006b7c                __aeabi_read_tp
 *(SORT_BY_ALIGNMENT(.gnu.linkonce.t.*))
 *(SORT_BY_ALIGNMENT(.glue_7t))
 .glue_7t       0x0000000008006b88        0x0 linker stubs
 *(SORT_BY_ALIGNMENT(.glue_7))
 .glue_7        0x0000000008006b88        0x0 linker stubs
 *(SORT_BY_ALIGNMENT(.vfp11_veneer))
 .vfp11_veneer  0x0000000008006b88        0x0 linker stubs
 *(SORT_BY_ALIGNMENT(.v4_bx))
 .v4_bx         0x0000000008006b88        0x0 linker stubs
                0x0000000008006b88                . = ALIGN (0x4)
                0x0000000008006b88                __text_region_end = .

.ARM.exidx      0x0000000008006b88        0x8
                0x0000000008006b88                __exidx_start = .
 *(SORT_BY_ALIGNMENT(.ARM.exidx*) SORT_BY_ALIGNMENT(gnu.linkonce.armexidx.*))
 .ARM.exidx     0x0000000008006b88        0x8 /home/romain/zephyr-sdk-0.16.1/arm-zephyr-eabi/bin/../lib/gcc/arm-zephyr-eabi/12.2.0/thumb/v7-m/nofp/libgcc.a(_udivmoddi4.o)
                0x0000000008006b90                __exidx_end = .
                0x0000000008006b90                __rodata_region_start = .

initlevel       0x0000000008006b90       0x88
                0x0000000008006b90                __init_start = .
                0x0000000008006b90                __init_EARLY_start = .
 *(SORT_BY_NAME(SORT_BY_ALIGNMENT(.z_init_EARLY?_*)))
 *(SORT_BY_NAME(SORT_BY_ALIGNMENT(.z_init_EARLY??_*)))
                0x0000000008006b90                __init_PRE_KERNEL_1_start = .
 *(SORT_BY_NAME(SORT_BY_ALIGNMENT(.z_init_PRE_KERNEL_1?_*)))
 .z_init_PRE_KERNEL_10_0_
                0x0000000008006b90        0x8 zephyr/libzephyr.a(soc.c.obj)
 .z_init_PRE_KERNEL_11_00009_
                0x0000000008006b98        0x8 zephyr/drivers/clock_control/libdrivers__clock_control.a(clock_stm32_ll_common.c.obj)
 .z_init_PRE_KERNEL_11_0_
                0x0000000008006ba0        0x8 zephyr/libzephyr.a(soc_config.c.obj)
 *(SORT_BY_NAME(SORT_BY_ALIGNMENT(.z_init_PRE_KERNEL_1??_*)))
 .z_init_PRE_KERNEL_135_00039_
                0x0000000008006ba8        0x8 zephyr/drivers/reset/libdrivers__reset.a(reset_stm32.c.obj)
 .z_init_PRE_KERNEL_140_00027_
                0x0000000008006bb0        0x8 zephyr/drivers/gpio/libdrivers__gpio.a(gpio_stm32.c.obj)
 .z_init_PRE_KERNEL_140_00030_
                0x0000000008006bb8        0x8 zephyr/drivers/gpio/libdrivers__gpio.a(gpio_stm32.c.obj)
 .z_init_PRE_KERNEL_140_00035_
                0x0000000008006bc0        0x8 zephyr/drivers/interrupt_controller/libdrivers__interrupt_controller.a(intc_exti_stm32.c.obj)
 .z_init_PRE_KERNEL_140_00052_
                0x0000000008006bc8        0x8 zephyr/drivers/gpio/libdrivers__gpio.a(gpio_stm32.c.obj)
 .z_init_PRE_KERNEL_140_00066_
                0x0000000008006bd0        0x8 zephyr/drivers/gpio/libdrivers__gpio.a(gpio_stm32.c.obj)
 .z_init_PRE_KERNEL_140_00067_
                0x0000000008006bd8        0x8 zephyr/drivers/gpio/libdrivers__gpio.a(gpio_stm32.c.obj)
 .z_init_PRE_KERNEL_150_00040_
                0x0000000008006be0        0x8 zephyr/drivers/serial/libdrivers__serial.a(uart_stm32.c.obj)
 .z_init_PRE_KERNEL_150_00046_
                0x0000000008006be8        0x8 zephyr/drivers/serial/libdrivers__serial.a(uart_stm32.c.obj)
 .z_init_PRE_KERNEL_160_0_
                0x0000000008006bf0        0x8 zephyr/drivers/console/libdrivers__console.a(uart_console.c.obj)
                0x0000000008006bf8                __init_PRE_KERNEL_2_start = .
 *(SORT_BY_NAME(SORT_BY_ALIGNMENT(.z_init_PRE_KERNEL_2?_*)))
 .z_init_PRE_KERNEL_20_0_
                0x0000000008006bf8        0x8 zephyr/drivers/timer/libdrivers__timer.a(cortex_m_systick.c.obj)
 *(SORT_BY_NAME(SORT_BY_ALIGNMENT(.z_init_PRE_KERNEL_2??_*)))
                0x0000000008006c00                __init_POST_KERNEL_start = .
 *(SORT_BY_NAME(SORT_BY_ALIGNMENT(.z_init_POST_KERNEL?_*)))
 .z_init_POST_KERNEL0_0_
                0x0000000008006c00        0x8 zephyr/libzephyr.a(log_core.c.obj)
 *(SORT_BY_NAME(SORT_BY_ALIGNMENT(.z_init_POST_KERNEL??_*)))
 .z_init_POST_KERNEL35_0_
                0x0000000008006c08        0x8 zephyr/lib/libc/common/liblib__libc__common.a(malloc.c.obj)
 .z_init_POST_KERNEL50_00017_
                0x0000000008006c10        0x8 zephyr/drivers/i2c/libdrivers__i2c.a(i2c_ll_stm32.c.obj)
                0x0000000008006c18                __init_APPLICATION_start = .
 *(SORT_BY_NAME(SORT_BY_ALIGNMENT(.z_init_APPLICATION?_*)))
 *(SORT_BY_NAME(SORT_BY_ALIGNMENT(.z_init_APPLICATION??_*)))
                0x0000000008006c18                __init_SMP_start = .
 *(SORT_BY_NAME(SORT_BY_ALIGNMENT(.z_init_SMP?_*)))
 *(SORT_BY_NAME(SORT_BY_ALIGNMENT(.z_init_SMP??_*)))
                0x0000000008006c18                __init_end = .
                0x0000000008006c18                __deferred_init_list_start = .
 *(SORT_BY_ALIGNMENT(.z_deferred_init*))
                0x0000000008006c18                __deferred_init_list_end = .

device_area     0x0000000008006c18       0xdc
                0x0000000008006c18                _device_list_start = .
 *(SORT_BY_NAME(SORT_BY_ALIGNMENT(._device.static.*_?_*)))
 ._device.static.1_1_
                0x0000000008006c18       0x14 zephyr/drivers/clock_control/libdrivers__clock_control.a(clock_stm32_ll_common.c.obj)
                0x0000000008006c18                __device_dts_ord_9
 *(SORT_BY_NAME(SORT_BY_ALIGNMENT(._device.static.*_??_*)))
 ._device.static.1_35_
                0x0000000008006c2c       0x14 zephyr/drivers/reset/libdrivers__reset.a(reset_stm32.c.obj)
                0x0000000008006c2c                __device_dts_ord_39
 ._device.static.1_40_
                0x0000000008006c40       0x14 zephyr/drivers/interrupt_controller/libdrivers__interrupt_controller.a(intc_exti_stm32.c.obj)
                0x0000000008006c40                __device_dts_ord_35
 ._device.static.1_40_
                0x0000000008006c54       0x64 zephyr/drivers/gpio/libdrivers__gpio.a(gpio_stm32.c.obj)
                0x0000000008006c54                __device_dts_ord_67
                0x0000000008006c68                __device_dts_ord_66
                0x0000000008006c7c                __device_dts_ord_27
                0x0000000008006c90                __device_dts_ord_52
                0x0000000008006ca4                __device_dts_ord_30
 ._device.static.1_50_
                0x0000000008006cb8       0x28 zephyr/drivers/serial/libdrivers__serial.a(uart_stm32.c.obj)
                0x0000000008006cb8                __device_dts_ord_40
                0x0000000008006ccc                __device_dts_ord_46
 ._device.static.3_50_
                0x0000000008006ce0       0x14 zephyr/drivers/i2c/libdrivers__i2c.a(i2c_ll_stm32.c.obj)
                0x0000000008006ce0                __device_dts_ord_17
                0x0000000008006cf4                _device_list_end = .

sw_isr_table    0x0000000008006cf4      0x158
                0x0000000008006cf4                . = ALIGN (0x4)
 *(SORT_BY_ALIGNMENT(.gnu.linkonce.sw_isr_table*))
 .gnu.linkonce.sw_isr_table
                0x0000000008006cf4      0x158 zephyr/CMakeFiles/zephyr_final.dir/isr_tables.c.obj
                0x0000000008006cf4                _sw_isr_table

initlevel_error
                0x0000000008006b90        0x0
 *(SORT_BY_NAME(SORT_BY_ALIGNMENT(.z_init_[_A-Z0-9]*)))
                0x0000000000000001                ASSERT ((SIZEOF (initlevel_error) == 0x0), Undefined initialization levels used.)

app_shmem_regions
                0x0000000008006e4c        0x0
                0x0000000008006e4c                __app_shmem_regions_start = .
 *(SORT_BY_NAME(SORT_BY_ALIGNMENT(.app_regions.*)))
                0x0000000008006e4c                __app_shmem_regions_end = .

k_p4wq_initparam_area
                0x0000000008006e4c        0x0
                0x0000000008006e4c                _k_p4wq_initparam_list_start = .
 *(SORT_BY_NAME(SORT_BY_ALIGNMENT(._k_p4wq_initparam.static.*)))
                0x0000000008006e4c                _k_p4wq_initparam_list_end = .

_static_thread_data_area
                0x0000000008006e4c        0x0
                0x0000000008006e4c                __static_thread_data_list_start = .
 *(SORT_BY_NAME(SORT_BY_ALIGNMENT(.__static_thread_data.static.*)))
                0x0000000008006e4c                __static_thread_data_list_end = .

device_deps     0x0000000008006e4c        0x0
                0x0000000008006e4c                __device_deps_start = .
 *(SORT_BY_NAME(SORT_BY_ALIGNMENT(.__device_deps_pass2*)))
                0x0000000008006e4c                __device_deps_end = .

ztest           0x0000000008006e4c        0x0
                0x0000000008006e4c                _ztest_expected_result_entry_list_start = .
 *(SORT_BY_NAME(SORT_BY_ALIGNMENT(._ztest_expected_result_entry.static.*)))
                0x0000000008006e4c                _ztest_expected_result_entry_list_end = .
                0x0000000008006e4c                _ztest_suite_node_list_start = .
 *(SORT_BY_NAME(SORT_BY_ALIGNMENT(._ztest_suite_node.static.*)))
                0x0000000008006e4c                _ztest_suite_node_list_end = .
                0x0000000008006e4c                _ztest_unit_test_list_start = .
 *(SORT_BY_NAME(SORT_BY_ALIGNMENT(._ztest_unit_test.static.*)))
                0x0000000008006e4c                _ztest_unit_test_list_end = .
                0x0000000008006e4c                _ztest_test_rule_list_start = .
 *(SORT_BY_NAME(SORT_BY_ALIGNMENT(._ztest_test_rule.static.*)))
                0x0000000008006e4c                _ztest_test_rule_list_end = .

init_array      0x0000000008006e4c        0x0
 *(SORT_BY_NAME(SORT_BY_ALIGNMENT(.ctors*)))
 *(SORT_BY_NAME(SORT_BY_ALIGNMENT(.init_array*)))
                0x0000000000000001                ASSERT ((SIZEOF (init_array) == 0x0), GNU-style constructors required but STATIC_INIT_GNU not enabled)

bt_l2cap_fixed_chan_area
                0x0000000008006e4c        0x0
                0x0000000008006e4c                _bt_l2cap_fixed_chan_list_start = .
 *(SORT_BY_NAME(SORT_BY_ALIGNMENT(._bt_l2cap_fixed_chan.static.*)))
                0x0000000008006e4c                _bt_l2cap_fixed_chan_list_end = .

bt_gatt_service_static_area
                0x0000000008006e4c        0x0
                0x0000000008006e4c                _bt_gatt_service_static_list_start = .
 *(SORT_BY_NAME(SORT_BY_ALIGNMENT(._bt_gatt_service_static.static.*)))
                0x0000000008006e4c                _bt_gatt_service_static_list_end = .

log_strings_area
                0x0000000008006e4c        0x0
                0x0000000008006e4c                _log_strings_list_start = .
 *(SORT_BY_NAME(SORT_BY_ALIGNMENT(._log_strings.static.*)))
                0x0000000008006e4c                _log_strings_list_end = .

log_const_area  0x0000000008006e4c       0x50
                0x0000000008006e4c                _log_const_list_start = .
 *(SORT_BY_NAME(SORT_BY_ALIGNMENT(._log_const.static.*)))
 ._log_const.static.log_const_cbprintf_package_
                0x0000000008006e4c        0x8 zephyr/libzephyr.a(cbprintf_packaged.c.obj)
                0x0000000008006e4c                log_const_cbprintf_package
 ._log_const.static.log_const_i2c_
                0x0000000008006e54        0x8 zephyr/drivers/i2c/libdrivers__i2c.a(i2c_common.c.obj)
                0x0000000008006e54                log_const_i2c
 ._log_const.static.log_const_i2c_ll_stm32_
                0x0000000008006e5c        0x8 zephyr/drivers/i2c/libdrivers__i2c.a(i2c_ll_stm32.c.obj)
                0x0000000008006e5c                log_const_i2c_ll_stm32
 ._log_const.static.log_const_i2c_ll_stm32_v1_
                0x0000000008006e64        0x8 zephyr/drivers/i2c/libdrivers__i2c.a(i2c_ll_stm32_v1.c.obj)
                0x0000000008006e64                log_const_i2c_ll_stm32_v1
 ._log_const.static.log_const_log_
                0x0000000008006e6c        0x8 zephyr/libzephyr.a(log_core.c.obj)
                0x0000000008006e6c                log_const_log
 ._log_const.static.log_const_log_mgmt_
                0x0000000008006e74        0x8 zephyr/libzephyr.a(log_mgmt.c.obj)
                0x0000000008006e74                log_const_log_mgmt
 ._log_const.static.log_const_log_uart_
                0x0000000008006e7c        0x8 zephyr/libzephyr.a(log_backend_uart.c.obj)
                0x0000000008006e7c                log_const_log_uart
 ._log_const.static.log_const_os_
                0x0000000008006e84        0x8 zephyr/kernel/libkernel.a(init.c.obj)
                0x0000000008006e84                log_const_os
 ._log_const.static.log_const_stm32_
                0x0000000008006e8c        0x8 zephyr/drivers/gpio/libdrivers__gpio.a(gpio_stm32.c.obj)
                0x0000000008006e8c                log_const_stm32
 ._log_const.static.log_const_uart_stm32_
                0x0000000008006e94        0x8 zephyr/drivers/serial/libdrivers__serial.a(uart_stm32.c.obj)
                0x0000000008006e94                log_const_uart_stm32
                0x0000000008006e9c                _log_const_list_end = .

log_backend_area
                0x0000000008006e9c       0x10
                0x0000000008006e9c                _log_backend_list_start = .
 *(SORT_BY_NAME(SORT_BY_ALIGNMENT(._log_backend.static.*)))
 ._log_backend.static.log_backend_uart_
                0x0000000008006e9c       0x10 zephyr/libzephyr.a(log_backend_uart.c.obj)
                0x0000000008006eac                _log_backend_list_end = .

log_link_area   0x0000000008006eac        0x0
                0x0000000008006eac                _log_link_list_start = .
 *(SORT_BY_NAME(SORT_BY_ALIGNMENT(._log_link.static.*)))
                0x0000000008006eac                _log_link_list_end = .

tracing_backend_area
                0x0000000008006eac        0x0
                0x0000000008006eac                _tracing_backend_list_start = .
 *(SORT_BY_NAME(SORT_BY_ALIGNMENT(._tracing_backend.static.*)))
                0x0000000008006eac                _tracing_backend_list_end = .

zephyr_dbg_info
 *(SORT_BY_ALIGNMENT(.dbg_thread_info))

intc_table_area
                0x0000000008006eac        0x0
                0x0000000008006eac                _intc_table_list_start = .
 *(SORT_BY_NAME(SORT_BY_ALIGNMENT(._intc_table.static.*)))
                0x0000000008006eac                _intc_table_list_end = .

symbol_to_keep  0x0000000008006eac        0x0
                0x0000000008006eac                __symbol_to_keep_start = .
 *(SORT_BY_NAME(SORT_BY_ALIGNMENT(.symbol_to_keep*)))
                0x0000000008006eac                __symbol_to_keep_end = .

shell_area      0x0000000008006eac        0x0
                0x0000000008006eac                _shell_list_start = .
 *(SORT_BY_NAME(SORT_BY_ALIGNMENT(._shell.static.*)))
                0x0000000008006eac                _shell_list_end = .

shell_root_cmds_area
                0x0000000008006eac        0x0
                0x0000000008006eac                _shell_root_cmds_list_start = .
 *(SORT_BY_NAME(SORT_BY_ALIGNMENT(._shell_root_cmds.static.*)))
                0x0000000008006eac                _shell_root_cmds_list_end = .

shell_subcmds_area
                0x0000000008006eac        0x0
                0x0000000008006eac                _shell_subcmds_list_start = .
 *(SORT_BY_NAME(SORT_BY_ALIGNMENT(._shell_subcmds.static.*)))
                0x0000000008006eac                _shell_subcmds_list_end = .

shell_dynamic_subcmds_area
                0x0000000008006eac        0x0
                0x0000000008006eac                _shell_dynamic_subcmds_list_start = .
 *(SORT_BY_NAME(SORT_BY_ALIGNMENT(._shell_dynamic_subcmds.static.*)))
                0x0000000008006eac                _shell_dynamic_subcmds_list_end = .

cfb_font_area   0x0000000008006eac        0x0
                0x0000000008006eac                _cfb_font_list_start = .
 *(SORT_BY_NAME(SORT_BY_ALIGNMENT(._cfb_font.static.*)))
                0x0000000008006eac                _cfb_font_list_end = .

tdata           0x0000000008006eac        0x0
 *(SORT_BY_ALIGNMENT(.tdata) SORT_BY_ALIGNMENT(.tdata.*) SORT_BY_ALIGNMENT(.gnu.linkonce.td.*))

tbss            0x0000000008006eac        0x4
 *(SORT_BY_ALIGNMENT(.tbss) SORT_BY_ALIGNMENT(.tbss.*) SORT_BY_ALIGNMENT(.gnu.linkonce.tb.*) SORT_BY_ALIGNMENT(.tcommon))
 .tbss.z_tls_current
                0x0000000008006eac        0x4 zephyr/libzephyr.a(thread_entry.c.obj)
                0x0000000008006eac                z_tls_current
                0x0000000008006eac                PROVIDE (__tdata_start = LOADADDR (tdata))
                0x0000000000000001                PROVIDE (__tdata_align = ALIGNOF (tdata))
                0x0000000000000000                PROVIDE (__tdata_size = (((SIZEOF (tdata) + __tdata_align) - 0x1) & ~ ((__tdata_align - 0x1))))
                [!provide]                        PROVIDE (__tdata_end = (__tdata_start + __tdata_size))
                0x0000000000000004                PROVIDE (__tbss_align = ALIGNOF (tbss))
                [!provide]                        PROVIDE (__tbss_start = ADDR (tbss))
                0x0000000000000004                PROVIDE (__tbss_size = (((SIZEOF (tbss) + __tbss_align) - 0x1) & ~ ((__tbss_align - 0x1))))
                [!provide]                        PROVIDE (__tbss_end = (__tbss_start + __tbss_size))
                [!provide]                        PROVIDE (__tls_start = __tdata_start)
                [!provide]                        PROVIDE (__tls_end = __tbss_end)
                [!provide]                        PROVIDE (__tls_size = (__tbss_end - __tdata_start))

rodata          0x0000000008006eb0     0x1074
 *(SORT_BY_ALIGNMENT(.rodata))
 *(SORT_BY_ALIGNMENT(.rodata.*))
 .rodata.DOUBLE_POW5_TABLE
                0x0000000008006eb0       0xd0 /home/romain/zephyr-sdk-0.16.1/arm-zephyr-eabi/bin/../lib/gcc/../../picolibc/arm-zephyr-eabi/lib/thumb/v7-m/nofp/libc.a(libc_tinystdio_ryu_table.c.o)
 .rodata.DOUBLE_POW5_SPLIT2
                0x0000000008006f80       0xd0 /home/romain/zephyr-sdk-0.16.1/arm-zephyr-eabi/bin/../lib/gcc/../../picolibc/arm-zephyr-eabi/lib/thumb/v7-m/nofp/libc.a(libc_tinystdio_ryu_table.c.o)
 .rodata.DOUBLE_POW5_INV_SPLIT2
                0x0000000008007050       0xf0 /home/romain/zephyr-sdk-0.16.1/arm-zephyr-eabi/bin/../lib/gcc/../../picolibc/arm-zephyr-eabi/lib/thumb/v7-m/nofp/libc.a(libc_tinystdio_ryu_table.c.o)
 .rodata.mpsc_config
                0x0000000008007140       0x14 zephyr/libzephyr.a(log_core.c.obj)
 .rodata.format_table
                0x0000000008007154       0x10 zephyr/libzephyr.a(log_core.c.obj)
 .rodata.colors
                0x0000000008007164       0x14 zephyr/libzephyr.a(log_output.c.obj)
 .rodata.severity
                0x0000000008007178       0x14 zephyr/libzephyr.a(log_output.c.obj)
 .rodata.lbu_cb_ctx
                0x000000000800718c        0x8 zephyr/libzephyr.a(log_backend_uart.c.obj)
 .rodata.lbu_output
                0x0000000008007194       0x10 zephyr/libzephyr.a(log_backend_uart.c.obj)
 .rodata.log_backend_uart_api
                0x00000000080071a4       0x1c zephyr/libzephyr.a(log_backend_uart.c.obj)
                0x00000000080071a4                log_backend_uart_api
 .rodata.stm32_clock_control_api
                0x00000000080071c0       0x1c zephyr/drivers/clock_control/libdrivers__clock_control.a(clock_stm32_ll_common.c.obj)
 .rodata.gpio_stm32_cfg_e
                0x00000000080071dc       0x14 zephyr/drivers/gpio/libdrivers__gpio.a(gpio_stm32.c.obj)
 .rodata.gpio_stm32_cfg_d
                0x00000000080071f0       0x14 zephyr/drivers/gpio/libdrivers__gpio.a(gpio_stm32.c.obj)
 .rodata.gpio_stm32_cfg_c
                0x0000000008007204       0x14 zephyr/drivers/gpio/libdrivers__gpio.a(gpio_stm32.c.obj)
 .rodata.gpio_stm32_cfg_b
                0x0000000008007218       0x14 zephyr/drivers/gpio/libdrivers__gpio.a(gpio_stm32.c.obj)
 .rodata.gpio_stm32_cfg_a
                0x000000000800722c       0x14 zephyr/drivers/gpio/libdrivers__gpio.a(gpio_stm32.c.obj)
 .rodata.gpio_stm32_driver
                0x0000000008007240       0x24 zephyr/drivers/gpio/libdrivers__gpio.a(gpio_stm32.c.obj)
 .rodata.i2c_stm32_cfg_0
                0x0000000008007264       0x18 zephyr/drivers/i2c/libdrivers__i2c.a(i2c_ll_stm32.c.obj)
 .rodata.pclken_0
                0x000000000800727c        0x8 zephyr/drivers/i2c/libdrivers__i2c.a(i2c_ll_stm32.c.obj)
 .rodata.__pinctrl_dev_config__device_dts_ord_17
                0x0000000008007284        0x8 zephyr/drivers/i2c/libdrivers__i2c.a(i2c_ll_stm32.c.obj)
 .rodata.__pinctrl_states__device_dts_ord_17
                0x000000000800728c        0x8 zephyr/drivers/i2c/libdrivers__i2c.a(i2c_ll_stm32.c.obj)
 .rodata.__pinctrl_state_pins_0__device_dts_ord_17
                0x0000000008007294       0x10 zephyr/drivers/i2c/libdrivers__i2c.a(i2c_ll_stm32.c.obj)
 .rodata.api_funcs
                0x00000000080072a4       0x18 zephyr/drivers/i2c/libdrivers__i2c.a(i2c_ll_stm32.c.obj)
 .rodata.gpio_ports
                0x00000000080072bc       0x40 zephyr/drivers/pinctrl/libdrivers__pinctrl.a(pinctrl_stm32.c.obj)
 .rodata.reset_stm32_config
                0x00000000080072fc        0x4 zephyr/drivers/reset/libdrivers__reset.a(reset_stm32.c.obj)
 .rodata.reset_stm32_driver_api
                0x0000000008007300       0x10 zephyr/drivers/reset/libdrivers__reset.a(reset_stm32.c.obj)
 .rodata.uart_stm32_cfg_1
                0x0000000008007310       0x24 zephyr/drivers/serial/libdrivers__serial.a(uart_stm32.c.obj)
 .rodata.pclken_1
                0x0000000008007334        0x8 zephyr/drivers/serial/libdrivers__serial.a(uart_stm32.c.obj)
 .rodata.__pinctrl_dev_config__device_dts_ord_40
                0x000000000800733c        0x8 zephyr/drivers/serial/libdrivers__serial.a(uart_stm32.c.obj)
 .rodata.__pinctrl_states__device_dts_ord_40
                0x0000000008007344        0x8 zephyr/drivers/serial/libdrivers__serial.a(uart_stm32.c.obj)
 .rodata.__pinctrl_state_pins_0__device_dts_ord_40
                0x000000000800734c       0x10 zephyr/drivers/serial/libdrivers__serial.a(uart_stm32.c.obj)
 .rodata.uart_stm32_cfg_0
                0x000000000800735c       0x24 zephyr/drivers/serial/libdrivers__serial.a(uart_stm32.c.obj)
 .rodata.pclken_0
                0x0000000008007380        0x8 zephyr/drivers/serial/libdrivers__serial.a(uart_stm32.c.obj)
 .rodata.__pinctrl_dev_config__device_dts_ord_46
                0x0000000008007388        0x8 zephyr/drivers/serial/libdrivers__serial.a(uart_stm32.c.obj)
 .rodata.__pinctrl_states__device_dts_ord_46
                0x0000000008007390        0x8 zephyr/drivers/serial/libdrivers__serial.a(uart_stm32.c.obj)
 .rodata.__pinctrl_state_pins_0__device_dts_ord_46
                0x0000000008007398       0x10 zephyr/drivers/serial/libdrivers__serial.a(uart_stm32.c.obj)
 .rodata.uart_stm32_driver_api
                0x00000000080073a8       0x14 zephyr/drivers/serial/libdrivers__serial.a(uart_stm32.c.obj)
 .rodata.CSWTCH.486
                0x00000000080073bc       0x14 zephyr/kernel/libkernel.a(fatal.c.obj)
 .rodata.levels.0
                0x00000000080073d0       0x18 zephyr/kernel/libkernel.a(init.c.obj)
 .rodata.POW5_OFFSETS
                0x00000000080073e8       0x54 /home/romain/zephyr-sdk-0.16.1/arm-zephyr-eabi/bin/../lib/gcc/../../picolibc/arm-zephyr-eabi/lib/thumb/v7-m/nofp/libc.a(libc_tinystdio_ryu_table.c.o)
 .rodata.POW5_INV_OFFSETS
                0x000000000800743c       0x54 /home/romain/zephyr-sdk-0.16.1/arm-zephyr-eabi/bin/../lib/gcc/../../picolibc/arm-zephyr-eabi/lib/thumb/v7-m/nofp/libc.a(libc_tinystdio_ryu_table.c.o)
 .rodata.CSWTCH.526
                0x0000000008007490        0x6 zephyr/drivers/serial/libdrivers__serial.a(uart_stm32.c.obj)
 .rodata.main.str1.1
                0x0000000008007496       0x9a app/libapp.a(main.c.obj)
 .rodata.cbprintf_package_convert.str1.1
                0x0000000008007530       0xa3 zephyr/libzephyr.a(cbprintf_packaged.c.obj)
 .rodata.str1.1
                0x00000000080075d3       0x11 zephyr/libzephyr.a(cbprintf_packaged.c.obj)
 .rodata.enable_logger.str1.1
                0x00000000080075e4        0x8 zephyr/libzephyr.a(log_core.c.obj)
 .rodata.str1.1
                0x00000000080075ec        0x4 zephyr/libzephyr.a(log_core.c.obj)
 .rodata.str1.1
                0x00000000080075f0        0x9 zephyr/libzephyr.a(log_mgmt.c.obj)
 .rodata.z_impl_z_log_msg_static_create.str1.1
                0x00000000080075f9       0x3f zephyr/libzephyr.a(log_msg.c.obj)
 .rodata.z_log_msg_runtime_vcreate.str1.1
                0x0000000008007638       0x38 zephyr/libzephyr.a(log_msg.c.obj)
 .rodata.newline_print.str1.1
                0x0000000008007670        0x3 zephyr/libzephyr.a(log_output.c.obj)
                                          0x5 (size before relaxing)
 .rodata.log_output_process.str1.1
                0x0000000008007673       0x4f zephyr/libzephyr.a(log_output.c.obj)
                                         0x51 (size before relaxing)
 .rodata.log_output_dropped_process.str1.1
                0x00000000080076c2       0x4f zephyr/libzephyr.a(log_output.c.obj)
                                          0x3 (size before relaxing)
 .rodata.postfix.0
                0x00000000080076c2       0x1c zephyr/libzephyr.a(log_output.c.obj)
 .rodata.prefix.1
                0x00000000080076de        0xc zephyr/libzephyr.a(log_output.c.obj)
 .rodata.str1.1
                0x00000000080076ea       0x20 zephyr/libzephyr.a(log_output.c.obj)
 .rodata.str1.1
                0x000000000800770a       0x1a zephyr/libzephyr.a(log_backend_uart.c.obj)
 .rodata.z_arm_fatal_error.str1.1
                0x0000000008007724       0xae zephyr/arch/arch/arm/core/libarch__arm__core.a(fatal.c.obj)
 .rodata.mem_manage_fault.constprop.0.str1.1
                0x00000000080077d2       0xa9 zephyr/arch/arch/arm/core/cortex_m/libarch__arm__core__cortex_m.a(fault.c.obj)
 .rodata.usage_fault.constprop.0.str1.1
                0x000000000800787b       0xcd zephyr/arch/arch/arm/core/cortex_m/libarch__arm__core__cortex_m.a(fault.c.obj)
 .rodata.bus_fault.constprop.0.str1.1
                0x0000000008007948       0x88 zephyr/arch/arch/arm/core/cortex_m/libarch__arm__core__cortex_m.a(fault.c.obj)
 .rodata.z_arm_fault.str1.1
                0x00000000080079d0      0x111 zephyr/arch/arch/arm/core/cortex_m/libarch__arm__core__cortex_m.a(fault.c.obj)
 .rodata.line_range_6.0
                0x0000000008007ae1        0x2 zephyr/drivers/interrupt_controller/libdrivers__interrupt_controller.a(intc_exti_stm32.c.obj)
 .rodata.line_range_5.1
                0x0000000008007ae3        0x2 zephyr/drivers/interrupt_controller/libdrivers__interrupt_controller.a(intc_exti_stm32.c.obj)
 .rodata.line_range_4.2
                0x0000000008007ae5        0x2 zephyr/drivers/interrupt_controller/libdrivers__interrupt_controller.a(intc_exti_stm32.c.obj)
 .rodata.line_range_3.3
                0x0000000008007ae7        0x2 zephyr/drivers/interrupt_controller/libdrivers__interrupt_controller.a(intc_exti_stm32.c.obj)
 .rodata.line_range_2.4
                0x0000000008007ae9        0x2 zephyr/drivers/interrupt_controller/libdrivers__interrupt_controller.a(intc_exti_stm32.c.obj)
 .rodata.line_range_1.5
                0x0000000008007aeb        0x2 zephyr/drivers/interrupt_controller/libdrivers__interrupt_controller.a(intc_exti_stm32.c.obj)
 .rodata.line_range_0.6
                0x0000000008007aed        0x2 zephyr/drivers/interrupt_controller/libdrivers__interrupt_controller.a(intc_exti_stm32.c.obj)
 .rodata.str1.1
                0x0000000008007aef       0x1e zephyr/drivers/interrupt_controller/libdrivers__interrupt_controller.a(intc_exti_stm32.c.obj)
 .rodata.str1.1
                0x0000000008007b0d        0xd zephyr/drivers/clock_control/libdrivers__clock_control.a(clock_stm32_ll_common.c.obj)
 .rodata.str1.1
                0x0000000008007b1a       0x46 zephyr/drivers/gpio/libdrivers__gpio.a(gpio_stm32.c.obj)
                                         0x4c (size before relaxing)
 .rodata.str1.1
                0x0000000008007b60        0x4 zephyr/drivers/i2c/libdrivers__i2c.a(i2c_common.c.obj)
 .rodata.str1.1
                0x0000000008007b64       0x10 zephyr/drivers/i2c/libdrivers__i2c.a(i2c_ll_stm32_v1.c.obj)
 .rodata.i2c_stm32_get_config.part.0.str1.1
                0x0000000008007b74       0x1e zephyr/drivers/i2c/libdrivers__i2c.a(i2c_ll_stm32.c.obj)
 .rodata.i2c_stm32_set_smbus_mode.str1.1
                0x0000000008007b92       0x14 zephyr/drivers/i2c/libdrivers__i2c.a(i2c_ll_stm32.c.obj)
 .rodata.i2c_stm32_runtime_configure.str1.1
                0x0000000008007ba6       0x2e zephyr/drivers/i2c/libdrivers__i2c.a(i2c_ll_stm32.c.obj)
 .rodata.i2c_stm32_init.str1.1
                0x0000000008007bd4       0x8e zephyr/drivers/i2c/libdrivers__i2c.a(i2c_ll_stm32.c.obj)
 .rodata.str1.1
                0x0000000008007c62       0x1a zephyr/drivers/i2c/libdrivers__i2c.a(i2c_ll_stm32.c.obj)
 .rodata.str1.1
                0x0000000008007c7c       0x11 zephyr/drivers/reset/libdrivers__reset.a(reset_stm32.c.obj)
 .rodata.uart_stm32_set_baudrate.part.0.str1.1
                0x0000000008007c8d       0x2e zephyr/drivers/serial/libdrivers__serial.a(uart_stm32.c.obj)
 .rodata.uart_stm32_init.str1.1
                0x0000000008007c8d       0x3b zephyr/drivers/serial/libdrivers__serial.a(uart_stm32.c.obj)
                                         0x5a (size before relaxing)
 .rodata.str1.1
                0x0000000008007cc8       0x2b zephyr/drivers/serial/libdrivers__serial.a(uart_stm32.c.obj)
 .rodata.AHBPrescTable
                0x0000000008007cf3       0x10 modules/stm32/stm32cube/lib..__modules__hal__stm32__stm32cube.a(system_stm32f1xx.c.obj)
                0x0000000008007cf3                AHBPrescTable
 .rodata.aPredivFactorTable.0
                0x0000000008007d03        0x2 modules/stm32/stm32cube/lib..__modules__hal__stm32__stm32cube.a(stm32f1xx_hal_rcc.c.obj)
 .rodata.aPLLMULFactorTable.1
                0x0000000008007d05       0x10 modules/stm32/stm32cube/lib..__modules__hal__stm32__stm32cube.a(stm32f1xx_hal_rcc.c.obj)
 .rodata.k_sys_fatal_error_handler.str1.1
                0x0000000008007d15        0xf zephyr/kernel/libkernel.a(fatal.c.obj)
 .rodata.z_fatal_error.str1.1
                0x0000000008007d24       0x77 zephyr/kernel/libkernel.a(fatal.c.obj)
 .rodata.str1.1
                0x0000000008007d9b       0x4a zephyr/kernel/libkernel.a(fatal.c.obj)
 .rodata.z_cstart.str1.1
                0x0000000008007de5        0x5 zephyr/kernel/libkernel.a(init.c.obj)
 .rodata.str1.1
                0x0000000008007dea        0x3 zephyr/kernel/libkernel.a(init.c.obj)
 .rodata.boot_banner.str1.1
                0x0000000008007ded       0x28 zephyr/kernel/libkernel.a(banner.c.obj)
 .rodata._ctype_
                0x0000000008007e15      0x101 /home/romain/zephyr-sdk-0.16.1/arm-zephyr-eabi/bin/../lib/gcc/../../picolibc/arm-zephyr-eabi/lib/thumb/v7-m/nofp/libc.a(libc_ctype_ctype_.c.o)
                0x0000000008007e15                _ctype_
 .rodata.vfprintf.str1.1
                0x0000000008007f16        0xb /home/romain/zephyr-sdk-0.16.1/arm-zephyr-eabi/bin/../lib/gcc/../../picolibc/arm-zephyr-eabi/lib/thumb/v7-m/nofp/libc.a(libc_tinystdio_vfprintf.c.o)
                                          0xf (size before relaxing)
 *(SORT_BY_ALIGNMENT(.gnu.linkonce.r.*))
                0x0000000008007f24                . = ALIGN (0x4)
 *fill*         0x0000000008007f21        0x3 
                0x0000000008007f24                __rodata_region_end = .
                0x0000000008007f24                . = ALIGN (_region_min_align)
                0x0000000008007f24                __rom_region_end = ((__rom_region_start + .) - ADDR (rom_start))

/DISCARD/
 *(SORT_BY_ALIGNMENT(.got.plt))
 *(SORT_BY_ALIGNMENT(.igot.plt))
 *(SORT_BY_ALIGNMENT(.got))
 *(SORT_BY_ALIGNMENT(.igot))
                0x0000000020000000                . = 0x20000000
                0x0000000020000000                . = ALIGN (_region_min_align)
                0x0000000020000000                _image_ram_start = .

.ramfunc        0x0000000020000000        0x0 load address 0x0000000008007f24
                0x0000000020000000                __ramfunc_region_start = .
                0x0000000020000000                . = ALIGN (_region_min_align)
                0x0000000020000000                __ramfunc_start = .
 *(SORT_BY_ALIGNMENT(.ramfunc))
 *(SORT_BY_ALIGNMENT(.ramfunc.*))
                0x0000000020000000                . = ALIGN (_region_min_align)
                0x0000000020000000                __ramfunc_end = .
                0x0000000000000000                __ramfunc_size = (__ramfunc_end - __ramfunc_start)
                0x0000000008007f24                __ramfunc_load_start = LOADADDR (.ramfunc)

datas           0x0000000020000000       0x60 load address 0x0000000008007f24
                0x0000000020000000                __data_region_start = .
                0x0000000020000000                __data_start = .
 *(SORT_BY_ALIGNMENT(.data))
 *(SORT_BY_ALIGNMENT(.data.*))
 .data._char_out
                0x0000000020000000        0x4 zephyr/libzephyr.a(printk.c.obj)
                0x0000000020000000                _char_out
 .data.timestamp_func
                0x0000000020000004        0x4 zephyr/libzephyr.a(log_core.c.obj)
 .data.backend_cb_log_backend_uart
                0x0000000020000008        0x8 zephyr/libzephyr.a(log_backend_uart.c.obj)
 .data.handler  0x0000000020000010        0x4 zephyr/arch/arch/arm/core/libarch__arm__core.a(nmi.c.obj)
 .data.__stdout
                0x0000000020000014       0x10 zephyr/lib/libc/picolibc/liblib__libc__picolibc.a(libc-hooks.c.obj)
 .data.uart_stm32_data_1
                0x0000000020000024        0x8 zephyr/drivers/serial/libdrivers__serial.a(uart_stm32.c.obj)
 .data.uart_cfg_1
                0x000000002000002c        0x8 zephyr/drivers/serial/libdrivers__serial.a(uart_stm32.c.obj)
 .data.uart_stm32_data_0
                0x0000000020000034        0x8 zephyr/drivers/serial/libdrivers__serial.a(uart_stm32.c.obj)
 .data.uart_cfg_0
                0x000000002000003c        0x8 zephyr/drivers/serial/libdrivers__serial.a(uart_stm32.c.obj)
 .data.SystemCoreClock
                0x0000000020000044        0x4 modules/stm32/stm32cube/lib..__modules__hal__stm32__stm32cube.a(system_stm32f1xx.c.obj)
                0x0000000020000044                SystemCoreClock
 .data.timeout_list
                0x0000000020000048        0x8 zephyr/kernel/libkernel.a(timeout.c.obj)
 .data.exti_irq_table
                0x0000000020000050       0x10 zephyr/drivers/interrupt_controller/libdrivers__interrupt_controller.a(intc_exti_stm32.c.obj)
 *(SORT_BY_ALIGNMENT(.kernel.*))
                0x0000000020000060                __data_end = .
                0x0000000000000060                __data_size = (__data_end - __data_start)
                0x0000000008007f24                __data_load_start = LOADADDR (datas)
                0x0000000008007f24                __data_region_load_start = LOADADDR (datas)

device_states   0x0000000020000060       0x16 load address 0x0000000008007f84
                0x0000000020000060                __device_states_start = .
 *(SORT_BY_ALIGNMENT(.z_devstate))
 .z_devstate    0x0000000020000060        0x2 zephyr/drivers/interrupt_controller/libdrivers__interrupt_controller.a(intc_exti_stm32.c.obj)
 .z_devstate    0x0000000020000062        0x2 zephyr/drivers/clock_control/libdrivers__clock_control.a(clock_stm32_ll_common.c.obj)
 .z_devstate    0x0000000020000064        0xa zephyr/drivers/gpio/libdrivers__gpio.a(gpio_stm32.c.obj)
 .z_devstate    0x000000002000006e        0x2 zephyr/drivers/i2c/libdrivers__i2c.a(i2c_ll_stm32.c.obj)
 .z_devstate    0x0000000020000070        0x2 zephyr/drivers/reset/libdrivers__reset.a(reset_stm32.c.obj)
 .z_devstate    0x0000000020000072        0x4 zephyr/drivers/serial/libdrivers__serial.a(uart_stm32.c.obj)
 *(SORT_BY_ALIGNMENT(.z_devstate.*))
                0x0000000020000076                __device_states_end = .

log_mpsc_pbuf_area
                0x0000000020000078       0x38 load address 0x0000000008007f9c
                0x0000000020000078                _log_mpsc_pbuf_list_start = .
 *(SORT_BY_NAME(SORT_BY_ALIGNMENT(._log_mpsc_pbuf.static.*)))
 ._log_mpsc_pbuf.static.log_buffer_
                0x0000000020000078       0x38 zephyr/libzephyr.a(log_core.c.obj)
                0x00000000200000b0                _log_mpsc_pbuf_list_end = .

log_msg_ptr_area
                0x00000000200000b0        0x4 load address 0x0000000008007fd4
                0x00000000200000b0                _log_msg_ptr_list_start = .
 *(SORT_BY_NAME(SORT_BY_ALIGNMENT(._log_msg_ptr.static.*)))
 ._log_msg_ptr.static.log_msg_ptr_
                0x00000000200000b0        0x4 zephyr/libzephyr.a(log_core.c.obj)
                0x00000000200000b4                _log_msg_ptr_list_end = .

log_dynamic_area
                0x00000000200000b4        0x0 load address 0x0000000008007fd8
                0x00000000200000b4                _log_dynamic_list_start = .
 *(SORT_BY_NAME(SORT_BY_ALIGNMENT(._log_dynamic.static.*)))
                0x00000000200000b4                _log_dynamic_list_end = .

k_timer_area    0x00000000200000b4        0x0 load address 0x0000000008007fd8
                0x00000000200000b4                _k_timer_list_start = .
 *(SORT_BY_NAME(SORT_BY_ALIGNMENT(._k_timer.static.*)))
                0x00000000200000b4                _k_timer_list_end = .

k_mem_slab_area
                0x00000000200000b4        0x0 load address 0x0000000008007fd8
                0x00000000200000b4                _k_mem_slab_list_start = .
 *(SORT_BY_NAME(SORT_BY_ALIGNMENT(._k_mem_slab.static.*)))
                0x00000000200000b4                _k_mem_slab_list_end = .

k_heap_area     0x00000000200000b4        0x0 load address 0x0000000008007fd8
                0x00000000200000b4                _k_heap_list_start = .
 *(SORT_BY_NAME(SORT_BY_ALIGNMENT(._k_heap.static.*)))
                0x00000000200000b4                _k_heap_list_end = .

k_mutex_area    0x00000000200000b4        0x0 load address 0x0000000008007fd8
                0x00000000200000b4                _k_mutex_list_start = .
 *(SORT_BY_NAME(SORT_BY_ALIGNMENT(._k_mutex.static.*)))
                0x00000000200000b4                _k_mutex_list_end = .

k_stack_area    0x00000000200000b4        0x0 load address 0x0000000008007fd8
                0x00000000200000b4                _k_stack_list_start = .
 *(SORT_BY_NAME(SORT_BY_ALIGNMENT(._k_stack.static.*)))
                0x00000000200000b4                _k_stack_list_end = .

k_msgq_area     0x00000000200000b4        0x0 load address 0x0000000008007fd8
                0x00000000200000b4                _k_msgq_list_start = .
 *(SORT_BY_NAME(SORT_BY_ALIGNMENT(._k_msgq.static.*)))
                0x00000000200000b4                _k_msgq_list_end = .

k_mbox_area     0x00000000200000b4        0x0 load address 0x0000000008007fd8
                0x00000000200000b4                _k_mbox_list_start = .
 *(SORT_BY_NAME(SORT_BY_ALIGNMENT(._k_mbox.static.*)))
                0x00000000200000b4                _k_mbox_list_end = .

k_pipe_area     0x00000000200000b4        0x0 load address 0x0000000008007fd8
                0x00000000200000b4                _k_pipe_list_start = .
 *(SORT_BY_NAME(SORT_BY_ALIGNMENT(._k_pipe.static.*)))
                0x00000000200000b4                _k_pipe_list_end = .

k_sem_area      0x00000000200000b4       0x10 load address 0x0000000008007fd8
                0x00000000200000b4                _k_sem_list_start = .
 *(SORT_BY_NAME(SORT_BY_ALIGNMENT(._k_sem.static.*)))
 ._k_sem.static.log_process_thread_sem_
                0x00000000200000b4       0x10 zephyr/libzephyr.a(log_core.c.obj)
                0x00000000200000b4                log_process_thread_sem
                0x00000000200000c4                _k_sem_list_end = .
