Archive member included to satisfy reference by file (symbol)

app/libapp.a(main.c.obj)      (--whole-archive)
app/libapp.a(moteur.c.obj)    (--whole-archive)
app/libapp.a(codeur.c.obj)    (--whole-archive)
app/libapp.a(boussole.c.obj)  (--whole-archive)
app/libapp.a(pid.c.obj)       (--whole-archive)
zephyr/libzephyr.a(heap.c.obj)
                              (--whole-archive)
zephyr/libzephyr.a(cbprintf_packaged.c.obj)
                              (--whole-archive)
zephyr/libzephyr.a(printk.c.obj)
                              (--whole-archive)
zephyr/libzephyr.a(sem.c.obj)
                              (--whole-archive)
zephyr/libzephyr.a(thread_entry.c.obj)
                              (--whole-archive)
zephyr/libzephyr.a(cbprintf_complete.c.obj)
                              (--whole-archive)
zephyr/libzephyr.a(assert.c.obj)
                              (--whole-archive)
zephyr/libzephyr.a(mpsc_pbuf.c.obj)
                              (--whole-archive)
zephyr/libzephyr.a(reboot.c.obj)
                              (--whole-archive)
zephyr/libzephyr.a(dec.c.obj)
                              (--whole-archive)
zephyr/libzephyr.a(hex.c.obj)
                              (--whole-archive)
zephyr/libzephyr.a(rb.c.obj)  (--whole-archive)
zephyr/libzephyr.a(timeutil.c.obj)
                              (--whole-archive)
zephyr/libzephyr.a(bitarray.c.obj)
                              (--whole-archive)
zephyr/libzephyr.a(configs.c.obj)
                              (--whole-archive)
zephyr/libzephyr.a(stm32cube_hal.c.obj)
                              (--whole-archive)
zephyr/libzephyr.a(soc_config.c.obj)
                              (--whole-archive)
zephyr/libzephyr.a(soc.c.obj)
                              (--whole-archive)
zephyr/libzephyr.a(log_core.c.obj)
                              (--whole-archive)
zephyr/libzephyr.a(log_mgmt.c.obj)
                              (--whole-archive)
zephyr/libzephyr.a(log_cache.c.obj)
                              (--whole-archive)
zephyr/libzephyr.a(log_msg.c.obj)
                              (--whole-archive)
zephyr/libzephyr.a(log_output.c.obj)
                              (--whole-archive)
zephyr/libzephyr.a(log_backend_uart.c.obj)
                              (--whole-archive)
zephyr/libzephyr.a(tracing_none.c.obj)
                              (--whole-archive)
zephyr/arch/common/libarch__common.a(sw_isr_common.c.obj)
                              (--whole-archive)
zephyr/arch/arch/arm/core/libarch__arm__core.a(fatal.c.obj)
                              (--whole-archive)
zephyr/arch/arch/arm/core/libarch__arm__core.a(nmi.c.obj)
                              (--whole-archive)
zephyr/arch/arch/arm/core/libarch__arm__core.a(nmi_on_reset.S.obj)
                              (--whole-archive)
zephyr/arch/arch/arm/core/libarch__arm__core.a(tls.c.obj)
                              (--whole-archive)
zephyr/arch/arch/arm/core/cortex_m/libarch__arm__core__cortex_m.a(exc_exit.c.obj)
                              (--whole-archive)
zephyr/arch/arch/arm/core/cortex_m/libarch__arm__core__cortex_m.a(fault.c.obj)
                              (--whole-archive)
zephyr/arch/arch/arm/core/cortex_m/libarch__arm__core__cortex_m.a(fault_s.S.obj)
                              (--whole-archive)
zephyr/arch/arch/arm/core/cortex_m/libarch__arm__core__cortex_m.a(fpu.c.obj)
                              (--whole-archive)
zephyr/arch/arch/arm/core/cortex_m/libarch__arm__core__cortex_m.a(reset.S.obj)
                              (--whole-archive)
zephyr/arch/arch/arm/core/cortex_m/libarch__arm__core__cortex_m.a(scb.c.obj)
                              (--whole-archive)
zephyr/arch/arch/arm/core/cortex_m/libarch__arm__core__cortex_m.a(thread_abort.c.obj)
                              (--whole-archive)
zephyr/arch/arch/arm/core/cortex_m/libarch__arm__core__cortex_m.a(vector_table.S.obj)
                              (--whole-archive)
zephyr/arch/arch/arm/core/cortex_m/libarch__arm__core__cortex_m.a(swap.c.obj)
                              (--whole-archive)
zephyr/arch/arch/arm/core/cortex_m/libarch__arm__core__cortex_m.a(swap_helper.S.obj)
                              (--whole-archive)
zephyr/arch/arch/arm/core/cortex_m/libarch__arm__core__cortex_m.a(irq_manage.c.obj)
                              (--whole-archive)
zephyr/arch/arch/arm/core/cortex_m/libarch__arm__core__cortex_m.a(prep_c.c.obj)
                              (--whole-archive)
zephyr/arch/arch/arm/core/cortex_m/libarch__arm__core__cortex_m.a(thread.c.obj)
                              (--whole-archive)
zephyr/arch/arch/arm/core/cortex_m/libarch__arm__core__cortex_m.a(cpu_idle.c.obj)
                              (--whole-archive)
zephyr/arch/arch/arm/core/cortex_m/libarch__arm__core__cortex_m.a(irq_init.c.obj)
                              (--whole-archive)
zephyr/arch/arch/arm/core/cortex_m/libarch__arm__core__cortex_m.a(isr_wrapper.c.obj)
                              (--whole-archive)
[...]
Memory Configuration

Name             Origin             Length             Attributes
FLASH            0x0000000008000000 0x0000000000020000 xr
RAM              0x0000000020000000 0x0000000000005000 xw
IDT_LIST         0x00000000ffff7fff 0x0000000000008000 xw
*default*        0x0000000000000000 0xffffffffffffffff

Linker script and memory map

                0x0000000008004df8                vfprintf = __d_vfprintf
                0x0000000000000000                vfscanf = __d_vfscanf
LOAD zephyr/CMakeFiles/zephyr_pre0.dir/misc/empty_file.c.obj
LOAD zephyr/CMakeFiles/offsets.dir/./arch/arm/core/offsets/offsets.c.obj
LOAD app/libapp.a
LOAD zephyr/libzephyr.a
LOAD zephyr/arch/common/libarch__common.a
LOAD zephyr/arch/arch/arm/core/libarch__arm__core.a
LOAD zephyr/arch/arch/arm/core/cortex_m/libarch__arm__core__cortex_m.a
LOAD zephyr/lib/libc/picolibc/liblib__libc__picolibc.a
LOAD zephyr/lib/libc/common/liblib__libc__common.a
LOAD zephyr/drivers/interrupt_controller/libdrivers__interrupt_controller.a
LOAD zephyr/drivers/clock_control/libdrivers__clock_control.a
LOAD zephyr/drivers/console/libdrivers__console.a
LOAD zephyr/drivers/gpio/libdrivers__gpio.a
LOAD zephyr/drivers/i2c/libdrivers__i2c.a
LOAD zephyr/drivers/pinctrl/libdrivers__pinctrl.a
LOAD zephyr/drivers/reset/libdrivers__reset.a
LOAD zephyr/drivers/serial/libdrivers__serial.a
LOAD zephyr/drivers/timer/libdrivers__timer.a
LOAD modules/stm32/stm32cube/lib..__modules__hal__stm32__stm32cube.a
LOAD zephyr/kernel/libkernel.a
LOAD /home/romain/zephyr-sdk-0.16.1/arm-zephyr-eabi/bin/../lib/gcc/arm-zephyr-eabi/12.2.0/thumb/v7-m/nofp/libgcc.a
LOAD zephyr/arch/common/libisr_tables.a
LOAD /home/romain/zephyr-sdk-0.16.1/arm-zephyr-eabi/bin/../lib/gcc/../../picolibc/arm-zephyr-eabi/lib/thumb/v7-m/nofp/libc.a
LOAD /home/romain/zephyr-sdk-0.16.1/arm-zephyr-eabi/bin/../lib/gcc/arm-zephyr-eabi/12.2.0/thumb/v7-m/nofp/libgcc.a
                0x0000000000000004                _region_min_align = 0x4

.rel.plt        0x0000000008000000        0x0
 *(SORT_BY_ALIGNMENT(.rel.plt))
                [!provide]                        PROVIDE (__rel_iplt_start = .)
 *(SORT_BY_ALIGNMENT(.rel.iplt))
 .rel.iplt      0x0000000008000000        0x0 app/libapp.a(main.c.obj)
                [!provide]                        PROVIDE (__rel_iplt_end = .)

.rela.plt       0x0000000000000000        0x0
 *(SORT_BY_ALIGNMENT(.rela.plt))
                [!provide]                        PROVIDE (__rela_iplt_start = .)
 *(SORT_BY_ALIGNMENT(.rela.iplt))
                [!provide]                        PROVIDE (__rela_iplt_end = .)

.rel.dyn
 *(SORT_BY_ALIGNMENT(.rel.*))

.rela.dyn
 *(SORT_BY_ALIGNMENT(.rela.*))

/DISCARD/
 *(SORT_BY_ALIGNMENT(.plt))

/DISCARD/
 *(SORT_BY_ALIGNMENT(.iplt))
                0x0000000008000000                __rom_region_start = 0x8000000

rom_start       0x0000000008000000       0xec
                0x0000000008000000                __rom_start_address = .
 FILL mask 0x00
                0x0000000008000000                . = (. + (0x0 - (. - __rom_start_address)))
                0x0000000008000000                . = ALIGN (0x4)
                0x0000000008000000                . = ALIGN (0x80)
                0x0000000008000000                . = ALIGN (0x100)
                0x0000000008000000                _vector_start = .
 *(SORT_BY_ALIGNMENT(.exc_vector_table))
 *(SORT_BY_ALIGNMENT(.exc_vector_table.*))
 .exc_vector_table._vector_table_section
                0x0000000008000000       0x40 zephyr/arch/arch/arm/core/cortex_m/libarch__arm__core__cortex_m.a(vector_table.S.obj)
                0x0000000008000000                _vector_table
 *(SORT_BY_ALIGNMENT(.vectors))
                0x00000000080000ec                _vector_end = .
                0x0000000008000040                . = ALIGN (0x4)
 *(SORT_BY_ALIGNMENT(.gnu.linkonce.irq_vector_table*))
 .gnu.linkonce.irq_vector_table
                0x0000000008000040       0xac zephyr/arch/common/libisr_tables.a(isr_tables.c.obj)
                0x0000000008000040                _irq_vector_table
                0x00000000080000ec                _vector_end = .

text            0x00000000080000ec     0x7fac
                0x00000000080000ec                __text_region_start = .
 *(SORT_BY_ALIGNMENT(.text))
 .text          0x00000000080000ec      0x378 /home/romain/zephyr-sdk-0.16.1/arm-zephyr-eabi/bin/../lib/gcc/arm-zephyr-eabi/12.2.0/thumb/v7-m/nofp/libgcc.a(_arm_addsubdf3.o)
                0x00000000080000ec                __aeabi_drsub
                0x00000000080000f4                __aeabi_dsub
                0x00000000080000f4                __subdf3
                0x00000000080000f8                __adddf3
                0x00000000080000f8                __aeabi_dadd
                0x0000000008000370                __aeabi_ui2d
                0x0000000008000370                __floatunsidf
                0x0000000008000390                __floatsidf
                0x0000000008000390                __aeabi_i2d
                0x00000000080003b4                __extendsfdf2
                0x00000000080003b4                __aeabi_f2d
                0x00000000080003f8                __aeabi_ul2d
                0x00000000080003f8                __floatundidf
                0x0000000008000408                __floatdidf
                0x0000000008000408                __aeabi_l2d
 .text          0x0000000008000464      0x21c /home/romain/zephyr-sdk-0.16.1/arm-zephyr-eabi/bin/../lib/gcc/arm-zephyr-eabi/12.2.0/thumb/v7-m/nofp/libgcc.a(_arm_addsubsf3.o)
                0x0000000008000464                __aeabi_frsub
                0x000000000800046c                __subsf3
                0x000000000800046c                __aeabi_fsub
                0x0000000008000470                __aeabi_fadd
                0x0000000008000470                __addsf3
                0x00000000080005d0                __aeabi_ui2f
                0x00000000080005d0                __floatunsisf
                0x00000000080005d8                __aeabi_i2f
                0x00000000080005d8                __floatsisf
                0x00000000080005f4                __floatundisf
                0x00000000080005f4                __aeabi_ul2f
                0x0000000008000604                __floatdisf
                0x0000000008000604                __aeabi_l2f
 .text          0x0000000008000680      0x2a0 /home/romain/zephyr-sdk-0.16.1/arm-zephyr-eabi/bin/../lib/gcc/arm-zephyr-eabi/12.2.0/thumb/v7-m/nofp/libgcc.a(_arm_muldivsf3.o)
                0x0000000008000680                __mulsf3
                0x0000000008000680                __aeabi_fmul
                0x00000000080007e8                __divsf3
                0x00000000080007e8                __aeabi_fdiv
 .text          0x0000000008000920       0xec /home/romain/zephyr-sdk-0.16.1/arm-zephyr-eabi/bin/../lib/gcc/arm-zephyr-eabi/12.2.0/thumb/v7-m/nofp/libgcc.a(_arm_cmpsf2.o)
                0x0000000008000920                __gtsf2
                0x0000000008000920                __gesf2
                0x0000000008000928                __lesf2
                0x0000000008000928                __ltsf2
                0x0000000008000930                __nesf2
                0x0000000008000930                __eqsf2
                0x0000000008000930                __cmpsf2
                0x0000000008000990                __aeabi_cfrcmple
                0x0000000008000998                __aeabi_cfcmple
                0x0000000008000998                __aeabi_cfcmpeq
                0x00000000080009a8                __aeabi_fcmpeq
                0x00000000080009bc                __aeabi_fcmplt
                0x00000000080009d0                __aeabi_fcmple
                0x00000000080009e4                __aeabi_fcmpge
                0x00000000080009f8                __aeabi_fcmpgt
 .text          0x0000000008000a0c       0x4c /home/romain/zephyr-sdk-0.16.1/arm-zephyr-eabi/bin/../lib/gcc/arm-zephyr-eabi/12.2.0/thumb/v7-m/nofp/libgcc.a(_arm_fixsfsi.o)
                0x0000000008000a0c                __fixsfsi
                0x0000000008000a0c                __aeabi_f2iz
 .text          0x0000000008000a58       0x30 /home/romain/zephyr-sdk-0.16.1/arm-zephyr-eabi/bin/../lib/gcc/arm-zephyr-eabi/12.2.0/thumb/v7-m/nofp/libgcc.a(_aeabi_uldivmod.o)
                0x0000000008000a58                __aeabi_uldivmod
 .text          0x0000000008000a88        0x4 /home/romain/zephyr-sdk-0.16.1/arm-zephyr-eabi/bin/../lib/gcc/arm-zephyr-eabi/12.2.0/thumb/v7-m/nofp/libgcc.a(_dvmd_tls.o)
                0x0000000008000a88                __aeabi_ldiv0
                0x0000000008000a88                __aeabi_idiv0
 .text          0x0000000008000a8c      0x2a0 /home/romain/zephyr-sdk-0.16.1/arm-zephyr-eabi/bin/../lib/gcc/arm-zephyr-eabi/12.2.0/thumb/v7-m/nofp/libgcc.a(_udivmoddi4.o)
                0x0000000008000a8c                __udivmoddi4
 .text          0x0000000008000d2c       0x10 /home/romain/zephyr-sdk-0.16.1/arm-zephyr-eabi/bin/../lib/gcc/../../picolibc/arm-zephyr-eabi/lib/thumb/v7-m/nofp/libc.a(strlen.S.o)
                0x0000000008000d2c                strlen
 *(SORT_BY_ALIGNMENT(.text.*))
 .text.k_mutex_lock.constprop.0.isra.0
                0x0000000008000d3c       0x10 app/libapp.a(main.c.obj)
 .text.k_mutex_unlock.constprop.0.isra.0
                0x0000000008000d4c        0xc app/libapp.a(main.c.obj)
 .text.thread_pid_fn
                0x0000000008000d58       0xe4 app/libapp.a(main.c.obj)
                0x0000000008000d58                thread_pid_fn
 .text.thread_capteurs_fn
                0x0000000008000e3c       0xac app/libapp.a(main.c.obj)
                0x0000000008000e3c                thread_capteurs_fn
 .text.main     0x0000000008000ee8       0xa4 app/libapp.a(main.c.obj)
                0x0000000008000ee8                main
 .text.moteur_set_vitesse
                0x0000000008000f8c       0x5c app/libapp.a(moteur.c.obj)
                0x0000000008000f8c                moteur_set_vitesse
 .text.moteur_init
                0x0000000008000fe8       0x60 app/libapp.a(moteur.c.obj)
                0x0000000008000fe8                moteur_init
 .text.codeur_handler
                0x0000000008001048       0x58 app/libapp.a(codeur.c.obj)
                0x0000000008001048                codeur_handler
 .text.z_impl_gpio_pin_configure.constprop.0.isra.0
                0x00000000080010a0       0x20 app/libapp.a(codeur.c.obj)
 .text.codeur_init
                0x00000000080010c0       0x64 app/libapp.a(codeur.c.obj)
                0x00000000080010c0                codeur_init
 .text.codeur_get_ticks
                0x0000000008001124       0x14 app/libapp.a(codeur.c.obj)
                0x0000000008001124                codeur_get_ticks
 .text.boussole_init
                0x0000000008001138       0x6c app/libapp.a(boussole.c.obj)
                0x0000000008001138                boussole_init
 .text.boussole_get_angle
                0x00000000080011a4       0xb8 app/libapp.a(boussole.c.obj)
                0x00000000080011a4                boussole_get_angle
 .text.pid_calculer_commande
                0x000000000800125c       0xe0 app/libapp.a(pid.c.obj)
                0x000000000800125c                pid_calculer_commande
 .text.cbvprintf_package
                0x000000000800133c      0x3a4 zephyr/libzephyr.a(cbprintf_packaged.c.obj)
                0x000000000800133c                cbvprintf_package
 .text.cbprintf_package_convert
                0x00000000080016e0      0x3c8 zephyr/libzephyr.a(cbprintf_packaged.c.obj)
                0x00000000080016e0                cbprintf_package_convert
 .text.__printk_hook_install
                0x0000000008001aa8        0xc zephyr/libzephyr.a(printk.c.obj)
                0x0000000008001aa8                __printk_hook_install
 .text.z_thread_entry
                0x0000000008001ab4       0x34 zephyr/libzephyr.a(thread_entry.c.obj)
                0x0000000008001ab4                z_thread_entry
 .text.st_stm32_common_config
                0x0000000008001ae8       0x14 zephyr/libzephyr.a(soc_config.c.obj)
 .text.stm32f1_init
                0x0000000008001afc       0x20 zephyr/libzephyr.a(soc.c.obj)
 .text.activate_foreach_backend
                0x0000000008001b1c       0x64 zephyr/libzephyr.a(log_core.c.obj)
 .text.enable_logger
                0x0000000008001b80       0x5c zephyr/libzephyr.a(log_core.c.obj)
 .text.log_process_thread_timer_expiry_fn
                0x0000000008001bdc        0xc zephyr/libzephyr.a(log_core.c.obj)
 .text.z_log_init
                0x0000000008001be8       0x94 zephyr/libzephyr.a(log_core.c.obj)
 .text.log_format_func_t_get
                0x0000000008001c7c        0xc zephyr/libzephyr.a(log_core.c.obj)
                0x0000000008001c7c                log_format_func_t_get
 .text.log_set_timestamp_func
                0x0000000008001c88       0x20 zephyr/libzephyr.a(log_core.c.obj)
                0x0000000008001c88                log_set_timestamp_func
 .text.z_log_notify_backend_enabled
                0x0000000008001ca8       0x1c zephyr/libzephyr.a(log_core.c.obj)
                0x0000000008001ca8                z_log_notify_backend_enabled
 .text.z_log_dropped
                0x0000000008001cc4       0x44 zephyr/libzephyr.a(log_core.c.obj)
                0x0000000008001cc4                z_log_dropped
 .text.z_log_dropped_read_and_clear
                0x0000000008001d08       0x20 zephyr/libzephyr.a(log_core.c.obj)
                0x0000000008001d08                z_log_dropped_read_and_clear
 .text.dropped_notify
                0x0000000008001d28       0x30 zephyr/libzephyr.a(log_core.c.obj)
                0x0000000008001d28                dropped_notify
 .text.z_log_msg_init
                0x0000000008001d58       0x20 zephyr/libzephyr.a(log_core.c.obj)
                0x0000000008001d58                z_log_msg_init
 .text.log_core_init
                0x0000000008001d78       0x50 zephyr/libzephyr.a(log_core.c.obj)
                0x0000000008001d78                log_core_init
 .text.z_log_msg_alloc
                0x0000000008001dc8       0x10 zephyr/libzephyr.a(log_core.c.obj)
                0x0000000008001dc8                z_log_msg_alloc
 .text.z_log_msg_local_claim
                0x0000000008001dd8        0xc zephyr/libzephyr.a(log_core.c.obj)
                0x0000000008001dd8                z_log_msg_local_claim
 .text.z_log_msg_free
                0x0000000008001de4       0x10 zephyr/libzephyr.a(log_core.c.obj)
                0x0000000008001de4                z_log_msg_free
 .text.z_log_msg_pending
                0x0000000008001df4        0xc zephyr/libzephyr.a(log_core.c.obj)
                0x0000000008001df4                z_log_msg_pending
 .text.z_impl_log_process
                0x0000000008001e00       0xb0 zephyr/libzephyr.a(log_core.c.obj)
                0x0000000008001e00                z_impl_log_process
 .text.z_impl_log_panic
                0x0000000008001eb0       0x44 zephyr/libzephyr.a(log_core.c.obj)
                0x0000000008001eb0                z_impl_log_panic
 .text.log_process_thread_func
                0x0000000008001ef4       0xa4 zephyr/libzephyr.a(log_core.c.obj)
 .text.z_log_msg_post_finalize
                0x0000000008001f98       0x78 zephyr/libzephyr.a(log_core.c.obj)
 .text.z_log_msg_commit
                0x0000000008002010       0x24 zephyr/libzephyr.a(log_core.c.obj)
                0x0000000008002010                z_log_msg_commit
 .text.log_source_name_get
                0x0000000008002034       0x1c zephyr/libzephyr.a(log_mgmt.c.obj)
                0x0000000008002034                log_source_name_get
 .text.z_impl_z_log_msg_static_create
                0x0000000008002050      0x108 zephyr/libzephyr.a(log_msg.c.obj)
                0x0000000008002050                z_impl_z_log_msg_static_create
 .text.z_log_msg_runtime_vcreate
                0x0000000008002158       0xa0 zephyr/libzephyr.a(log_msg.c.obj)
                0x0000000008002158                z_log_msg_runtime_vcreate
 .text.log_msg_get_source_id
                0x00000000080021f8       0x18 zephyr/libzephyr.a(log_msg.c.obj)
                0x00000000080021f8                log_msg_get_source_id
 .text.print_formatted
                0x0000000008002210       0x24 zephyr/libzephyr.a(log_output.c.obj)
 .text.newline_print
                0x0000000008002234       0x1c zephyr/libzephyr.a(log_output.c.obj)
 .text.log_output_process
                0x0000000008002250      0x2dc zephyr/libzephyr.a(log_output.c.obj)
                0x0000000008002250                log_output_process
 .text.log_output_dropped_process
                0x000000000800252c       0x58 zephyr/libzephyr.a(log_output.c.obj)
                0x000000000800252c                log_output_dropped_process
 .text.log_output_timestamp_freq_set
                0x0000000008002584       0x2c zephyr/libzephyr.a(log_output.c.obj)
                0x0000000008002584                log_output_timestamp_freq_set
 .text.char_out
                0x00000000080025b0       0x24 zephyr/libzephyr.a(log_backend_uart.c.obj)
 .text.z_arm_fatal_error
                0x00000000080025d4       0xb4 zephyr/arch/arch/arm/core/libarch__arm__core.a(fatal.c.obj)
                0x00000000080025d4                z_arm_fatal_error
 .text.z_arm_nmi
                0x0000000008002688       0x14 zephyr/arch/arch/arm/core/libarch__arm__core.a(nmi.c.obj)
                0x0000000008002688                z_arm_nmi
 .text.z_SysNmiOnReset
                0x000000000800269c        0x8 zephyr/arch/arch/arm/core/libarch__arm__core.a(nmi_on_reset.S.obj)
                0x000000000800269c                z_SysNmiOnReset
 .text.arch_tls_stack_setup
                0x00000000080026a4       0x40 zephyr/arch/arch/arm/core/libarch__arm__core.a(tls.c.obj)
                0x00000000080026a4                arch_tls_stack_setup
 .text._HandlerModeExit
                0x00000000080026e4       0x20 zephyr/arch/arch/arm/core/cortex_m/libarch__arm__core__cortex_m.a(exc_exit.c.obj)
                0x00000000080026e4                z_arm_exc_exit
                0x00000000080026e4                z_arm_int_exit
 .text.mem_manage_fault.constprop.0
                0x0000000008002704       0xac zephyr/arch/arch/arm/core/cortex_m/libarch__arm__core__cortex_m.a(fault.c.obj)
 .text.usage_fault.constprop.0
                0x00000000080027b0       0xa8 zephyr/arch/arch/arm/core/cortex_m/libarch__arm__core__cortex_m.a(fault.c.obj)
 .text.bus_fault.constprop.0
                0x0000000008002858       0xb8 zephyr/arch/arch/arm/core/cortex_m/libarch__arm__core__cortex_m.a(fault.c.obj)
 .text.z_arm_fault
                0x0000000008002910      0x1d0 zephyr/arch/arch/arm/core/cortex_m/libarch__arm__core__cortex_m.a(fault.c.obj)
                0x0000000008002910                z_arm_fault
 .text.z_arm_fault_init
                0x0000000008002ae0       0x10 zephyr/arch/arch/arm/core/cortex_m/libarch__arm__core__cortex_m.a(fault.c.obj)
                0x0000000008002ae0                z_arm_fault_init
 .text.__fault  0x0000000008002af0       0x14 zephyr/arch/arch/arm/core/cortex_m/libarch__arm__core__cortex_m.a(fault_s.S.obj)
                0x0000000008002af0                z_arm_bus_fault
                0x0000000008002af0                z_arm_usage_fault
                0x0000000008002af0                z_arm_mpu_fault
                0x0000000008002af0                z_arm_exc_spurious
                0x0000000008002af0                z_arm_debug_monitor
                0x0000000008002af0                z_arm_hard_fault
 .text._reset_section
                0x0000000008002b04       0x2c zephyr/arch/arch/arm/core/cortex_m/libarch__arm__core__cortex_m.a(reset.S.obj)
                0x0000000008002b04                z_arm_reset
                0x0000000008002b04                __start
 .text.z_impl_k_thread_abort
                0x0000000008002b30       0x2c zephyr/arch/arch/arm/core/cortex_m/libarch__arm__core__cortex_m.a(thread_abort.c.obj)
                0x0000000008002b30                z_impl_k_thread_abort
 .text.arch_swap
                0x0000000008002b5c       0x30 zephyr/arch/arch/arm/core/cortex_m/libarch__arm__core__cortex_m.a(swap.c.obj)
                0x0000000008002b5c                arch_swap
 .text.z_arm_pendsv
                0x0000000008002b8c       0x58 zephyr/arch/arch/arm/core/cortex_m/libarch__arm__core__cortex_m.a(swap_helper.S.obj)
                0x0000000008002b8c                z_arm_pendsv
 .text.z_arm_svc
                0x0000000008002be4       0x20 zephyr/arch/arch/arm/core/cortex_m/libarch__arm__core__cortex_m.a(swap_helper.S.obj)
                0x0000000008002be4                z_arm_svc
 .text.arch_irq_enable
                0x0000000008002c04       0x1c zephyr/arch/arch/arm/core/cortex_m/libarch__arm__core__cortex_m.a(irq_manage.c.obj)
                0x0000000008002c04                arch_irq_enable
 .text.z_arm_irq_priority_set
                0x0000000008002c20       0x2c zephyr/arch/arch/arm/core/cortex_m/libarch__arm__core__cortex_m.a(irq_manage.c.obj)
                0x0000000008002c20                z_arm_irq_priority_set
 .text.z_prep_c
                0x0000000008002c4c       0x30 zephyr/arch/arch/arm/core/cortex_m/libarch__arm__core__cortex_m.a(prep_c.c.obj)
                0x0000000008002c4c                z_prep_c
 .text.arch_new_thread
                0x0000000008002c7c       0x38 zephyr/arch/arch/arm/core/cortex_m/libarch__arm__core__cortex_m.a(thread.c.obj)
                0x0000000008002c7c                arch_new_thread
 .text.arch_switch_to_main_thread
                0x0000000008002cb4       0x40 zephyr/arch/arch/arm/core/cortex_m/libarch__arm__core__cortex_m.a(thread.c.obj)
                0x0000000008002cb4                arch_switch_to_main_thread
 .text.z_arm_cpu_idle_init
                0x0000000008002cf4        0xc zephyr/arch/arch/arm/core/cortex_m/libarch__arm__core__cortex_m.a(cpu_idle.c.obj)
                0x0000000008002cf4                z_arm_cpu_idle_init
 .text.z_arm_interrupt_init
                0x0000000008002d00       0x18 zephyr/arch/arch/arm/core/cortex_m/libarch__arm__core__cortex_m.a(irq_init.c.obj)
                0x0000000008002d00                z_arm_interrupt_init
 .text._isr_wrapper
                0x0000000008002d18       0x24 zephyr/arch/arch/arm/core/cortex_m/libarch__arm__core__cortex_m.a(isr_wrapper.c.obj)
                0x0000000008002d18                _isr_wrapper
 .text.z_impl_zephyr_fputc
                0x0000000008002d3c       0x10 zephyr/lib/libc/picolibc/liblib__libc__picolibc.a(libc-hooks.c.obj)
                0x0000000008002d3c                z_impl_zephyr_fputc
 .text.__stdout_hook_install
                0x0000000008002d4c       0x18 zephyr/lib/libc/picolibc/liblib__libc__picolibc.a(libc-hooks.c.obj)
                0x0000000008002d4c                __stdout_hook_install
 .text.cbvprintf
                0x0000000008002d64       0x38 zephyr/lib/libc/picolibc/liblib__libc__picolibc.a(libc-hooks.c.obj)
                0x0000000008002d64                cbvprintf
 .text.malloc_prepare
                0x0000000008002d9c       0x24 zephyr/lib/libc/common/liblib__libc__common.a(malloc.c.obj)
 .text.stm32_exti_isr
                0x0000000008002dc0       0x4c zephyr/drivers/interrupt_controller/libdrivers__interrupt_controller.a(intc_exti_stm32.c.obj)
 .text.stm32_fill_irq_table
                0x0000000008002e0c       0x18 zephyr/drivers/interrupt_controller/libdrivers__interrupt_controller.a(intc_exti_stm32.c.obj)
 .text.stm32_exti_enable
                0x0000000008002e24       0x24 zephyr/drivers/interrupt_controller/libdrivers__interrupt_controller.a(intc_exti_stm32.c.obj)
                0x0000000008002e24                stm32_exti_enable
 .text.stm32_exti_disable
                0x0000000008002e48       0x18 zephyr/drivers/interrupt_controller/libdrivers__interrupt_controller.a(intc_exti_stm32.c.obj)
                0x0000000008002e48                stm32_exti_disable
 .text.stm32_exti_trigger
                0x0000000008002e60       0x60 zephyr/drivers/interrupt_controller/libdrivers__interrupt_controller.a(intc_exti_stm32.c.obj)
                0x0000000008002e60                stm32_exti_trigger
 .text.stm32_exti_set_callback
                0x0000000008002ec0       0x30 zephyr/drivers/interrupt_controller/libdrivers__interrupt_controller.a(intc_exti_stm32.c.obj)
                0x0000000008002ec0                stm32_exti_set_callback
 .text.stm32_exti_unset_callback
                0x0000000008002ef0       0x14 zephyr/drivers/interrupt_controller/libdrivers__interrupt_controller.a(intc_exti_stm32.c.obj)
                0x0000000008002ef0                stm32_exti_unset_callback
 .text.stm32_clock_control_get_subsys_rate
                0x0000000008002f04       0x4c zephyr/drivers/clock_control/libdrivers__clock_control.a(clock_stm32_ll_common.c.obj)
 .text.stm32_clock_control_init
                0x0000000008002f50      0x104 zephyr/drivers/clock_control/libdrivers__clock_control.a(clock_stm32_ll_common.c.obj)
                0x0000000008002f50                stm32_clock_control_init
 .text.config_pll_sysclock
                0x0000000008003054       0x1c zephyr/drivers/clock_control/libdrivers__clock_control.a(clock_stm32f1.c.obj)
                0x0000000008003054                config_pll_sysclock
 .text.uart_console_init
                0x0000000008003070       0x28 zephyr/drivers/console/libdrivers__console.a(uart_console.c.obj)
 .text.console_out
                0x0000000008003098       0x28 zephyr/drivers/console/libdrivers__console.a(uart_console.c.obj)
 .text.gpio_stm32_init
                0x00000000080030c0       0x30 zephyr/drivers/gpio/libdrivers__gpio.a(gpio_stm32.c.obj)
 .text.gpio_stm32_pin_interrupt_configure
                0x00000000080030f0       0xe4 zephyr/drivers/gpio/libdrivers__gpio.a(gpio_stm32.c.obj)
 .text.stm32_i2c_configure_timing
                0x00000000080031d4       0xa8 zephyr/drivers/i2c/libdrivers__i2c.a(i2c_ll_stm32_v1.c.obj)
                0x00000000080031d4                stm32_i2c_configure_timing
 .text.i2c_stm32_get_config.part.0
                0x000000000800327c       0x1c zephyr/drivers/i2c/libdrivers__i2c.a(i2c_ll_stm32.c.obj)
 .text.i2c_stm32_set_smbus_mode
                0x0000000008003298       0x54 zephyr/drivers/i2c/libdrivers__i2c.a(i2c_ll_stm32.c.obj)
                0x0000000008003298                i2c_stm32_set_smbus_mode
 .text.i2c_stm32_runtime_configure
                0x00000000080032ec       0x88 zephyr/drivers/i2c/libdrivers__i2c.a(i2c_ll_stm32.c.obj)
                0x00000000080032ec                i2c_stm32_runtime_configure
 .text.i2c_stm32_init
                0x0000000008003374      0x148 zephyr/drivers/i2c/libdrivers__i2c.a(i2c_ll_stm32.c.obj)
 .text.pinctrl_configure_pins
                0x00000000080034bc       0xf0 zephyr/drivers/pinctrl/libdrivers__pinctrl.a(pinctrl_stm32.c.obj)
                0x00000000080034bc                pinctrl_configure_pins
 .text.uart_stm32_set_baudrate.part.0
                0x00000000080035ac       0x14 zephyr/drivers/serial/libdrivers__serial.a(uart_stm32.c.obj)
 .text.uart_stm32_parameters_set
                0x00000000080035c0       0xf8 zephyr/drivers/serial/libdrivers__serial.a(uart_stm32.c.obj)
 .text.uart_stm32_init
                0x00000000080036b8       0xd8 zephyr/drivers/serial/libdrivers__serial.a(uart_stm32.c.obj)
 .text.uart_stm32_configure
                0x0000000008003790      0x13c zephyr/drivers/serial/libdrivers__serial.a(uart_stm32.c.obj)
 .text.elapsed  0x00000000080038cc       0x4c zephyr/drivers/timer/libdrivers__timer.a(cortex_m_systick.c.obj)
 .text.sys_clock_driver_init
                0x0000000008003918       0x38 zephyr/drivers/timer/libdrivers__timer.a(cortex_m_systick.c.obj)
 .text.sys_clock_isr
                0x0000000008003950       0x54 zephyr/drivers/timer/libdrivers__timer.a(cortex_m_systick.c.obj)
                0x0000000008003950                sys_clock_isr
 .text.sys_clock_set_timeout
                0x00000000080039a4       0xfc zephyr/drivers/timer/libdrivers__timer.a(cortex_m_systick.c.obj)
                0x00000000080039a4                sys_clock_set_timeout
 .text.sys_clock_elapsed
                0x0000000008003aa0       0x3c zephyr/drivers/timer/libdrivers__timer.a(cortex_m_systick.c.obj)
                0x0000000008003aa0                sys_clock_elapsed
 .text.HAL_RCC_GetSysClockFreq
                0x0000000008003adc       0x4c modules/stm32/stm32cube/lib..__modules__hal__stm32__stm32cube.a(stm32f1xx_hal_rcc.c.obj)
                0x0000000008003adc                HAL_RCC_GetSysClockFreq
 .text.LL_SetFlashLatency
                0x0000000008003b28       0x4c modules/stm32/stm32cube/lib..__modules__hal__stm32__stm32cube.a(stm32f1xx_ll_utils.c.obj)
                0x0000000008003b28                LL_SetFlashLatency
 .text.k_sys_fatal_error_handler
                0x0000000008003b74       0x20 zephyr/kernel/libkernel.a(fatal.c.obj)
                0x0000000008003b74                k_sys_fatal_error_handler
 .text.z_fatal_error
                0x0000000008003b94       0xe8 zephyr/kernel/libkernel.a(fatal.c.obj)
                0x0000000008003b94                z_fatal_error
 .text.z_sys_init_run_level
                0x0000000008003c7c       0x2c zephyr/kernel/libkernel.a(init.c.obj)
 .text.bg_thread_main
                0x0000000008003ca8       0xc4 zephyr/kernel/libkernel.a(init.c.obj)
 .text.z_bss_zero
                0x0000000008003d6c       0x18 zephyr/kernel/libkernel.a(init.c.obj)
                0x0000000008003d6c                z_bss_zero
 .text.z_init_cpu
                0x0000000008003d84       0x68 zephyr/kernel/libkernel.a(init.c.obj)
                0x0000000008003d84                z_init_cpu
 .text.z_cstart
                0x0000000008003dec       0xd0 zephyr/kernel/libkernel.a(init.c.obj)
                0x0000000008003dec                z_cstart
 .text.z_impl_k_mutex_lock
                0x0000000008003ebc       0xf0 zephyr/kernel/libkernel.a(mutex.c.obj)
                0x0000000008003ebc                z_impl_k_mutex_lock
 .text.z_impl_k_mutex_unlock
                0x0000000008003fac       0x78 zephyr/kernel/libkernel.a(mutex.c.obj)
                0x0000000008003fac                z_impl_k_mutex_unlock
 .text.z_impl_k_sem_give
                0x0000000008004024       0x48 zephyr/kernel/libkernel.a(sem.c.obj)
                0x0000000008004024                z_impl_k_sem_give
 .text.z_impl_k_sem_take
                0x000000000800406c       0x4c zephyr/kernel/libkernel.a(sem.c.obj)
                0x000000000800406c                z_impl_k_sem_take
 .text.z_impl_k_sem_reset
                0x00000000080040b8       0x38 zephyr/kernel/libkernel.a(sem.c.obj)
                0x00000000080040b8                z_impl_k_sem_reset
 .text.z_setup_new_thread
                0x00000000080040f0       0x70 zephyr/kernel/libkernel.a(thread.c.obj)
                0x00000000080040f0                z_setup_new_thread
 .text.z_impl_k_thread_create
                0x0000000008004160       0x58 zephyr/kernel/libkernel.a(thread.c.obj)
                0x0000000008004160                z_impl_k_thread_create
 .text.update_cache
                0x00000000080041b8       0x3c zephyr/kernel/libkernel.a(sched.c.obj)
 .text.unready_thread
                0x00000000080041f4       0x30 zephyr/kernel/libkernel.a(sched.c.obj)
 .text.ready_thread
                0x0000000008004224       0x68 zephyr/kernel/libkernel.a(sched.c.obj)
 .text.z_thread_halt
                0x000000000800428c       0xd8 zephyr/kernel/libkernel.a(sched.c.obj)
 .text.move_thread_to_end_of_prio_q
                0x0000000008004364       0x74 zephyr/kernel/libkernel.a(sched.c.obj)
                0x0000000008004364                move_thread_to_end_of_prio_q
 .text.z_pend_curr
                0x00000000080043d8       0x58 zephyr/kernel/libkernel.a(sched.c.obj)
                0x00000000080043d8                z_pend_curr
 .text.z_thread_prio_set
                0x0000000008004430       0xcc zephyr/kernel/libkernel.a(sched.c.obj)
                0x0000000008004430                z_thread_prio_set
 .text.z_reschedule
                0x00000000080044fc       0x24 zephyr/kernel/libkernel.a(sched.c.obj)
                0x00000000080044fc                z_reschedule
 .text.z_sched_start
                0x0000000008004520       0x3c zephyr/kernel/libkernel.a(sched.c.obj)
                0x0000000008004520                z_sched_start
 .text.z_reschedule_irqlock
                0x000000000800455c       0x28 zephyr/kernel/libkernel.a(sched.c.obj)
                0x000000000800455c                z_reschedule_irqlock
 .text.k_sched_lock
                0x0000000008004584       0x28 zephyr/kernel/libkernel.a(sched.c.obj)
                0x0000000008004584                k_sched_lock
 .text.k_sched_unlock
                0x00000000080045ac       0x40 zephyr/kernel/libkernel.a(sched.c.obj)
                0x00000000080045ac                k_sched_unlock
 .text.z_sched_init
                0x00000000080045ec       0x10 zephyr/kernel/libkernel.a(sched.c.obj)
                0x00000000080045ec                z_sched_init
 .text.z_impl_k_yield
                0x00000000080045fc       0x7c zephyr/kernel/libkernel.a(sched.c.obj)
                0x00000000080045fc                z_impl_k_yield
 .text.z_tick_sleep
                0x0000000008004678       0x88 zephyr/kernel/libkernel.a(sched.c.obj)
 .text.z_impl_k_sleep
                0x0000000008004700       0x3c zephyr/kernel/libkernel.a(sched.c.obj)
                0x0000000008004700                z_impl_k_sleep
 .text.z_impl_k_sched_current_thread_query
                0x000000000800473c        0xc zephyr/kernel/libkernel.a(sched.c.obj)
                0x000000000800473c                z_impl_k_sched_current_thread_query
 .text.slice_timeout
                0x0000000008004748       0x20 zephyr/kernel/libkernel.a(timeslicing.c.obj)
 .text.thread_is_sliceable
                0x0000000008004768       0x3c zephyr/kernel/libkernel.a(timeslicing.c.obj)
                0x0000000008004768                thread_is_sliceable
 .text.z_reset_time_slice
                0x00000000080047a4       0x50 zephyr/kernel/libkernel.a(timeslicing.c.obj)
                0x00000000080047a4                z_reset_time_slice
 .text.z_time_slice
                0x00000000080047f4       0x60 zephyr/kernel/libkernel.a(timeslicing.c.obj)
                0x00000000080047f4                z_time_slice
 .text.z_data_copy
                0x0000000008004854       0x38 zephyr/kernel/libkernel.a(xip.c.obj)
                0x0000000008004854                z_data_copy
 .text.elapsed  0x000000000800488c       0x14 zephyr/kernel/libkernel.a(timeout.c.obj)
 .text.remove_timeout
                0x00000000080048a0       0x38 zephyr/kernel/libkernel.a(timeout.c.obj)
 .text.next_timeout
                0x00000000080048d8       0x40 zephyr/kernel/libkernel.a(timeout.c.obj)
 .text.z_add_timeout
                0x0000000008004918       0xf4 zephyr/kernel/libkernel.a(timeout.c.obj)
                0x0000000008004918                z_add_timeout
 .text.sys_clock_announce
                0x0000000008004a0c       0xd0 zephyr/kernel/libkernel.a(timeout.c.obj)
                0x0000000008004a0c                sys_clock_announce
 .text.sys_clock_tick_get
                0x0000000008004adc       0x30 zephyr/kernel/libkernel.a(timeout.c.obj)
                0x0000000008004adc                sys_clock_tick_get
 .text.z_timer_expiration_handler
                0x0000000008004b0c       0xe0 zephyr/kernel/libkernel.a(timer.c.obj)
                0x0000000008004b0c                z_timer_expiration_handler
 .text.z_impl_k_timer_start
                0x0000000008004bec       0x74 zephyr/kernel/libkernel.a(timer.c.obj)
                0x0000000008004bec                z_impl_k_timer_start
 .text.boot_banner
                0x0000000008004c60        0xc zephyr/kernel/libkernel.a(banner.c.obj)
                0x0000000008004c60                boot_banner
 .text.snprintf
                0x0000000008004c6c       0x58 /home/romain/zephyr-sdk-0.16.1/arm-zephyr-eabi/bin/../lib/gcc/../../picolibc/arm-zephyr-eabi/lib/thumb/v7-m/nofp/libc.a(libc_tinystdio_snprintf.c.o)
                0x0000000008004c6c                snprintf
 .text.skip_to_arg
                0x0000000008004cc4      0x134 /home/romain/zephyr-sdk-0.16.1/arm-zephyr-eabi/bin/../lib/gcc/../../picolibc/arm-zephyr-eabi/lib/thumb/v7-m/nofp/libc.a(libc_tinystdio_vfprintf.c.o)
 .text.vfprintf
                0x0000000008004df8      0xba8 /home/romain/zephyr-sdk-0.16.1/arm-zephyr-eabi/bin/../lib/gcc/../../picolibc/arm-zephyr-eabi/lib/thumb/v7-m/nofp/libc.a(libc_tinystdio_vfprintf.c.o)
                0x0000000008004df8                __d_vfprintf
 .text.div10    0x00000000080059a0       0x28 /home/romain/zephyr-sdk-0.16.1/arm-zephyr-eabi/bin/../lib/gcc/../../picolibc/arm-zephyr-eabi/lib/thumb/v7-m/nofp/libc.a(libc_tinystdio_dtoa_ryu.c.o)
 .text.__dtoa_engine
                0x00000000080059c8      0x4a4 /home/romain/zephyr-sdk-0.16.1/arm-zephyr-eabi/bin/../lib/gcc/../../picolibc/arm-zephyr-eabi/lib/thumb/v7-m/nofp/libc.a(libc_tinystdio_dtoa_ryu.c.o)
                0x00000000080059c8                __dtoa_engine
 .text.__pow5Factor
                0x0000000008005e6c       0x30 /home/romain/zephyr-sdk-0.16.1/arm-zephyr-eabi/bin/../lib/gcc/../../picolibc/arm-zephyr-eabi/lib/thumb/v7-m/nofp/libc.a(libc_tinystdio_ryu_table.c.o)
                0x0000000008005e6c                __pow5Factor
 .text.__double_computePow5
                0x0000000008005e9c       0xe8 /home/romain/zephyr-sdk-0.16.1/arm-zephyr-eabi/bin/../lib/gcc/../../picolibc/arm-zephyr-eabi/lib/thumb/v7-m/nofp/libc.a(libc_tinystdio_ryu_table.c.o)
                0x0000000008005e9c                __double_computePow5
 .text.__double_computeInvPow5
                0x0000000008005f84       0xf8 /home/romain/zephyr-sdk-0.16.1/arm-zephyr-eabi/bin/../lib/gcc/../../picolibc/arm-zephyr-eabi/lib/thumb/v7-m/nofp/libc.a(libc_tinystdio_ryu_table.c.o)
                0x0000000008005f84                __double_computeInvPow5
 .text.__log10Pow2
                0x000000000800607c        0xc /home/romain/zephyr-sdk-0.16.1/arm-zephyr-eabi/bin/../lib/gcc/../../picolibc/arm-zephyr-eabi/lib/thumb/v7-m/nofp/libc.a(libc_tinystdio_ryu_log10.c.o)
                0x000000000800607c                __log10Pow2
 .text.__log10Pow5
                0x0000000008006088        0xc /home/romain/zephyr-sdk-0.16.1/arm-zephyr-eabi/bin/../lib/gcc/../../picolibc/arm-zephyr-eabi/lib/thumb/v7-m/nofp/libc.a(libc_tinystdio_ryu_log10.c.o)
                0x0000000008006088                __log10Pow5
 .text.__pow5bits
                0x0000000008006094       0x10 /home/romain/zephyr-sdk-0.16.1/arm-zephyr-eabi/bin/../lib/gcc/../../picolibc/arm-zephyr-eabi/lib/thumb/v7-m/nofp/libc.a(libc_tinystdio_ryu_pow5bits.c.o)
                0x0000000008006094                __pow5bits
 .text.atan2f   0x00000000080060a4      0x14c /home/romain/zephyr-sdk-0.16.1/arm-zephyr-eabi/bin/../lib/gcc/../../picolibc/arm-zephyr-eabi/lib/thumb/v7-m/nofp/libc.a(libm_math_sf_atan2.c.o)
                0x00000000080060a4                atan2f
 .text.fmodf    0x00000000080061f0      0x128 /home/romain/zephyr-sdk-0.16.1/arm-zephyr-eabi/bin/../lib/gcc/../../picolibc/arm-zephyr-eabi/lib/thumb/v7-m/nofp/libc.a(libm_math_sf_fmod.c.o)
                0x00000000080061f0                fmodf
 .text.__fpclassifyf
                0x0000000008006318       0x34 /home/romain/zephyr-sdk-0.16.1/arm-zephyr-eabi/bin/../lib/gcc/../../picolibc/arm-zephyr-eabi/lib/thumb/v7-m/nofp/libc.a(libm_common_sf_fpclassify.c.o)
                0x0000000008006318                __fpclassifyf
 .text.__math_invalidf
                0x000000000800634c       0x10 /home/romain/zephyr-sdk-0.16.1/arm-zephyr-eabi/bin/../lib/gcc/../../picolibc/arm-zephyr-eabi/lib/thumb/v7-m/nofp/libc.a(libm_common_math_errf_invalidf.c.o)
                0x000000000800634c                __math_invalidf
 .text.atanf    0x000000000800635c      0x220 /home/romain/zephyr-sdk-0.16.1/arm-zephyr-eabi/bin/../lib/gcc/../../picolibc/arm-zephyr-eabi/lib/thumb/v7-m/nofp/libc.a(libm_math_sf_atan.c.o)
                0x000000000800635c                atanf
 .text._OffsetAbsSyms
                0x000000000800657c        0x2 zephyr/CMakeFiles/offsets.dir/./arch/arm/core/offsets/offsets.c.obj
                0x000000000800657c                _OffsetAbsSyms
 .text.k_msleep.isra.0
                0x000000000800657e        0xa app/libapp.a(main.c.obj)
 .text.i2c_write.constprop.0.isra.0
                0x0000000008006588       0x1c app/libapp.a(moteur.c.obj)
 .text.pid_init
                0x00000000080065a4        0xe app/libapp.a(pid.c.obj)
                0x00000000080065a4                pid_init
 .text.chunk_size
                0x00000000080065b2        0xa zephyr/libzephyr.a(heap.c.obj)
 .text.free_list_add
                0x00000000080065bc       0x4e zephyr/libzephyr.a(heap.c.obj)
 .text.sys_heap_init
                0x000000000800660a       0x7a zephyr/libzephyr.a(heap.c.obj)
                0x000000000800660a                sys_heap_init
 .text.cbpprintf_external
                0x0000000008006684       0x62 zephyr/libzephyr.a(cbprintf_packaged.c.obj)
                0x0000000008006684                cbpprintf_external
 .text.is_ptr   0x00000000080066e6       0x4a zephyr/libzephyr.a(cbprintf_packaged.c.obj)
                0x00000000080066e6                is_ptr
 .text.arch_printk_char_out
                0x0000000008006730        0x4 zephyr/libzephyr.a(printk.c.obj)
                0x0000000008006730                arch_printk_char_out
 .text.printk   0x0000000008006734       0x1a zephyr/libzephyr.a(printk.c.obj)
                0x0000000008006734                printk
 .text.free_space
                0x000000000800674e       0x26 zephyr/libzephyr.a(mpsc_pbuf.c.obj)
 .text.get_usage
                0x0000000008006774       0x22 zephyr/libzephyr.a(mpsc_pbuf.c.obj)
 .text.idx_inc  0x0000000008006796       0x1c zephyr/libzephyr.a(mpsc_pbuf.c.obj)
 .text.rd_idx_inc
                0x00000000080067b2       0x18 zephyr/libzephyr.a(mpsc_pbuf.c.obj)
 .text.add_skip_item
                0x00000000080067ca       0x3e zephyr/libzephyr.a(mpsc_pbuf.c.obj)
 .text.drop_item_locked
                0x0000000008006808       0xee zephyr/libzephyr.a(mpsc_pbuf.c.obj)
 .text.post_drop_action
                0x00000000080068f6       0x36 zephyr/libzephyr.a(mpsc_pbuf.c.obj)
 .text.max_utilization_update
                0x000000000800692c       0x1a zephyr/libzephyr.a(mpsc_pbuf.c.obj)
 .text.mpsc_pbuf_init
                0x0000000008006946       0x42 zephyr/libzephyr.a(mpsc_pbuf.c.obj)
                0x0000000008006946                mpsc_pbuf_init
 .text.mpsc_pbuf_alloc
                0x0000000008006988       0xfe zephyr/libzephyr.a(mpsc_pbuf.c.obj)
                0x0000000008006988                mpsc_pbuf_alloc
 .text.mpsc_pbuf_commit
                0x0000000008006a86       0x3e zephyr/libzephyr.a(mpsc_pbuf.c.obj)
                0x0000000008006a86                mpsc_pbuf_commit
 .text.mpsc_pbuf_claim
                0x0000000008006ac4       0xa8 zephyr/libzephyr.a(mpsc_pbuf.c.obj)
                0x0000000008006ac4                mpsc_pbuf_claim
 .text.mpsc_pbuf_free
                0x0000000008006b6c       0x76 zephyr/libzephyr.a(mpsc_pbuf.c.obj)
                0x0000000008006b6c                mpsc_pbuf_free
 .text.mpsc_pbuf_is_pending
                0x0000000008006be2       0x1a zephyr/libzephyr.a(mpsc_pbuf.c.obj)
                0x0000000008006be2                mpsc_pbuf_is_pending
 .text._ConfigAbsSyms
                0x0000000008006bfc        0x2 zephyr/libzephyr.a(configs.c.obj)
                0x0000000008006bfc                _ConfigAbsSyms
 .text.log_msg_generic_get_wlen
                0x0000000008006bfe       0x20 zephyr/libzephyr.a(log_core.c.obj)
 .text.dummy_timestamp
                0x0000000008006c1e        0x4 zephyr/libzephyr.a(log_core.c.obj)
 .text.atomic_inc
                0x0000000008006c22       0x1a zephyr/libzephyr.a(log_core.c.obj)
 .text.default_lf_get_timestamp
                0x0000000008006c3c       0x10 zephyr/libzephyr.a(log_core.c.obj)
 .text.z_log_vprintk
                0x0000000008006c4c       0x1c zephyr/libzephyr.a(log_core.c.obj)
                0x0000000008006c4c                z_log_vprintk
 .text.z_log_notify_drop
                0x0000000008006c68        0x6 zephyr/libzephyr.a(log_core.c.obj)
 .text.z_log_get_tag
                0x0000000008006c6e        0x4 zephyr/libzephyr.a(log_core.c.obj)
                0x0000000008006c6e                z_log_get_tag
 .text.log_backend_enable
                0x0000000008006c72       0x12 zephyr/libzephyr.a(log_mgmt.c.obj)
                0x0000000008006c72                log_backend_enable
 .text.z_cbprintf_cpy
                0x0000000008006c84       0x2c zephyr/libzephyr.a(log_msg.c.obj)
 .text.z_log_msg_finalize
                0x0000000008006cb0       0x32 zephyr/libzephyr.a(log_msg.c.obj)
                0x0000000008006cb0                z_log_msg_finalize
 .text.z_log_msg_simple_create
                0x0000000008006ce2       0x6e zephyr/libzephyr.a(log_msg.c.obj)
 .text.z_impl_z_log_msg_simple_create_0
                0x0000000008006d50       0x12 zephyr/libzephyr.a(log_msg.c.obj)
                0x0000000008006d50                z_impl_z_log_msg_simple_create_0
 .text.z_impl_z_log_msg_simple_create_1
                0x0000000008006d62       0x14 zephyr/libzephyr.a(log_msg.c.obj)
                0x0000000008006d62                z_impl_z_log_msg_simple_create_1
 .text.buffer_write
                0x0000000008006d76       0x1c zephyr/libzephyr.a(log_output.c.obj)
 .text.log_output_flush
                0x0000000008006d92       0x18 zephyr/libzephyr.a(log_output.c.obj)
                0x0000000008006d92                log_output_flush
 .text.out_func
                0x0000000008006daa       0x36 zephyr/libzephyr.a(log_output.c.obj)
 .text.cr_out_func
                0x0000000008006de0       0x1c zephyr/libzephyr.a(log_output.c.obj)
 .text.log_output_msg_process
                0x0000000008006dfc       0x6a zephyr/libzephyr.a(log_output.c.obj)
                0x0000000008006dfc                log_output_msg_process
 .text.format_set
                0x0000000008006e66        0xc zephyr/libzephyr.a(log_backend_uart.c.obj)
 .text.log_backend_uart_init
                0x0000000008006e72        0xc zephyr/libzephyr.a(log_backend_uart.c.obj)
 .text.panic    0x0000000008006e7e       0x10 zephyr/libzephyr.a(log_backend_uart.c.obj)
 .text.dropped  0x0000000008006e8e        0xa zephyr/libzephyr.a(log_backend_uart.c.obj)
 .text.process  0x0000000008006e98       0x1e zephyr/libzephyr.a(log_backend_uart.c.obj)
 .text.z_do_kernel_oops
                0x0000000008006eb6        0x8 zephyr/arch/arch/arm/core/libarch__arm__core.a(fatal.c.obj)
                0x0000000008006eb6                z_do_kernel_oops
 .text.z_log_msg_simple_create_0.constprop.0
                0x0000000008006ebe        0x8 zephyr/arch/arch/arm/core/cortex_m/libarch__arm__core__cortex_m.a(fault.c.obj)
 .text.z_irq_spurious
                0x0000000008006ec6        0x8 zephyr/arch/arch/arm/core/cortex_m/libarch__arm__core__cortex_m.a(irq_manage.c.obj)
                0x0000000008006ec6                z_irq_spurious
 .text.arch_irq_unlock_outlined
                0x0000000008006ece        0xe zephyr/arch/arch/arm/core/cortex_m/libarch__arm__core__cortex_m.a(thread.c.obj)
                0x0000000008006ece                arch_irq_unlock_outlined
 .text.arch_cpu_idle
                0x0000000008006edc       0x1a zephyr/arch/arch/arm/core/cortex_m/libarch__arm__core__cortex_m.a(cpu_idle.c.obj)
                0x0000000008006edc                arch_cpu_idle
 .text.cbputc   0x0000000008006ef6        0xc zephyr/lib/libc/picolibc/liblib__libc__picolibc.a(libc-hooks.c.obj)
 .text.picolibc_put
                0x0000000008006f02        0xa zephyr/lib/libc/picolibc/liblib__libc__picolibc.a(libc-hooks.c.obj)
 .text.stm32_exti_init
                0x0000000008006f0c       0x92 zephyr/drivers/interrupt_controller/libdrivers__interrupt_controller.a(intc_exti_stm32.c.obj)
 .text.stm32_clock_control_on
                0x0000000008006f9e       0x38 zephyr/drivers/clock_control/libdrivers__clock_control.a(clock_stm32_ll_common.c.obj)
 .text.stm32_clock_control_off
                0x0000000008006fd6       0x24 zephyr/drivers/clock_control/libdrivers__clock_control.a(clock_stm32_ll_common.c.obj)
 .text.stm32_clock_control_configure
                0x0000000008006ffa       0x5a zephyr/drivers/clock_control/libdrivers__clock_control.a(clock_stm32_ll_common.c.obj)
 .text.stm32_clock_control_get_status
                0x0000000008007054       0x34 zephyr/drivers/clock_control/libdrivers__clock_control.a(clock_stm32_ll_common.c.obj)
 .text.config_regulator_voltage
                0x0000000008007088        0x2 zephyr/drivers/clock_control/libdrivers__clock_control.a(clock_stm32_ll_common.c.obj)
                0x0000000008007088                config_regulator_voltage
 .text.config_enable_default_clocks
                0x000000000800708a        0x2 zephyr/drivers/clock_control/libdrivers__clock_control.a(clock_stm32f1.c.obj)
                0x000000000800708a                config_enable_default_clocks
 .text.gpio_stm32_port_get_raw
                0x000000000800708c        0xc zephyr/drivers/gpio/libdrivers__gpio.a(gpio_stm32.c.obj)
 .text.gpio_stm32_port_set_masked_raw
                0x0000000008007098       0x12 zephyr/drivers/gpio/libdrivers__gpio.a(gpio_stm32.c.obj)
 .text.gpio_stm32_port_set_bits_raw
                0x00000000080070aa        0xa zephyr/drivers/gpio/libdrivers__gpio.a(gpio_stm32.c.obj)
 .text.gpio_stm32_port_clear_bits_raw
                0x00000000080070b4        0xa zephyr/drivers/gpio/libdrivers__gpio.a(gpio_stm32.c.obj)
 .text.gpio_stm32_port_toggle_bits
                0x00000000080070be        0xe zephyr/drivers/gpio/libdrivers__gpio.a(gpio_stm32.c.obj)
 .text.gpio_stm32_manage_callback
                0x00000000080070cc       0x52 zephyr/drivers/gpio/libdrivers__gpio.a(gpio_stm32.c.obj)
 .text.LL_GPIO_SetPinMode
                0x000000000800711e       0x2c zephyr/drivers/gpio/libdrivers__gpio.a(gpio_stm32.c.obj)
 .text.LL_GPIO_SetPinSpeed
                0x000000000800714a       0x2c zephyr/drivers/gpio/libdrivers__gpio.a(gpio_stm32.c.obj)
 .text.LL_GPIO_SetPinOutputType
                0x0000000008007176       0x2c zephyr/drivers/gpio/libdrivers__gpio.a(gpio_stm32.c.obj)
 .text.gpio_stm32_isr
                0x00000000080071a2       0x2e zephyr/drivers/gpio/libdrivers__gpio.a(gpio_stm32.c.obj)
 .text.gpio_stm32_configure_raw.constprop.0.isra.0
                0x00000000080071d0       0xaa zephyr/drivers/gpio/libdrivers__gpio.a(gpio_stm32.c.obj)
 .text.gpio_stm32_config
                0x000000000800727a       0x72 zephyr/drivers/gpio/libdrivers__gpio.a(gpio_stm32.c.obj)
 .text.gpio_stm32_configure
                0x00000000080072ec       0x2a zephyr/drivers/gpio/libdrivers__gpio.a(gpio_stm32.c.obj)
                0x00000000080072ec                gpio_stm32_configure
 .text.LL_I2C_ClearFlag_ADDR
                0x0000000008007316       0x12 zephyr/drivers/i2c/libdrivers__i2c.a(i2c_ll_stm32_v1.c.obj)
 .text.stm32_i2c_disable_transfer_interrupts
                0x0000000008007328       0x36 zephyr/drivers/i2c/libdrivers__i2c.a(i2c_ll_stm32_v1.c.obj)
 .text.stm32_i2c_reset
                0x000000000800735e       0x4c zephyr/drivers/i2c/libdrivers__i2c.a(i2c_ll_stm32_v1.c.obj)
 .text.stm32_i2c_master_finish
                0x00000000080073aa       0x1c zephyr/drivers/i2c/libdrivers__i2c.a(i2c_ll_stm32_v1.c.obj)
 .text.handle_txe
                0x00000000080073c6       0x4a zephyr/drivers/i2c/libdrivers__i2c.a(i2c_ll_stm32_v1.c.obj)
 .text.msg_end.constprop.0
                0x0000000008007410       0x42 zephyr/drivers/i2c/libdrivers__i2c.a(i2c_ll_stm32_v1.c.obj)
 .text.stm32_i2c_enable_transfer_interrupts.isra.0
                0x0000000008007452       0x1c zephyr/drivers/i2c/libdrivers__i2c.a(i2c_ll_stm32_v1.c.obj)
 .text.msg_init.constprop.0
                0x000000000800746e       0x72 zephyr/drivers/i2c/libdrivers__i2c.a(i2c_ll_stm32_v1.c.obj)
 .text.handle_rxne
                0x00000000080074e0       0x9c zephyr/drivers/i2c/libdrivers__i2c.a(i2c_ll_stm32_v1.c.obj)
 .text.stm32_i2c_event_isr
                0x000000000800757c      0x198 zephyr/drivers/i2c/libdrivers__i2c.a(i2c_ll_stm32_v1.c.obj)
                0x000000000800757c                stm32_i2c_event_isr
 .text.stm32_i2c_error_isr
                0x0000000008007714       0x50 zephyr/drivers/i2c/libdrivers__i2c.a(i2c_ll_stm32_v1.c.obj)
                0x0000000008007714                stm32_i2c_error_isr
 .text.stm32_i2c_transaction
                0x0000000008007764       0x74 zephyr/drivers/i2c/libdrivers__i2c.a(i2c_ll_stm32_v1.c.obj)
                0x0000000008007764                stm32_i2c_transaction
 .text.i2c_stm32_irq_config_func_0
                0x00000000080077d8       0x26 zephyr/drivers/i2c/libdrivers__i2c.a(i2c_ll_stm32.c.obj)
 .text.i2c_stm32_transfer
                0x00000000080077fe       0x94 zephyr/drivers/i2c/libdrivers__i2c.a(i2c_ll_stm32.c.obj)
 .text.i2c_stm32_get_config
                0x0000000008007892       0x14 zephyr/drivers/i2c/libdrivers__i2c.a(i2c_ll_stm32.c.obj)
                0x0000000008007892                i2c_stm32_get_config
 .text.pinctrl_lookup_state
                0x00000000080078a6       0x26 zephyr/drivers/pinctrl/libdrivers__pinctrl.a(common.c.obj)
                0x00000000080078a6                pinctrl_lookup_state
 .text.reset_stm32_status
                0x00000000080078cc       0x20 zephyr/drivers/reset/libdrivers__reset.a(reset_stm32.c.obj)
 .text.reset_stm32_line_assert
                0x00000000080078ec       0x1c zephyr/drivers/reset/libdrivers__reset.a(reset_stm32.c.obj)
 .text.reset_stm32_line_deassert
                0x0000000008007908       0x1e zephyr/drivers/reset/libdrivers__reset.a(reset_stm32.c.obj)
 .text.reset_stm32_line_toggle
                0x0000000008007926       0x16 zephyr/drivers/reset/libdrivers__reset.a(reset_stm32.c.obj)
 .text.LL_USART_ClearFlag_PE
                0x000000000800793c       0x12 zephyr/drivers/serial/libdrivers__serial.a(uart_stm32.c.obj)
 .text.uart_stm32_err_check
                0x000000000800794e       0x5e zephyr/drivers/serial/libdrivers__serial.a(uart_stm32.c.obj)
 .text.uart_stm32_poll_out
                0x00000000080079ac       0x36 zephyr/drivers/serial/libdrivers__serial.a(uart_stm32.c.obj)
 .text.uart_stm32_poll_in
                0x00000000080079e2       0x22 zephyr/drivers/serial/libdrivers__serial.a(uart_stm32.c.obj)
 .text.uart_stm32_config_get
                0x0000000008007a04       0x8e zephyr/drivers/serial/libdrivers__serial.a(uart_stm32.c.obj)
 .text.uart_stm32_set_baudrate
                0x0000000008007a92       0x4c zephyr/drivers/serial/libdrivers__serial.a(uart_stm32.c.obj)
 .text.z_device_state_init
                0x0000000008007ade        0x2 zephyr/kernel/libkernel.a(device.c.obj)
                0x0000000008007ade                z_device_state_init
 .text.z_impl_device_is_ready
                0x0000000008007ae0       0x16 zephyr/kernel/libkernel.a(device.c.obj)
                0x0000000008007ae0                z_impl_device_is_ready
 .text.arch_system_halt
                0x0000000008007af6       0x10 zephyr/kernel/libkernel.a(fatal.c.obj)
                0x0000000008007af6                arch_system_halt
 .text.do_device_init
                0x0000000008007b06       0x30 zephyr/kernel/libkernel.a(init.c.obj)
 .text.z_early_memset
                0x0000000008007b36        0x4 zephyr/kernel/libkernel.a(init.c.obj)
                0x0000000008007b36                z_early_memset
 .text.z_early_memcpy
                0x0000000008007b3a        0x4 zephyr/kernel/libkernel.a(init.c.obj)
                0x0000000008007b3a                z_early_memcpy
 .text.z_init_static
                0x0000000008007b3e        0x2 zephyr/kernel/libkernel.a(init_static.c.obj)
                0x0000000008007b3e                z_init_static
 .text.idle     0x0000000008007b40       0x16 zephyr/kernel/libkernel.a(idle.c.obj)
                0x0000000008007b40                idle
 .text.adjust_owner_prio.isra.0
                0x0000000008007b56       0x10 zephyr/kernel/libkernel.a(mutex.c.obj)
 .text.z_impl_k_sem_init
                0x0000000008007b66       0x18 zephyr/kernel/libkernel.a(sem.c.obj)
                0x0000000008007b66                z_impl_k_sem_init
 .text.k_is_in_isr
                0x0000000008007b7e        0xc zephyr/kernel/libkernel.a(thread.c.obj)
                0x0000000008007b7e                k_is_in_isr
 .text.z_impl_k_thread_name_set
                0x0000000008007b8a        0x6 zephyr/kernel/libkernel.a(thread.c.obj)
                0x0000000008007b8a                z_impl_k_thread_name_set
 .text.k_thread_name_get
                0x0000000008007b90        0x4 zephyr/kernel/libkernel.a(thread.c.obj)
                0x0000000008007b90                k_thread_name_get
 .text.z_impl_k_thread_start
                0x0000000008007b94        0x4 zephyr/kernel/libkernel.a(thread.c.obj)
                0x0000000008007b94                z_impl_k_thread_start
 .text.sys_dlist_remove
                0x0000000008007b98       0x10 zephyr/kernel/libkernel.a(sched.c.obj)
 .text.unpend_thread_no_timeout
                0x0000000008007ba8       0x14 zephyr/kernel/libkernel.a(sched.c.obj)
 .text.add_to_waitq_locked
                0x0000000008007bbc       0x50 zephyr/kernel/libkernel.a(sched.c.obj)
 .text.z_ready_thread
                0x0000000008007c0c       0x1e zephyr/kernel/libkernel.a(sched.c.obj)
                0x0000000008007c0c                z_ready_thread
 .text.z_impl_k_thread_suspend
                0x0000000008007c2a       0x32 zephyr/kernel/libkernel.a(sched.c.obj)
                0x0000000008007c2a                z_impl_k_thread_suspend
 .text.z_unpend_thread_no_timeout
                0x0000000008007c5c       0x22 zephyr/kernel/libkernel.a(sched.c.obj)
                0x0000000008007c5c                z_unpend_thread_no_timeout
 .text.z_sched_wake_thread
                0x0000000008007c7e       0x42 zephyr/kernel/libkernel.a(sched.c.obj)
                0x0000000008007c7e                z_sched_wake_thread
 .text.z_thread_timeout
                0x0000000008007cc0        0x8 zephyr/kernel/libkernel.a(sched.c.obj)
                0x0000000008007cc0                z_thread_timeout
 .text.z_unpend1_no_timeout
                0x0000000008007cc8       0x2c zephyr/kernel/libkernel.a(sched.c.obj)
                0x0000000008007cc8                z_unpend1_no_timeout
 .text.z_unpend_first_thread
                0x0000000008007cf4       0x36 zephyr/kernel/libkernel.a(sched.c.obj)
                0x0000000008007cf4                z_unpend_first_thread
 .text.z_thread_abort
                0x0000000008007d2a       0x44 zephyr/kernel/libkernel.a(sched.c.obj)
                0x0000000008007d2a                z_thread_abort
 .text.z_abort_timeout
                0x0000000008007d6e       0x2a zephyr/kernel/libkernel.a(timeout.c.obj)
                0x0000000008007d6e                z_abort_timeout
 .text.sys_clock_tick_get_32
                0x0000000008007d98        0x8 zephyr/kernel/libkernel.a(timeout.c.obj)
                0x0000000008007d98                sys_clock_tick_get_32
 .text.z_impl_k_uptime_ticks
                0x0000000008007da0        0x4 zephyr/kernel/libkernel.a(timeout.c.obj)
                0x0000000008007da0                z_impl_k_uptime_ticks
 .text.k_timer_init
                0x0000000008007da4       0x18 zephyr/kernel/libkernel.a(timer.c.obj)
                0x0000000008007da4                k_timer_init
 .text.z_impl_k_timer_stop
                0x0000000008007dbc       0x38 zephyr/kernel/libkernel.a(timer.c.obj)
                0x0000000008007dbc                z_impl_k_timer_stop
 .text.strnlen  0x0000000008007df4       0x18 /home/romain/zephyr-sdk-0.16.1/arm-zephyr-eabi/bin/../lib/gcc/../../picolibc/arm-zephyr-eabi/lib/thumb/v7-m/nofp/libc.a(libc_string_strnlen.c.o)
                0x0000000008007df4                strnlen
 .text.__ultoa_invert
                0x0000000008007e0c       0x54 /home/romain/zephyr-sdk-0.16.1/arm-zephyr-eabi/bin/../lib/gcc/../../picolibc/arm-zephyr-eabi/lib/thumb/v7-m/nofp/libc.a(libc_tinystdio_vfprintf.c.o)
 .text.mulShiftAll64
                0x0000000008007e60      0x17a /home/romain/zephyr-sdk-0.16.1/arm-zephyr-eabi/bin/../lib/gcc/../../picolibc/arm-zephyr-eabi/lib/thumb/v7-m/nofp/libc.a(libc_tinystdio_dtoa_ryu.c.o)
 .text.__umul128
                0x0000000008007fda       0x36 /home/romain/zephyr-sdk-0.16.1/arm-zephyr-eabi/bin/../lib/gcc/../../picolibc/arm-zephyr-eabi/lib/thumb/v7-m/nofp/libc.a(libc_tinystdio_ryu_umul128.c.o)
                0x0000000008007fda                __umul128
 .text.__shiftright128
                0x0000000008008010       0x3e /home/romain/zephyr-sdk-0.16.1/arm-zephyr-eabi/bin/../lib/gcc/../../picolibc/arm-zephyr-eabi/lib/thumb/v7-m/nofp/libc.a(libc_tinystdio_ryu_umul128.c.o)
                0x0000000008008010                __shiftright128
 .text.memcpy   0x000000000800804e       0x1c /home/romain/zephyr-sdk-0.16.1/arm-zephyr-eabi/bin/../lib/gcc/../../picolibc/arm-zephyr-eabi/lib/thumb/v7-m/nofp/libc.a(memcpy.c.o)
                0x000000000800804e                memcpy
                0x000000000800804e                __aeabi_memcpy
                0x000000000800804e                __aeabi_memcpy4
                0x000000000800804e                __aeabi_memcpy8
 .text.memset   0x000000000800806a       0x10 /home/romain/zephyr-sdk-0.16.1/arm-zephyr-eabi/bin/../lib/gcc/../../picolibc/arm-zephyr-eabi/lib/thumb/v7-m/nofp/libc.a(memset.c.o)
                0x000000000800806a                memset
 .text.__file_str_put
                0x000000000800807a       0x10 /home/romain/zephyr-sdk-0.16.1/arm-zephyr-eabi/bin/../lib/gcc/../../picolibc/arm-zephyr-eabi/lib/thumb/v7-m/nofp/libc.a(libc_tinystdio_filestrput.c.o)
                0x000000000800807a                __file_str_put
 *(SORT_BY_ALIGNMENT(.TEXT.*))
 *fill*         0x000000000800808a        0x2 
 .TEXT.__aeabi_read_tp
                0x000000000800808c        0xc zephyr/arch/arch/arm/core/cortex_m/libarch__arm__core__cortex_m.a(__aeabi_read_tp.S.obj)
                0x000000000800808c                __aeabi_read_tp
 *(SORT_BY_ALIGNMENT(.gnu.linkonce.t.*))
 *(SORT_BY_ALIGNMENT(.glue_7t))
 .glue_7t       0x0000000008008098        0x0 linker stubs
 *(SORT_BY_ALIGNMENT(.glue_7))
 .glue_7        0x0000000008008098        0x0 linker stubs
 *(SORT_BY_ALIGNMENT(.vfp11_veneer))
 .vfp11_veneer  0x0000000008008098        0x0 linker stubs
 *(SORT_BY_ALIGNMENT(.v4_bx))
 .v4_bx         0x0000000008008098        0x0 linker stubs
                0x0000000008008098                . = ALIGN (0x4)
                0x0000000008008098                __text_region_end = .

.ARM.exidx      0x0000000008008098        0x8
                0x0000000008008098                __exidx_start = .
 *(SORT_BY_ALIGNMENT(.ARM.exidx*) SORT_BY_ALIGNMENT(gnu.linkonce.armexidx.*))
 .ARM.exidx     0x0000000008008098        0x8 /home/romain/zephyr-sdk-0.16.1/arm-zephyr-eabi/bin/../lib/gcc/arm-zephyr-eabi/12.2.0/thumb/v7-m/nofp/libgcc.a(_udivmoddi4.o)
                0x00000000080080a0                __exidx_end = .
                0x00000000080080a0                __rodata_region_start = .

initlevel       0x00000000080080a0       0x88
                0x00000000080080a0                __init_start = .
                0x00000000080080a0                __init_EARLY_start = .
 *(SORT_BY_NAME(SORT_BY_ALIGNMENT(.z_init_EARLY?_*)))
 *(SORT_BY_NAME(SORT_BY_ALIGNMENT(.z_init_EARLY??_*)))
                0x00000000080080a0                __init_PRE_KERNEL_1_start = .
 *(SORT_BY_NAME(SORT_BY_ALIGNMENT(.z_init_PRE_KERNEL_1?_*)))
 .z_init_PRE_KERNEL_10_0_
                0x00000000080080a0        0x8 zephyr/libzephyr.a(soc.c.obj)
 .z_init_PRE_KERNEL_11_00009_
                0x00000000080080a8        0x8 zephyr/drivers/clock_control/libdrivers__clock_control.a(clock_stm32_ll_common.c.obj)
 .z_init_PRE_KERNEL_11_0_
                0x00000000080080b0        0x8 zephyr/libzephyr.a(soc_config.c.obj)
 *(SORT_BY_NAME(SORT_BY_ALIGNMENT(.z_init_PRE_KERNEL_1??_*)))
 .z_init_PRE_KERNEL_135_00039_
                0x00000000080080b8        0x8 zephyr/drivers/reset/libdrivers__reset.a(reset_stm32.c.obj)
 .z_init_PRE_KERNEL_140_00027_
                0x00000000080080c0        0x8 zephyr/drivers/gpio/libdrivers__gpio.a(gpio_stm32.c.obj)
 .z_init_PRE_KERNEL_140_00030_
                0x00000000080080c8        0x8 zephyr/drivers/gpio/libdrivers__gpio.a(gpio_stm32.c.obj)
 .z_init_PRE_KERNEL_140_00035_
                0x00000000080080d0        0x8 zephyr/drivers/interrupt_controller/libdrivers__interrupt_controller.a(intc_exti_stm32.c.obj)
 .z_init_PRE_KERNEL_140_00052_
                0x00000000080080d8        0x8 zephyr/drivers/gpio/libdrivers__gpio.a(gpio_stm32.c.obj)
 .z_init_PRE_KERNEL_140_00066_
                0x00000000080080e0        0x8 zephyr/drivers/gpio/libdrivers__gpio.a(gpio_stm32.c.obj)
 .z_init_PRE_KERNEL_140_00067_
                0x00000000080080e8        0x8 zephyr/drivers/gpio/libdrivers__gpio.a(gpio_stm32.c.obj)
 .z_init_PRE_KERNEL_150_00040_
                0x00000000080080f0        0x8 zephyr/drivers/serial/libdrivers__serial.a(uart_stm32.c.obj)
 .z_init_PRE_KERNEL_150_00046_
                0x00000000080080f8        0x8 zephyr/drivers/serial/libdrivers__serial.a(uart_stm32.c.obj)
 .z_init_PRE_KERNEL_160_0_
                0x0000000008008100        0x8 zephyr/drivers/console/libdrivers__console.a(uart_console.c.obj)
                0x0000000008008108                __init_PRE_KERNEL_2_start = .
 *(SORT_BY_NAME(SORT_BY_ALIGNMENT(.z_init_PRE_KERNEL_2?_*)))
 .z_init_PRE_KERNEL_20_0_
                0x0000000008008108        0x8 zephyr/drivers/timer/libdrivers__timer.a(cortex_m_systick.c.obj)
 *(SORT_BY_NAME(SORT_BY_ALIGNMENT(.z_init_PRE_KERNEL_2??_*)))
                0x0000000008008110                __init_POST_KERNEL_start = .
 *(SORT_BY_NAME(SORT_BY_ALIGNMENT(.z_init_POST_KERNEL?_*)))
 .z_init_POST_KERNEL0_0_
                0x0000000008008110        0x8 zephyr/libzephyr.a(log_core.c.obj)
 *(SORT_BY_NAME(SORT_BY_ALIGNMENT(.z_init_POST_KERNEL??_*)))
 .z_init_POST_KERNEL35_0_
                0x0000000008008118        0x8 zephyr/lib/libc/common/liblib__libc__common.a(malloc.c.obj)
 .z_init_POST_KERNEL50_00017_
                0x0000000008008120        0x8 zephyr/drivers/i2c/libdrivers__i2c.a(i2c_ll_stm32.c.obj)
                0x0000000008008128                __init_APPLICATION_start = .
 *(SORT_BY_NAME(SORT_BY_ALIGNMENT(.z_init_APPLICATION?_*)))
 *(SORT_BY_NAME(SORT_BY_ALIGNMENT(.z_init_APPLICATION??_*)))
                0x0000000008008128                __init_SMP_start = .
 *(SORT_BY_NAME(SORT_BY_ALIGNMENT(.z_init_SMP?_*)))
 *(SORT_BY_NAME(SORT_BY_ALIGNMENT(.z_init_SMP??_*)))
                0x0000000008008128                __init_end = .
                0x0000000008008128                __deferred_init_list_start = .
 *(SORT_BY_ALIGNMENT(.z_deferred_init*))
                0x0000000008008128                __deferred_init_list_end = .

device_area     0x0000000008008128       0xdc
                0x0000000008008128                _device_list_start = .
 *(SORT_BY_NAME(SORT_BY_ALIGNMENT(._device.static.*_?_*)))
 ._device.static.1_1_
                0x0000000008008128       0x14 zephyr/drivers/clock_control/libdrivers__clock_control.a(clock_stm32_ll_common.c.obj)
                0x0000000008008128                __device_dts_ord_9
 *(SORT_BY_NAME(SORT_BY_ALIGNMENT(._device.static.*_??_*)))
 ._device.static.1_35_
                0x000000000800813c       0x14 zephyr/drivers/reset/libdrivers__reset.a(reset_stm32.c.obj)
                0x000000000800813c                __device_dts_ord_39
 ._device.static.1_40_
                0x0000000008008150       0x14 zephyr/drivers/interrupt_controller/libdrivers__interrupt_controller.a(intc_exti_stm32.c.obj)
                0x0000000008008150                __device_dts_ord_35
 ._device.static.1_40_
                0x0000000008008164       0x64 zephyr/drivers/gpio/libdrivers__gpio.a(gpio_stm32.c.obj)
                0x0000000008008164                __device_dts_ord_67
                0x0000000008008178                __device_dts_ord_66
                0x000000000800818c                __device_dts_ord_27
                0x00000000080081a0                __device_dts_ord_52
                0x00000000080081b4                __device_dts_ord_30
 ._device.static.1_50_
                0x00000000080081c8       0x28 zephyr/drivers/serial/libdrivers__serial.a(uart_stm32.c.obj)
                0x00000000080081c8                __device_dts_ord_40
                0x00000000080081dc                __device_dts_ord_46
 ._device.static.3_50_
                0x00000000080081f0       0x14 zephyr/drivers/i2c/libdrivers__i2c.a(i2c_ll_stm32.c.obj)
                0x00000000080081f0                __device_dts_ord_17
                0x0000000008008204                _device_list_end = .

sw_isr_table    0x0000000008008204      0x158
                0x0000000008008204                . = ALIGN (0x4)
 *(SORT_BY_ALIGNMENT(.gnu.linkonce.sw_isr_table*))
 .gnu.linkonce.sw_isr_table
                0x0000000008008204      0x158 zephyr/arch/common/libisr_tables.a(isr_tables.c.obj)
                0x0000000008008204                _sw_isr_table

initlevel_error
                0x00000000080080a0        0x0
 *(SORT_BY_NAME(SORT_BY_ALIGNMENT(.z_init_[_A-Z0-9]*)))
                0x0000000000000001                ASSERT ((SIZEOF (initlevel_error) == 0x0), Undefined initialization levels used.)

app_shmem_regions
                0x000000000800835c        0x0
                0x000000000800835c                __app_shmem_regions_start = .
 *(SORT_BY_NAME(SORT_BY_ALIGNMENT(.app_regions.*)))
                0x000000000800835c                __app_shmem_regions_end = .

k_p4wq_initparam_area
                0x000000000800835c        0x0
                0x000000000800835c                _k_p4wq_initparam_list_start = .
 *(SORT_BY_NAME(SORT_BY_ALIGNMENT(._k_p4wq_initparam.static.*)))
                0x000000000800835c                _k_p4wq_initparam_list_end = .

_static_thread_data_area
                0x0000000008008360       0x60
                0x0000000008008360                __static_thread_data_list_start = .
 *(SORT_BY_NAME(SORT_BY_ALIGNMENT(.__static_thread_data.static.*)))
 .__static_thread_data.static._k_thread_data_thread_capteurs_id_
                0x0000000008008360       0x30 app/libapp.a(main.c.obj)
                0x0000000008008360                _k_thread_data_thread_capteurs_id
 .__static_thread_data.static._k_thread_data_thread_pid_id_
                0x0000000008008390       0x30 app/libapp.a(main.c.obj)
                0x0000000008008390                _k_thread_data_thread_pid_id
                0x00000000080083c0                __static_thread_data_list_end = .

device_deps     0x00000000080083c0        0x0
                0x00000000080083c0                __device_deps_start = .
 *(SORT_BY_NAME(SORT_BY_ALIGNMENT(.__device_deps_pass2*)))
                0x00000000080083c0                __device_deps_end = .

ztest           0x00000000080083c0        0x0
                0x00000000080083c0                _ztest_expected_result_entry_list_start = .
 *(SORT_BY_NAME(SORT_BY_ALIGNMENT(._ztest_expected_result_entry.static.*)))
                0x00000000080083c0                _ztest_expected_result_entry_list_end = .
                0x00000000080083c0                _ztest_suite_node_list_start = .
 *(SORT_BY_NAME(SORT_BY_ALIGNMENT(._ztest_suite_node.static.*)))
                0x00000000080083c0                _ztest_suite_node_list_end = .
                0x00000000080083c0                _ztest_unit_test_list_start = .
 *(SORT_BY_NAME(SORT_BY_ALIGNMENT(._ztest_unit_test.static.*)))
                0x00000000080083c0                _ztest_unit_test_list_end = .
                0x00000000080083c0                _ztest_test_rule_list_start = .
 *(SORT_BY_NAME(SORT_BY_ALIGNMENT(._ztest_test_rule.static.*)))
                0x00000000080083c0                _ztest_test_rule_list_end = .

init_array      0x00000000080083c0        0x0
 *(SORT_BY_NAME(SORT_BY_ALIGNMENT(.ctors*)))
 *(SORT_BY_NAME(SORT_BY_ALIGNMENT(.init_array*)))
                0x0000000000000001                ASSERT ((SIZEOF (init_array) == 0x0), GNU-style constructors required but STATIC_INIT_GNU not enabled)

bt_l2cap_fixed_chan_area
                0x00000000080083c0        0x0
                0x00000000080083c0                _bt_l2cap_fixed_chan_list_start = .
 *(SORT_BY_NAME(SORT_BY_ALIGNMENT(._bt_l2cap_fixed_chan.static.*)))
                0x00000000080083c0                _bt_l2cap_fixed_chan_list_end = .

bt_gatt_service_static_area
                0x00000000080083c0        0x0
                0x00000000080083c0                _bt_gatt_service_static_list_start = .
 *(SORT_BY_NAME(SORT_BY_ALIGNMENT(._bt_gatt_service_static.static.*)))
                0x00000000080083c0                _bt_gatt_service_static_list_end = .

log_strings_area
                0x00000000080083c0        0x0
                0x00000000080083c0                _log_strings_list_start = .
 *(SORT_BY_NAME(SORT_BY_ALIGNMENT(._log_strings.static.*)))
                0x00000000080083c0                _log_strings_list_end = .

log_const_area  0x00000000080083c0       0x50
                0x00000000080083c0                _log_const_list_start = .
 *(SORT_BY_NAME(SORT_BY_ALIGNMENT(._log_const.static.*)))
 ._log_const.static.log_const_cbprintf_package_
                0x00000000080083c0        0x8 zephyr/libzephyr.a(cbprintf_packaged.c.obj)
                0x00000000080083c0                log_const_cbprintf_package
 ._log_const.static.log_const_i2c_
                0x00000000080083c8        0x8 zephyr/drivers/i2c/libdrivers__i2c.a(i2c_common.c.obj)
                0x00000000080083c8                log_const_i2c
 ._log_const.static.log_const_i2c_ll_stm32_
                0x00000000080083d0        0x8 zephyr/drivers/i2c/libdrivers__i2c.a(i2c_ll_stm32.c.obj)
                0x00000000080083d0                log_const_i2c_ll_stm32
 ._log_const.static.log_const_i2c_ll_stm32_v1_
                0x00000000080083d8        0x8 zephyr/drivers/i2c/libdrivers__i2c.a(i2c_ll_stm32_v1.c.obj)
                0x00000000080083d8                log_const_i2c_ll_stm32_v1
 ._log_const.static.log_const_log_
                0x00000000080083e0        0x8 zephyr/libzephyr.a(log_core.c.obj)
                0x00000000080083e0                log_const_log
 ._log_const.static.log_const_log_mgmt_
                0x00000000080083e8        0x8 zephyr/libzephyr.a(log_mgmt.c.obj)
                0x00000000080083e8                log_const_log_mgmt
 ._log_const.static.log_const_log_uart_
                0x00000000080083f0        0x8 zephyr/libzephyr.a(log_backend_uart.c.obj)
                0x00000000080083f0                log_const_log_uart
 ._log_const.static.log_const_os_
                0x00000000080083f8        0x8 zephyr/kernel/libkernel.a(init.c.obj)
                0x00000000080083f8                log_const_os
 ._log_const.static.log_const_stm32_
                0x0000000008008400        0x8 zephyr/drivers/gpio/libdrivers__gpio.a(gpio_stm32.c.obj)
                0x0000000008008400                log_const_stm32
 ._log_const.static.log_const_uart_stm32_
                0x0000000008008408        0x8 zephyr/drivers/serial/libdrivers__serial.a(uart_stm32.c.obj)
                0x0000000008008408                log_const_uart_stm32
                0x0000000008008410                _log_const_list_end = .

log_backend_area
                0x0000000008008410       0x10
                0x0000000008008410                _log_backend_list_start = .
 *(SORT_BY_NAME(SORT_BY_ALIGNMENT(._log_backend.static.*)))
 ._log_backend.static.log_backend_uart_
                0x0000000008008410       0x10 zephyr/libzephyr.a(log_backend_uart.c.obj)
                0x0000000008008420                _log_backend_list_end = .

log_link_area   0x0000000008008420        0x0
                0x0000000008008420                _log_link_list_start = .
 *(SORT_BY_NAME(SORT_BY_ALIGNMENT(._log_link.static.*)))
                0x0000000008008420                _log_link_list_end = .

tracing_backend_area
                0x0000000008008420        0x0
                0x0000000008008420                _tracing_backend_list_start = .
 *(SORT_BY_NAME(SORT_BY_ALIGNMENT(._tracing_backend.static.*)))
                0x0000000008008420                _tracing_backend_list_end = .

zephyr_dbg_info
 *(SORT_BY_ALIGNMENT(.dbg_thread_info))

intc_table_area
                0x0000000008008420        0x0
                0x0000000008008420                _intc_table_list_start = .
 *(SORT_BY_NAME(SORT_BY_ALIGNMENT(._intc_table.static.*)))
                0x0000000008008420                _intc_table_list_end = .

symbol_to_keep  0x0000000008008420        0x0
                0x0000000008008420                __symbol_to_keep_start = .
 *(SORT_BY_NAME(SORT_BY_ALIGNMENT(.symbol_to_keep*)))
                0x0000000008008420                __symbol_to_keep_end = .

shell_area      0x0000000008008420        0x0
                0x0000000008008420                _shell_list_start = .
 *(SORT_BY_NAME(SORT_BY_ALIGNMENT(._shell.static.*)))
                0x0000000008008420                _shell_list_end = .

shell_root_cmds_area
                0x0000000008008420        0x0
                0x0000000008008420                _shell_root_cmds_list_start = .
 *(SORT_BY_NAME(SORT_BY_ALIGNMENT(._shell_root_cmds.static.*)))
                0x0000000008008420                _shell_root_cmds_list_end = .

shell_subcmds_area
                0x0000000008008420        0x0
                0x0000000008008420                _shell_subcmds_list_start = .
 *(SORT_BY_NAME(SORT_BY_ALIGNMENT(._shell_subcmds.static.*)))
                0x0000000008008420                _shell_subcmds_list_end = .

shell_dynamic_subcmds_area
                0x0000000008008420        0x0
                0x0000000008008420                _shell_dynamic_subcmds_list_start = .
 *(SORT_BY_NAME(SORT_BY_ALIGNMENT(._shell_dynamic_subcmds.static.*)))
                0x0000000008008420                _shell_dynamic_subcmds_list_end = .

cfb_font_area   0x0000000008008420        0x0
                0x0000000008008420                _cfb_font_list_start = .
 *(SORT_BY_NAME(SORT_BY_ALIGNMENT(._cfb_font.static.*)))
                0x0000000008008420                _cfb_font_list_end = .

tdata           0x0000000008008420        0x0
 *(SORT_BY_ALIGNMENT(.tdata) SORT_BY_ALIGNMENT(.tdata.*) SORT_BY_ALIGNMENT(.gnu.linkonce.td.*))

tbss            0x0000000008008420        0x4
 *(SORT_BY_ALIGNMENT(.tbss) SORT_BY_ALIGNMENT(.tbss.*) SORT_BY_ALIGNMENT(.gnu.linkonce.tb.*) SORT_BY_ALIGNMENT(.tcommon))
 .tbss.z_tls_current
                0x0000000008008420        0x4 zephyr/libzephyr.a(thread_entry.c.obj)
                0x0000000008008420                z_tls_current
                0x0000000008008420                PROVIDE (__tdata_start = LOADADDR (tdata))
                0x0000000000000001                PROVIDE (__tdata_align = ALIGNOF (tdata))
                0x0000000000000000                PROVIDE (__tdata_size = (((SIZEOF (tdata) + __tdata_align) - 0x1) & ~ ((__tdata_align - 0x1))))
                [!provide]                        PROVIDE (__tdata_end = (__tdata_start + __tdata_size))
                0x0000000000000004                PROVIDE (__tbss_align = ALIGNOF (tbss))
                [!provide]                        PROVIDE (__tbss_start = ADDR (tbss))
                0x0000000000000004                PROVIDE (__tbss_size = (((SIZEOF (tbss) + __tbss_align) - 0x1) & ~ ((__tbss_align - 0x1))))
                [!provide]                        PROVIDE (__tbss_end = (__tbss_start + __tbss_size))
                [!provide]                        PROVIDE (__tls_start = __tdata_start)
                [!provide]                        PROVIDE (__tls_end = __tbss_end)
                [!provide]                        PROVIDE (__tls_size = (__tbss_end - __tdata_start))

rodata          0x0000000008008420     0x1090
 *(SORT_BY_ALIGNMENT(.rodata))
 *(SORT_BY_ALIGNMENT(.rodata.*))
 .rodata.DOUBLE_POW5_TABLE
                0x0000000008008420       0xd0 /home/romain/zephyr-sdk-0.16.1/arm-zephyr-eabi/bin/../lib/gcc/../../picolibc/arm-zephyr-eabi/lib/thumb/v7-m/nofp/libc.a(libc_tinystdio_ryu_table.c.o)
 .rodata.DOUBLE_POW5_SPLIT2
                0x00000000080084f0       0xd0 /home/romain/zephyr-sdk-0.16.1/arm-zephyr-eabi/bin/../lib/gcc/../../picolibc/arm-zephyr-eabi/lib/thumb/v7-m/nofp/libc.a(libc_tinystdio_ryu_table.c.o)
 .rodata.DOUBLE_POW5_INV_SPLIT2
                0x00000000080085c0       0xf0 /home/romain/zephyr-sdk-0.16.1/arm-zephyr-eabi/bin/../lib/gcc/../../picolibc/arm-zephyr-eabi/lib/thumb/v7-m/nofp/libc.a(libc_tinystdio_ryu_table.c.o)
 .rodata.mpsc_config
                0x00000000080086b0       0x14 zephyr/libzephyr.a(log_core.c.obj)
 .rodata.format_table
                0x00000000080086c4       0x10 zephyr/libzephyr.a(log_core.c.obj)
 .rodata.colors
                0x00000000080086d4       0x14 zephyr/libzephyr.a(log_output.c.obj)
 .rodata.severity
                0x00000000080086e8       0x14 zephyr/libzephyr.a(log_output.c.obj)
 .rodata.lbu_cb_ctx
                0x00000000080086fc        0x8 zephyr/libzephyr.a(log_backend_uart.c.obj)
 .rodata.lbu_output
                0x0000000008008704       0x10 zephyr/libzephyr.a(log_backend_uart.c.obj)
 .rodata.log_backend_uart_api
                0x0000000008008714       0x1c zephyr/libzephyr.a(log_backend_uart.c.obj)
                0x0000000008008714                log_backend_uart_api
 .rodata.stm32_clock_control_api
                0x0000000008008730       0x1c zephyr/drivers/clock_control/libdrivers__clock_control.a(clock_stm32_ll_common.c.obj)
 .rodata.gpio_stm32_cfg_e
                0x000000000800874c       0x14 zephyr/drivers/gpio/libdrivers__gpio.a(gpio_stm32.c.obj)
 .rodata.gpio_stm32_cfg_d
                0x0000000008008760       0x14 zephyr/drivers/gpio/libdrivers__gpio.a(gpio_stm32.c.obj)
 .rodata.gpio_stm32_cfg_c
                0x0000000008008774       0x14 zephyr/drivers/gpio/libdrivers__gpio.a(gpio_stm32.c.obj)
 .rodata.gpio_stm32_cfg_b
                0x0000000008008788       0x14 zephyr/drivers/gpio/libdrivers__gpio.a(gpio_stm32.c.obj)
 .rodata.gpio_stm32_cfg_a
                0x000000000800879c       0x14 zephyr/drivers/gpio/libdrivers__gpio.a(gpio_stm32.c.obj)
 .rodata.gpio_stm32_driver
                0x00000000080087b0       0x24 zephyr/drivers/gpio/libdrivers__gpio.a(gpio_stm32.c.obj)
 .rodata.i2c_stm32_cfg_0
                0x00000000080087d4       0x18 zephyr/drivers/i2c/libdrivers__i2c.a(i2c_ll_stm32.c.obj)
 .rodata.pclken_0
                0x00000000080087ec        0x8 zephyr/drivers/i2c/libdrivers__i2c.a(i2c_ll_stm32.c.obj)
 .rodata.__pinctrl_dev_config__device_dts_ord_17
                0x00000000080087f4        0x8 zephyr/drivers/i2c/libdrivers__i2c.a(i2c_ll_stm32.c.obj)
 .rodata.__pinctrl_states__device_dts_ord_17
                0x00000000080087fc        0x8 zephyr/drivers/i2c/libdrivers__i2c.a(i2c_ll_stm32.c.obj)
 .rodata.__pinctrl_state_pins_0__device_dts_ord_17
                0x0000000008008804       0x10 zephyr/drivers/i2c/libdrivers__i2c.a(i2c_ll_stm32.c.obj)
 .rodata.api_funcs
                0x0000000008008814       0x18 zephyr/drivers/i2c/libdrivers__i2c.a(i2c_ll_stm32.c.obj)
 .rodata.gpio_ports
                0x000000000800882c       0x40 zephyr/drivers/pinctrl/libdrivers__pinctrl.a(pinctrl_stm32.c.obj)
 .rodata.reset_stm32_config
                0x000000000800886c        0x4 zephyr/drivers/reset/libdrivers__reset.a(reset_stm32.c.obj)
 .rodata.reset_stm32_driver_api
                0x0000000008008870       0x10 zephyr/drivers/reset/libdrivers__reset.a(reset_stm32.c.obj)
 .rodata.uart_stm32_cfg_1
                0x0000000008008880       0x24 zephyr/drivers/serial/libdrivers__serial.a(uart_stm32.c.obj)
 .rodata.pclken_1
                0x00000000080088a4        0x8 zephyr/drivers/serial/libdrivers__serial.a(uart_stm32.c.obj)
 .rodata.__pinctrl_dev_config__device_dts_ord_40
                0x00000000080088ac        0x8 zephyr/drivers/serial/libdrivers__serial.a(uart_stm32.c.obj)
 .rodata.__pinctrl_states__device_dts_ord_40
                0x00000000080088b4        0x8 zephyr/drivers/serial/libdrivers__serial.a(uart_stm32.c.obj)
 .rodata.__pinctrl_state_pins_0__device_dts_ord_40
                0x00000000080088bc       0x10 zephyr/drivers/serial/libdrivers__serial.a(uart_stm32.c.obj)
 .rodata.uart_stm32_cfg_0
                0x00000000080088cc       0x24 zephyr/drivers/serial/libdrivers__serial.a(uart_stm32.c.obj)
 .rodata.pclken_0
                0x00000000080088f0        0x8 zephyr/drivers/serial/libdrivers__serial.a(uart_stm32.c.obj)
 .rodata.__pinctrl_dev_config__device_dts_ord_46
                0x00000000080088f8        0x8 zephyr/drivers/serial/libdrivers__serial.a(uart_stm32.c.obj)
 .rodata.__pinctrl_states__device_dts_ord_46
                0x0000000008008900        0x8 zephyr/drivers/serial/libdrivers__serial.a(uart_stm32.c.obj)
 .rodata.__pinctrl_state_pins_0__device_dts_ord_46
                0x0000000008008908       0x10 zephyr/drivers/serial/libdrivers__serial.a(uart_stm32.c.obj)
 .rodata.uart_stm32_driver_api
                0x0000000008008918       0x14 zephyr/drivers/serial/libdrivers__serial.a(uart_stm32.c.obj)
 .rodata.CSWTCH.486
                0x000000000800892c       0x14 zephyr/kernel/libkernel.a(fatal.c.obj)
 .rodata.levels.0
                0x0000000008008940       0x18 zephyr/kernel/libkernel.a(init.c.obj)
 .rodata.POW5_OFFSETS
                0x0000000008008958       0x54 /home/romain/zephyr-sdk-0.16.1/arm-zephyr-eabi/bin/../lib/gcc/../../picolibc/arm-zephyr-eabi/lib/thumb/v7-m/nofp/libc.a(libc_tinystdio_ryu_table.c.o)
 .rodata.POW5_INV_OFFSETS
                0x00000000080089ac       0x54 /home/romain/zephyr-sdk-0.16.1/arm-zephyr-eabi/bin/../lib/gcc/../../picolibc/arm-zephyr-eabi/lib/thumb/v7-m/nofp/libc.a(libc_tinystdio_ryu_table.c.o)
 .rodata.Zero   0x0000000008008a00        0x8 /home/romain/zephyr-sdk-0.16.1/arm-zephyr-eabi/bin/../lib/gcc/../../picolibc/arm-zephyr-eabi/lib/thumb/v7-m/nofp/libc.a(libm_math_sf_fmod.c.o)
 .rodata.atanlo
                0x0000000008008a08       0x10 /home/romain/zephyr-sdk-0.16.1/arm-zephyr-eabi/bin/../lib/gcc/../../picolibc/arm-zephyr-eabi/lib/thumb/v7-m/nofp/libc.a(libm_math_sf_atan.c.o)
 .rodata.atanhi
                0x0000000008008a18       0x10 /home/romain/zephyr-sdk-0.16.1/arm-zephyr-eabi/bin/../lib/gcc/../../picolibc/arm-zephyr-eabi/lib/thumb/v7-m/nofp/libc.a(libm_math_sf_atan.c.o)
 .rodata.CSWTCH.526
                0x0000000008008a28        0x6 zephyr/drivers/serial/libdrivers__serial.a(uart_stm32.c.obj)
 .rodata.main.str1.1
                0x0000000008008a2e       0x2c app/libapp.a(main.c.obj)
 .rodata.str1.1
                0x0000000008008a5a       0x21 app/libapp.a(main.c.obj)
 .rodata.moteur_init.str1.1
                0x0000000008008a7b       0x26 app/libapp.a(moteur.c.obj)
 .rodata.boussole_init.str1.1
                0x0000000008008aa1       0x21 app/libapp.a(boussole.c.obj)
 .rodata.cbprintf_package_convert.str1.1
                0x0000000008008ac2       0xa3 zephyr/libzephyr.a(cbprintf_packaged.c.obj)
 .rodata.str1.1
                0x0000000008008b65       0x11 zephyr/libzephyr.a(cbprintf_packaged.c.obj)
 .rodata.enable_logger.str1.1
                0x0000000008008b76        0x8 zephyr/libzephyr.a(log_core.c.obj)
 .rodata.str1.1
                0x0000000008008b7e        0x4 zephyr/libzephyr.a(log_core.c.obj)
 .rodata.str1.1
                0x0000000008008b82        0x9 zephyr/libzephyr.a(log_mgmt.c.obj)
 .rodata.z_impl_z_log_msg_static_create.str1.1
                0x0000000008008b8b       0x3f zephyr/libzephyr.a(log_msg.c.obj)
 .rodata.z_log_msg_runtime_vcreate.str1.1
                0x0000000008008bca       0x38 zephyr/libzephyr.a(log_msg.c.obj)
 .rodata.newline_print.str1.1
                0x0000000008008c02       0x38 zephyr/libzephyr.a(log_output.c.obj)
                                          0x5 (size before relaxing)
 .rodata.log_output_process.str1.1
                0x0000000008008c02       0x4f zephyr/libzephyr.a(log_output.c.obj)
                                         0x51 (size before relaxing)
 .rodata.log_output_dropped_process.str1.1
                0x0000000008008c51       0x4f zephyr/libzephyr.a(log_output.c.obj)
                                          0x3 (size before relaxing)
 .rodata.postfix.0
                0x0000000008008c51       0x1c zephyr/libzephyr.a(log_output.c.obj)
 .rodata.prefix.1
                0x0000000008008c6d        0xc zephyr/libzephyr.a(log_output.c.obj)
 .rodata.str1.1
                0x0000000008008c79       0x20 zephyr/libzephyr.a(log_output.c.obj)
 .rodata.str1.1
                0x0000000008008c99       0x1a zephyr/libzephyr.a(log_backend_uart.c.obj)
 .rodata.z_arm_fatal_error.str1.1
                0x0000000008008cb3       0xae zephyr/arch/arch/arm/core/libarch__arm__core.a(fatal.c.obj)
 .rodata.mem_manage_fault.constprop.0.str1.1
                0x0000000008008d61       0xa9 zephyr/arch/arch/arm/core/cortex_m/libarch__arm__core__cortex_m.a(fault.c.obj)
 .rodata.usage_fault.constprop.0.str1.1
                0x0000000008008e0a       0xcd zephyr/arch/arch/arm/core/cortex_m/libarch__arm__core__cortex_m.a(fault.c.obj)
 .rodata.bus_fault.constprop.0.str1.1
                0x0000000008008ed7       0x88 zephyr/arch/arch/arm/core/cortex_m/libarch__arm__core__cortex_m.a(fault.c.obj)
 .rodata.z_arm_fault.str1.1
                0x0000000008008f5f      0x111 zephyr/arch/arch/arm/core/cortex_m/libarch__arm__core__cortex_m.a(fault.c.obj)
 .rodata.line_range_6.0
                0x0000000008009070        0x2 zephyr/drivers/interrupt_controller/libdrivers__interrupt_controller.a(intc_exti_stm32.c.obj)
 .rodata.line_range_5.1
                0x0000000008009072        0x2 zephyr/drivers/interrupt_controller/libdrivers__interrupt_controller.a(intc_exti_stm32.c.obj)
 .rodata.line_range_4.2
                0x0000000008009074        0x2 zephyr/drivers/interrupt_controller/libdrivers__interrupt_controller.a(intc_exti_stm32.c.obj)
 .rodata.line_range_3.3
                0x0000000008009076        0x2 zephyr/drivers/interrupt_controller/libdrivers__interrupt_controller.a(intc_exti_stm32.c.obj)
 .rodata.line_range_2.4
                0x0000000008009078        0x2 zephyr/drivers/interrupt_controller/libdrivers__interrupt_controller.a(intc_exti_stm32.c.obj)
 .rodata.line_range_1.5
                0x000000000800907a        0x2 zephyr/drivers/interrupt_controller/libdrivers__interrupt_controller.a(intc_exti_stm32.c.obj)
 .rodata.line_range_0.6
                0x000000000800907c        0x2 zephyr/drivers/interrupt_controller/libdrivers__interrupt_controller.a(intc_exti_stm32.c.obj)
 .rodata.str1.1
                0x000000000800907e       0x1e zephyr/drivers/interrupt_controller/libdrivers__interrupt_controller.a(intc_exti_stm32.c.obj)
 .rodata.str1.1
                0x000000000800909c        0xd zephyr/drivers/clock_control/libdrivers__clock_control.a(clock_stm32_ll_common.c.obj)
 .rodata.str1.1
                0x00000000080090a9       0x46 zephyr/drivers/gpio/libdrivers__gpio.a(gpio_stm32.c.obj)
                                         0x4c (size before relaxing)
 .rodata.str1.1
                0x00000000080090ef        0x4 zephyr/drivers/i2c/libdrivers__i2c.a(i2c_common.c.obj)
 .rodata.str1.1
                0x00000000080090f3       0x10 zephyr/drivers/i2c/libdrivers__i2c.a(i2c_ll_stm32_v1.c.obj)
 .rodata.i2c_stm32_get_config.part.0.str1.1
                0x0000000008009103       0x1e zephyr/drivers/i2c/libdrivers__i2c.a(i2c_ll_stm32.c.obj)
 .rodata.i2c_stm32_set_smbus_mode.str1.1
                0x0000000008009121       0x14 zephyr/drivers/i2c/libdrivers__i2c.a(i2c_ll_stm32.c.obj)
 .rodata.i2c_stm32_runtime_configure.str1.1
                0x0000000008009135       0x2e zephyr/drivers/i2c/libdrivers__i2c.a(i2c_ll_stm32.c.obj)
 .rodata.i2c_stm32_init.str1.1
                0x0000000008009163       0x8e zephyr/drivers/i2c/libdrivers__i2c.a(i2c_ll_stm32.c.obj)
 .rodata.str1.1
                0x00000000080091f1       0x1a zephyr/drivers/i2c/libdrivers__i2c.a(i2c_ll_stm32.c.obj)
 .rodata.str1.1
                0x000000000800920b       0x11 zephyr/drivers/reset/libdrivers__reset.a(reset_stm32.c.obj)
 .rodata.uart_stm32_set_baudrate.part.0.str1.1
                0x000000000800921c       0x2e zephyr/drivers/serial/libdrivers__serial.a(uart_stm32.c.obj)
 .rodata.uart_stm32_init.str1.1
                0x000000000800921c       0x3b zephyr/drivers/serial/libdrivers__serial.a(uart_stm32.c.obj)
                                         0x5a (size before relaxing)
 .rodata.str1.1
                0x0000000008009257       0x2b zephyr/drivers/serial/libdrivers__serial.a(uart_stm32.c.obj)
 .rodata.AHBPrescTable
                0x0000000008009282       0x10 modules/stm32/stm32cube/lib..__modules__hal__stm32__stm32cube.a(system_stm32f1xx.c.obj)
                0x0000000008009282                AHBPrescTable
 .rodata.aPredivFactorTable.0
                0x0000000008009292        0x2 modules/stm32/stm32cube/lib..__modules__hal__stm32__stm32cube.a(stm32f1xx_hal_rcc.c.obj)
 .rodata.aPLLMULFactorTable.1
                0x0000000008009294       0x10 modules/stm32/stm32cube/lib..__modules__hal__stm32__stm32cube.a(stm32f1xx_hal_rcc.c.obj)
 .rodata.k_sys_fatal_error_handler.str1.1
                0x00000000080092a4        0xf zephyr/kernel/libkernel.a(fatal.c.obj)
 .rodata.z_fatal_error.str1.1
                0x00000000080092b3       0x77 zephyr/kernel/libkernel.a(fatal.c.obj)
 .rodata.str1.1
                0x000000000800932a       0x4a zephyr/kernel/libkernel.a(fatal.c.obj)
 .rodata.z_cstart.str1.1
                0x0000000008009374        0x5 zephyr/kernel/libkernel.a(init.c.obj)
 .rodata.str1.1
                0x0000000008009379        0x3 zephyr/kernel/libkernel.a(init.c.obj)
 .rodata.boot_banner.str1.1
                0x000000000800937c       0x28 zephyr/kernel/libkernel.a(banner.c.obj)
 .rodata._ctype_