Archive member included to satisfy reference by file (symbol)

app/libapp.a(main.c.obj)      (--whole-archive)
app/libapp.a(moteur.c.obj)    (--whole-archive)
app/libapp.a(codeur.c.obj)    (--whole-archive)
app/libapp.a(boussole.c.obj)  (--whole-archive)
app/libapp.a(pid.c.obj)       (--whole-archive)
zephyr/libzephyr.a(heap.c.obj)
                              (--whole-archive)
zephyr/libzephyr.a(cbprintf_packaged.c.obj)
                              (--whole-archive)
zephyr/libzephyr.a(printk.c.obj)
                              (--whole-archive)
zephyr/libzephyr.a(sem.c.obj)
                              (--whole-archive)
zephyr/libzephyr.a(thread_entry.c.obj)
                              (--whole-archive)
zephyr/libzephyr.a(cbprintf_complete.c.obj)
                              (--whole-archive)
zephyr/libzephyr.a(assert.c.obj)
                              (--whole-archive)
zephyr/libzephyr.a(mpsc_pbuf.c.obj)
                              (--whole-archive)
zephyr/libzephyr.a(reboot.c.obj)
                              (--whole-archive)
zephyr/libzephyr.a(dec.c.obj)
                              (--whole-archive)
zephyr/libzephyr.a(hex.c.obj)
                              (--whole-archive)
zephyr/libzephyr.a(rb.c.obj)  (--whole-archive)
zephyr/libzephyr.a(timeutil.c.obj)
                              (--whole-archive)
zephyr/libzephyr.a(bitarray.c.obj)
                              (--whole-archive)
zephyr/libzephyr.a(configs.c.obj)
                              (--whole-archive)
zephyr/libzephyr.a(stm32cube_hal.c.obj)
                              (--whole-archive)
zephyr/libzephyr.a(soc_config.c.obj)
                              (--whole-archive)
zephyr/libzephyr.a(soc.c.obj)
                              (--whole-archive)
zephyr/libzephyr.a(log_core.c.obj)
                              (--whole-archive)
zephyr/libzephyr.a(log_mgmt.c.obj)
                              (--whole-archive)
zephyr/libzephyr.a(log_cache.c.obj)
                              (--whole-archive)
zephyr/libzephyr.a(log_msg.c.obj)
                              (--whole-archive)
zephyr/libzephyr.a(log_output.c.obj)
                              (--whole-archive)
zephyr/libzephyr.a(log_backend_uart.c.obj)
                              (--whole-archive)
zephyr/libzephyr.a(tracing_none.c.obj)
                              (--whole-archive)
zephyr/arch/common/libarch__common.a(sw_isr_common.c.obj)
                              (--whole-archive)
zephyr/arch/arch/arm/core/libarch__arm__core.a(fatal.c.obj)
                              (--whole-archive)
zephyr/arch/arch/arm/core/libarch__arm__core.a(nmi.c.obj)
                              (--whole-archive)
zephyr/arch/arch/arm/core/libarch__arm__core.a(nmi_on_reset.S.obj)
                              (--whole-archive)
zephyr/arch/arch/arm/core/libarch__arm__core.a(tls.c.obj)
                              (--whole-archive)
zephyr/arch/arch/arm/core/cortex_m/libarch__arm__core__cortex_m.a(exc_exit.c.obj)
                              (--whole-archive)
zephyr/arch/arch/arm/core/cortex_m/libarch__arm__core__cortex_m.a(fault.c.obj)
                              (--whole-archive)
zephyr/arch/arch/arm/core/cortex_m/libarch__arm__core__cortex_m.a(fault_s.S.obj)
                              (--whole-archive)
zephyr/arch/arch/arm/core/cortex_m/libarch__arm__core__cortex_m.a(fpu.c.obj)
                              (--whole-archive)
zephyr/arch/arch/arm/core/cortex_m/libarch__arm__core__cortex_m.a(reset.S.obj)
                              (--whole-archive)
zephyr/arch/arch/arm/core/cortex_m/libarch__arm__core__cortex_m.a(scb.c.obj)
                              (--whole-archive)
zephyr/arch/arch/arm/core/cortex_m/libarch__arm__core__cortex_m.a(thread_abort.c.obj)
                              (--whole-archive)
zephyr/arch/arch/arm/core/cortex_m/libarch__arm__core__cortex_m.a(vector_table.S.obj)
                              (--whole-archive)
zephyr/arch/arch/arm/core/cortex_m/libarch__arm__core__cortex_m.a(swap.c.obj)
                              (--whole-archive)
zephyr/arch/arch/arm/core/cortex_m/libarch__arm__core__cortex_m.a(swap_helper.S.obj)
                              (--whole-archive)
zephyr/arch/arch/arm/core/cortex_m/libarch__arm__core__cortex_m.a(irq_manage.c.obj)
                              (--whole-archive)
zephyr/arch/arch/arm/core/cortex_m/libarch__arm__core__cortex_m.a(prep_c.c.obj)
                              (--whole-archive)
zephyr/arch/arch/arm/core/cortex_m/libarch__arm__core__cortex_m.a(thread.c.obj)
                              (--whole-archive)
zephyr/arch/arch/arm/core/cortex_m/libarch__arm__core__cortex_m.a(cpu_idle.c.obj)
                              (--whole-archive)
zephyr/arch/arch/arm/core/cortex_m/libarch__arm__core__cortex_m.a(irq_init.c.obj)
                              (--whole-archive)
zephyr/arch/arch/arm/core/cortex_m/libarch__arm__core__cortex_m.a(isr_wrapper.c.obj)
                              (--whole-archive)
[...]
Memory Configuration

Name             Origin             Length             Attributes
FLASH            0x0000000008000000 0x0000000000020000 xr
RAM              0x0000000020000000 0x0000000000005000 xw
IDT_LIST         0x00000000ffff7fff 0x0000000000008000 xw
*default*        0x0000000000000000 0xffffffffffffffff

Linker script and memory map

                0x000000000800574c                vfprintf = __d_vfprintf
                0x0000000000000000                vfscanf = __d_vfscanf
LOAD zephyr/CMakeFiles/zephyr_pre0.dir/misc/empty_file.c.obj
LOAD zephyr/CMakeFiles/offsets.dir/./arch/arm/core/offsets/offsets.c.obj
LOAD app/libapp.a
LOAD zephyr/libzephyr.a
LOAD zephyr/arch/common/libarch__common.a
LOAD zephyr/arch/arch/arm/core/libarch__arm__core.a
LOAD zephyr/arch/arch/arm/core/cortex_m/libarch__arm__core__cortex_m.a
LOAD zephyr/lib/libc/picolibc/liblib__libc__picolibc.a
LOAD zephyr/lib/libc/common/liblib__libc__common.a
LOAD zephyr/drivers/interrupt_controller/libdrivers__interrupt_controller.a
LOAD zephyr/drivers/clock_control/libdrivers__clock_control.a
LOAD zephyr/drivers/console/libdrivers__console.a
LOAD zephyr/drivers/gpio/libdrivers__gpio.a
LOAD zephyr/drivers/i2c/libdrivers__i2c.a
LOAD zephyr/drivers/pinctrl/libdrivers__pinctrl.a
LOAD zephyr/drivers/reset/libdrivers__reset.a
LOAD zephyr/drivers/serial/libdrivers__serial.a
LOAD zephyr/drivers/timer/libdrivers__timer.a
LOAD modules/stm32/stm32cube/lib..__modules__hal__stm32__stm32cube.a
LOAD zephyr/kernel/libkernel.a
LOAD /home/romain/zephyr-sdk-0.16.1/arm-zephyr-eabi/bin/../lib/gcc/arm-zephyr-eabi/12.2.0/thumb/v7-m/nofp/libgcc.a
LOAD zephyr/arch/common/libisr_tables.a
LOAD /home/romain/zephyr-sdk-0.16.1/arm-zephyr-eabi/bin/../lib/gcc/../../picolibc/arm-zephyr-eabi/lib/thumb/v7-m/nofp/libc.a
LOAD /home/romain/zephyr-sdk-0.16.1/arm-zephyr-eabi/bin/../lib/gcc/arm-zephyr-eabi/12.2.0/thumb/v7-m/nofp/libgcc.a
                0x0000000000000004                _region_min_align = 0x4

.rel.plt        0x0000000008000000        0x0
 *(SORT_BY_ALIGNMENT(.rel.plt))
                [!provide]                        PROVIDE (__rel_iplt_start = .)
 *(SORT_BY_ALIGNMENT(.rel.iplt))
 .rel.iplt      0x0000000008000000        0x0 app/libapp.a(main.c.obj)
                [!provide]                        PROVIDE (__rel_iplt_end = .)

.rela.plt       0x0000000000000000        0x0
 *(SORT_BY_ALIGNMENT(.rela.plt))
                [!provide]                        PROVIDE (__rela_iplt_start = .)
 *(SORT_BY_ALIGNMENT(.rela.iplt))
                [!provide]                        PROVIDE (__rela_iplt_end = .)

.rel.dyn
 *(SORT_BY_ALIGNMENT(.rel.*))

.rela.dyn
 *(SORT_BY_ALIGNMENT(.rela.*))

/DISCARD/
 *(SORT_BY_ALIGNMENT(.plt))

/DISCARD/
 *(SORT_BY_ALIGNMENT(.iplt))
                0x0000000008000000                __rom_region_start = 0x8000000

rom_start       0x0000000008000000       0xec
                0x0000000008000000                __rom_start_address = .
 FILL mask 0x00
                0x0000000008000000                . = (. + (0x0 - (. - __rom_start_address)))
                0x0000000008000000                . = ALIGN (0x4)
                0x0000000008000000                . = ALIGN (0x80)
                0x0000000008000000                . = ALIGN (0x100)
                0x0000000008000000                _vector_start = .
 *(SORT_BY_ALIGNMENT(.exc_vector_table))
 *(SORT_BY_ALIGNMENT(.exc_vector_table.*))
 .exc_vector_table._vector_table_section
                0x0000000008000000       0x40 zephyr/arch/arch/arm/core/cortex_m/libarch__arm__core__cortex_m.a(vector_table.S.obj)
                0x0000000008000000                _vector_table
 *(SORT_BY_ALIGNMENT(.vectors))
                0x00000000080000ec                _vector_end = .
                0x0000000008000040                . = ALIGN (0x4)
 *(SORT_BY_ALIGNMENT(.gnu.linkonce.irq_vector_table*))
 .gnu.linkonce.irq_vector_table
                0x0000000008000040       0xac zephyr/arch/common/libisr_tables.a(isr_tables.c.obj)
                0x0000000008000040                _irq_vector_table
                0x00000000080000ec                _vector_end = .

text            0x00000000080000f0     0x8424
                0x00000000080000f0                __text_region_start = .
 *(SORT_BY_ALIGNMENT(.text))
 .text          0x00000000080000f0      0x378 /home/romain/zephyr-sdk-0.16.1/arm-zephyr-eabi/bin/../lib/gcc/arm-zephyr-eabi/12.2.0/thumb/v7-m/nofp/libgcc.a(_arm_addsubdf3.o)
                0x00000000080000f0                __aeabi_drsub
                0x00000000080000f8                __aeabi_dsub
                0x00000000080000f8                __subdf3
                0x00000000080000fc                __adddf3
                0x00000000080000fc                __aeabi_dadd
                0x0000000008000374                __aeabi_ui2d
                0x0000000008000374                __floatunsidf
                0x0000000008000394                __floatsidf
                0x0000000008000394                __aeabi_i2d
                0x00000000080003b8                __extendsfdf2
                0x00000000080003b8                __aeabi_f2d
                0x00000000080003fc                __aeabi_ul2d
                0x00000000080003fc                __floatundidf
                0x000000000800040c                __floatdidf
                0x000000000800040c                __aeabi_l2d
 .text          0x0000000008000468      0x424 /home/romain/zephyr-sdk-0.16.1/arm-zephyr-eabi/bin/../lib/gcc/arm-zephyr-eabi/12.2.0/thumb/v7-m/nofp/libgcc.a(_arm_muldivdf3.o)
                0x0000000008000468                __aeabi_dmul
                0x0000000008000468                __muldf3
                0x00000000080006bc                __aeabi_ddiv
                0x00000000080006bc                __divdf3
 .text          0x000000000800088c       0xa0 /home/romain/zephyr-sdk-0.16.1/arm-zephyr-eabi/bin/../lib/gcc/arm-zephyr-eabi/12.2.0/thumb/v7-m/nofp/libgcc.a(_arm_truncdfsf2.o)
                0x000000000800088c                __aeabi_d2f
                0x000000000800088c                __truncdfsf2
 .text          0x000000000800092c      0x21c /home/romain/zephyr-sdk-0.16.1/arm-zephyr-eabi/bin/../lib/gcc/arm-zephyr-eabi/12.2.0/thumb/v7-m/nofp/libgcc.a(_arm_addsubsf3.o)
                0x000000000800092c                __aeabi_frsub
                0x0000000008000934                __subsf3
                0x0000000008000934                __aeabi_fsub
                0x0000000008000938                __aeabi_fadd
                0x0000000008000938                __addsf3
                0x0000000008000a98                __aeabi_ui2f
                0x0000000008000a98                __floatunsisf
                0x0000000008000aa0                __aeabi_i2f
                0x0000000008000aa0                __floatsisf
                0x0000000008000abc                __floatundisf
                0x0000000008000abc                __aeabi_ul2f
                0x0000000008000acc                __floatdisf
                0x0000000008000acc                __aeabi_l2f
 .text          0x0000000008000b48      0x2a0 /home/romain/zephyr-sdk-0.16.1/arm-zephyr-eabi/bin/../lib/gcc/arm-zephyr-eabi/12.2.0/thumb/v7-m/nofp/libgcc.a(_arm_muldivsf3.o)
                0x0000000008000b48                __mulsf3
                0x0000000008000b48                __aeabi_fmul
                0x0000000008000cb0                __divsf3
                0x0000000008000cb0                __aeabi_fdiv
 .text          0x0000000008000de8       0xec /home/romain/zephyr-sdk-0.16.1/arm-zephyr-eabi/bin/../lib/gcc/arm-zephyr-eabi/12.2.0/thumb/v7-m/nofp/libgcc.a(_arm_cmpsf2.o)
                0x0000000008000de8                __gtsf2
                0x0000000008000de8                __gesf2
                0x0000000008000df0                __lesf2
                0x0000000008000df0                __ltsf2
                0x0000000008000df8                __nesf2
                0x0000000008000df8                __eqsf2
                0x0000000008000df8                __cmpsf2
                0x0000000008000e58                __aeabi_cfrcmple
                0x0000000008000e60                __aeabi_cfcmple
                0x0000000008000e60                __aeabi_cfcmpeq
                0x0000000008000e70                __aeabi_fcmpeq
                0x0000000008000e84                __aeabi_fcmplt
                0x0000000008000e98                __aeabi_fcmple
                0x0000000008000eac                __aeabi_fcmpge
                0x0000000008000ec0                __aeabi_fcmpgt
 .text          0x0000000008000ed4       0x4c /home/romain/zephyr-sdk-0.16.1/arm-zephyr-eabi/bin/../lib/gcc/arm-zephyr-eabi/12.2.0/thumb/v7-m/nofp/libgcc.a(_arm_fixsfsi.o)
                0x0000000008000ed4                __fixsfsi
                0x0000000008000ed4                __aeabi_f2iz
 .text          0x0000000008000f20       0x30 /home/romain/zephyr-sdk-0.16.1/arm-zephyr-eabi/bin/../lib/gcc/arm-zephyr-eabi/12.2.0/thumb/v7-m/nofp/libgcc.a(_aeabi_uldivmod.o)
                0x0000000008000f20                __aeabi_uldivmod
 .text          0x0000000008000f50        0x4 /home/romain/zephyr-sdk-0.16.1/arm-zephyr-eabi/bin/../lib/gcc/arm-zephyr-eabi/12.2.0/thumb/v7-m/nofp/libgcc.a(_dvmd_tls.o)
                0x0000000008000f50                __aeabi_ldiv0
                0x0000000008000f50                __aeabi_idiv0
 .text          0x0000000008000f54      0x110 /home/romain/zephyr-sdk-0.16.1/arm-zephyr-eabi/bin/../lib/gcc/arm-zephyr-eabi/12.2.0/thumb/v7-m/nofp/libgcc.a(_arm_cmpdf2.o)
                0x0000000008000f54                __gtdf2
                0x0000000008000f54                __gedf2
                0x0000000008000f5c                __ltdf2
                0x0000000008000f5c                __ledf2
                0x0000000008000f64                __cmpdf2
                0x0000000008000f64                __eqdf2
                0x0000000008000f64                __nedf2
                0x0000000008000fe0                __aeabi_cdrcmple
                0x0000000008000ff0                __aeabi_cdcmple
                0x0000000008000ff0                __aeabi_cdcmpeq
                0x0000000008001000                __aeabi_dcmpeq
                0x0000000008001014                __aeabi_dcmplt
                0x0000000008001028                __aeabi_dcmple
                0x000000000800103c                __aeabi_dcmpge
                0x0000000008001050                __aeabi_dcmpgt
 .text          0x0000000008001064      0x2a0 /home/romain/zephyr-sdk-0.16.1/arm-zephyr-eabi/bin/../lib/gcc/arm-zephyr-eabi/12.2.0/thumb/v7-m/nofp/libgcc.a(_udivmoddi4.o)
                0x0000000008001064                __udivmoddi4
 .text          0x0000000008001304       0x10 /home/romain/zephyr-sdk-0.16.1/arm-zephyr-eabi/bin/../lib/gcc/../../picolibc/arm-zephyr-eabi/lib/thumb/v7-m/nofp/libc.a(strlen.S.o)
                0x0000000008001304                strlen
 *(SORT_BY_ALIGNMENT(.text.*))
 *fill*         0x0000000008001314        0x4 
 .text.boussole_get_angle
                0x0000000008001318       0x88 app/libapp.a(boussole.c.obj)
                0x0000000008001318                boussole_get_angle
 .text.atan2    0x00000000080013a0      0x1fc /home/romain/zephyr-sdk-0.16.1/arm-zephyr-eabi/bin/../lib/gcc/../../picolibc/arm-zephyr-eabi/lib/thumb/v7-m/nofp/libc.a(libm_math_s_atan2.c.o)
                0x00000000080013a0                atan2l
                0x00000000080013a0                atan2
 *fill*         0x000000000800159c        0x4 
 .text.atan     0x00000000080015a0      0x338 /home/romain/zephyr-sdk-0.16.1/arm-zephyr-eabi/bin/../lib/gcc/../../picolibc/arm-zephyr-eabi/lib/thumb/v7-m/nofp/libc.a(libm_math_s_atan.c.o)
                0x00000000080015a0                atanl
                0x00000000080015a0                atan
 .text.thread_capteurs_fn
                0x00000000080018d8       0x34 app/libapp.a(main.c.obj)
                0x00000000080018d8                thread_capteurs_fn
 .text.thread_pid_fn
                0x000000000800190c       0x4c app/libapp.a(main.c.obj)
                0x000000000800190c                thread_pid_fn
 .text.main     0x0000000008001958       0xb0 app/libapp.a(main.c.obj)
                0x0000000008001958                main
 .text.moteur_set_vitesse.part.0
                0x0000000008001a08       0x28 app/libapp.a(moteur.c.obj)
 .text.moteur_init
                0x0000000008001a30       0x50 app/libapp.a(moteur.c.obj)
                0x0000000008001a30                moteur_init
 .text.moteur_set_vitesse
                0x0000000008001a80       0x4c app/libapp.a(moteur.c.obj)
                0x0000000008001a80                moteur_set_vitesse
 .text.codeur_handler
                0x0000000008001acc       0x10 app/libapp.a(codeur.c.obj)
                0x0000000008001acc                codeur_handler
 .text.codeur_init
                0x0000000008001adc       0x60 app/libapp.a(codeur.c.obj)
                0x0000000008001adc                codeur_init
 .text.boussole_init
                0x0000000008001b3c       0x74 app/libapp.a(boussole.c.obj)
                0x0000000008001b3c                boussole_init
 .text.pid_calculer_commande
                0x0000000008001bb0       0xe0 app/libapp.a(pid.c.obj)
                0x0000000008001bb0                pid_calculer_commande
 .text.cbvprintf_package
                0x0000000008001c90      0x3a4 zephyr/libzephyr.a(cbprintf_packaged.c.obj)
                0x0000000008001c90                cbvprintf_package
 .text.cbprintf_package_convert
                0x0000000008002034      0x3c8 zephyr/libzephyr.a(cbprintf_packaged.c.obj)
                0x0000000008002034                cbprintf_package_convert
 .text.__printk_hook_install
                0x00000000080023fc        0xc zephyr/libzephyr.a(printk.c.obj)
                0x00000000080023fc                __printk_hook_install
 .text.z_thread_entry
                0x0000000008002408       0x34 zephyr/libzephyr.a(thread_entry.c.obj)
                0x0000000008002408                z_thread_entry
 .text.st_stm32_common_config
                0x000000000800243c       0x14 zephyr/libzephyr.a(soc_config.c.obj)
 .text.stm32f1_init
                0x0000000008002450       0x20 zephyr/libzephyr.a(soc.c.obj)
 .text.activate_foreach_backend
                0x0000000008002470       0x64 zephyr/libzephyr.a(log_core.c.obj)
 .text.enable_logger
                0x00000000080024d4       0x5c zephyr/libzephyr.a(log_core.c.obj)
 .text.log_process_thread_timer_expiry_fn
                0x0000000008002530        0xc zephyr/libzephyr.a(log_core.c.obj)
 .text.z_log_init
                0x000000000800253c       0x94 zephyr/libzephyr.a(log_core.c.obj)
 .text.log_format_func_t_get
                0x00000000080025d0        0xc zephyr/libzephyr.a(log_core.c.obj)
                0x00000000080025d0                log_format_func_t_get
 .text.log_set_timestamp_func
                0x00000000080025dc       0x20 zephyr/libzephyr.a(log_core.c.obj)
                0x00000000080025dc                log_set_timestamp_func
 .text.z_log_notify_backend_enabled
                0x00000000080025fc       0x1c zephyr/libzephyr.a(log_core.c.obj)
                0x00000000080025fc                z_log_notify_backend_enabled
 .text.z_log_dropped
                0x0000000008002618       0x44 zephyr/libzephyr.a(log_core.c.obj)
                0x0000000008002618                z_log_dropped
 .text.z_log_dropped_read_and_clear
                0x000000000800265c       0x20 zephyr/libzephyr.a(log_core.c.obj)
                0x000000000800265c                z_log_dropped_read_and_clear
 .text.dropped_notify
                0x000000000800267c       0x30 zephyr/libzephyr.a(log_core.c.obj)
                0x000000000800267c                dropped_notify
 .text.z_log_msg_init
                0x00000000080026ac       0x20 zephyr/libzephyr.a(log_core.c.obj)
                0x00000000080026ac                z_log_msg_init
 .text.log_core_init
                0x00000000080026cc       0x50 zephyr/libzephyr.a(log_core.c.obj)
                0x00000000080026cc                log_core_init
 .text.z_log_msg_alloc
                0x000000000800271c       0x10 zephyr/libzephyr.a(log_core.c.obj)
                0x000000000800271c                z_log_msg_alloc
 .text.z_log_msg_local_claim
                0x000000000800272c        0xc zephyr/libzephyr.a(log_core.c.obj)
                0x000000000800272c                z_log_msg_local_claim
 .text.z_log_msg_free
                0x0000000008002738       0x10 zephyr/libzephyr.a(log_core.c.obj)
                0x0000000008002738                z_log_msg_free
 .text.z_log_msg_pending
                0x0000000008002748        0xc zephyr/libzephyr.a(log_core.c.obj)
                0x0000000008002748                z_log_msg_pending
 .text.z_impl_log_process
                0x0000000008002754       0xb0 zephyr/libzephyr.a(log_core.c.obj)
                0x0000000008002754                z_impl_log_process
 .text.z_impl_log_panic
                0x0000000008002804       0x44 zephyr/libzephyr.a(log_core.c.obj)
                0x0000000008002804                z_impl_log_panic
 .text.log_process_thread_func
                0x0000000008002848       0xa4 zephyr/libzephyr.a(log_core.c.obj)
 .text.z_log_msg_post_finalize
                0x00000000080028ec       0x78 zephyr/libzephyr.a(log_core.c.obj)
 .text.z_log_msg_commit
                0x0000000008002964       0x24 zephyr/libzephyr.a(log_core.c.obj)
                0x0000000008002964                z_log_msg_commit
 .text.log_source_name_get
                0x0000000008002988       0x1c zephyr/libzephyr.a(log_mgmt.c.obj)
                0x0000000008002988                log_source_name_get
 .text.z_impl_z_log_msg_static_create
                0x00000000080029a4      0x108 zephyr/libzephyr.a(log_msg.c.obj)
                0x00000000080029a4                z_impl_z_log_msg_static_create
 .text.z_log_msg_runtime_vcreate
                0x0000000008002aac       0xa0 zephyr/libzephyr.a(log_msg.c.obj)
                0x0000000008002aac                z_log_msg_runtime_vcreate
 .text.log_msg_get_source_id
                0x0000000008002b4c       0x18 zephyr/libzephyr.a(log_msg.c.obj)
                0x0000000008002b4c                log_msg_get_source_id
 .text.print_formatted
                0x0000000008002b64       0x24 zephyr/libzephyr.a(log_output.c.obj)
 .text.newline_print
                0x0000000008002b88       0x1c zephyr/libzephyr.a(log_output.c.obj)
 .text.log_output_process
                0x0000000008002ba4      0x2dc zephyr/libzephyr.a(log_output.c.obj)
                0x0000000008002ba4                log_output_process
 .text.log_output_dropped_process
                0x0000000008002e80       0x58 zephyr/libzephyr.a(log_output.c.obj)
                0x0000000008002e80                log_output_dropped_process
 .text.log_output_timestamp_freq_set
                0x0000000008002ed8       0x2c zephyr/libzephyr.a(log_output.c.obj)
                0x0000000008002ed8                log_output_timestamp_freq_set
 .text.char_out
                0x0000000008002f04       0x24 zephyr/libzephyr.a(log_backend_uart.c.obj)
 .text.z_arm_fatal_error
                0x0000000008002f28       0xb4 zephyr/arch/arch/arm/core/libarch__arm__core.a(fatal.c.obj)
                0x0000000008002f28                z_arm_fatal_error
 .text.z_arm_nmi
                0x0000000008002fdc       0x14 zephyr/arch/arch/arm/core/libarch__arm__core.a(nmi.c.obj)
                0x0000000008002fdc                z_arm_nmi
 .text.z_SysNmiOnReset
                0x0000000008002ff0        0x8 zephyr/arch/arch/arm/core/libarch__arm__core.a(nmi_on_reset.S.obj)
                0x0000000008002ff0                z_SysNmiOnReset
 .text.arch_tls_stack_setup
                0x0000000008002ff8       0x40 zephyr/arch/arch/arm/core/libarch__arm__core.a(tls.c.obj)
                0x0000000008002ff8                arch_tls_stack_setup
 .text._HandlerModeExit
                0x0000000008003038       0x20 zephyr/arch/arch/arm/core/cortex_m/libarch__arm__core__cortex_m.a(exc_exit.c.obj)
                0x0000000008003038                z_arm_exc_exit
                0x0000000008003038                z_arm_int_exit
 .text.mem_manage_fault.constprop.0
                0x0000000008003058       0xac zephyr/arch/arch/arm/core/cortex_m/libarch__arm__core__cortex_m.a(fault.c.obj)
 .text.usage_fault.constprop.0
                0x0000000008003104       0xa8 zephyr/arch/arch/arm/core/cortex_m/libarch__arm__core__cortex_m.a(fault.c.obj)
 .text.bus_fault.constprop.0
                0x00000000080031ac       0xb8 zephyr/arch/arch/arm/core/cortex_m/libarch__arm__core__cortex_m.a(fault.c.obj)
 .text.z_arm_fault
                0x0000000008003264      0x1d0 zephyr/arch/arch/arm/core/cortex_m/libarch__arm__core__cortex_m.a(fault.c.obj)
                0x0000000008003264                z_arm_fault
 .text.z_arm_fault_init
                0x0000000008003434       0x10 zephyr/arch/arch/arm/core/cortex_m/libarch__arm__core__cortex_m.a(fault.c.obj)
                0x0000000008003434                z_arm_fault_init
 .text.__fault  0x0000000008003444       0x14 zephyr/arch/arch/arm/core/cortex_m/libarch__arm__core__cortex_m.a(fault_s.S.obj)
                0x0000000008003444                z_arm_bus_fault
                0x0000000008003444                z_arm_usage_fault
                0x0000000008003444                z_arm_mpu_fault
                0x0000000008003444                z_arm_exc_spurious
                0x0000000008003444                z_arm_debug_monitor
                0x0000000008003444                z_arm_hard_fault
 .text._reset_section
                0x0000000008003458       0x2c zephyr/arch/arch/arm/core/cortex_m/libarch__arm__core__cortex_m.a(reset.S.obj)
                0x0000000008003458                z_arm_reset
                0x0000000008003458                __start
 .text.z_impl_k_thread_abort
                0x0000000008003484       0x2c zephyr/arch/arch/arm/core/cortex_m/libarch__arm__core__cortex_m.a(thread_abort.c.obj)
                0x0000000008003484                z_impl_k_thread_abort
 .text.arch_swap
                0x00000000080034b0       0x30 zephyr/arch/arch/arm/core/cortex_m/libarch__arm__core__cortex_m.a(swap.c.obj)
                0x00000000080034b0                arch_swap
 .text.z_arm_pendsv
                0x00000000080034e0       0x58 zephyr/arch/arch/arm/core/cortex_m/libarch__arm__core__cortex_m.a(swap_helper.S.obj)
                0x00000000080034e0                z_arm_pendsv
 .text.z_arm_svc
                0x0000000008003538       0x20 zephyr/arch/arch/arm/core/cortex_m/libarch__arm__core__cortex_m.a(swap_helper.S.obj)
                0x0000000008003538                z_arm_svc
 .text.arch_irq_enable
                0x0000000008003558       0x1c zephyr/arch/arch/arm/core/cortex_m/libarch__arm__core__cortex_m.a(irq_manage.c.obj)
                0x0000000008003558                arch_irq_enable
 .text.z_arm_irq_priority_set
                0x0000000008003574       0x2c zephyr/arch/arch/arm/core/cortex_m/libarch__arm__core__cortex_m.a(irq_manage.c.obj)
                0x0000000008003574                z_arm_irq_priority_set
 .text.z_prep_c
                0x00000000080035a0       0x30 zephyr/arch/arch/arm/core/cortex_m/libarch__arm__core__cortex_m.a(prep_c.c.obj)
                0x00000000080035a0                z_prep_c
 .text.arch_new_thread
                0x00000000080035d0       0x38 zephyr/arch/arch/arm/core/cortex_m/libarch__arm__core__cortex_m.a(thread.c.obj)
                0x00000000080035d0                arch_new_thread
 .text.arch_switch_to_main_thread
                0x0000000008003608       0x40 zephyr/arch/arch/arm/core/cortex_m/libarch__arm__core__cortex_m.a(thread.c.obj)
                0x0000000008003608                arch_switch_to_main_thread
 .text.z_arm_cpu_idle_init
                0x0000000008003648        0xc zephyr/arch/arch/arm/core/cortex_m/libarch__arm__core__cortex_m.a(cpu_idle.c.obj)
                0x0000000008003648                z_arm_cpu_idle_init
 .text.z_arm_interrupt_init
                0x0000000008003654       0x18 zephyr/arch/arch/arm/core/cortex_m/libarch__arm__core__cortex_m.a(irq_init.c.obj)
                0x0000000008003654                z_arm_interrupt_init
 .text._isr_wrapper
                0x000000000800366c       0x24 zephyr/arch/arch/arm/core/cortex_m/libarch__arm__core__cortex_m.a(isr_wrapper.c.obj)
                0x000000000800366c                _isr_wrapper
 .text.z_impl_zephyr_fputc
                0x0000000008003690       0x10 zephyr/lib/libc/picolibc/liblib__libc__picolibc.a(libc-hooks.c.obj)
                0x0000000008003690                z_impl_zephyr_fputc
 .text.__stdout_hook_install
                0x00000000080036a0       0x18 zephyr/lib/libc/picolibc/liblib__libc__picolibc.a(libc-hooks.c.obj)
                0x00000000080036a0                __stdout_hook_install
 .text.cbvprintf
                0x00000000080036b8       0x38 zephyr/lib/libc/picolibc/liblib__libc__picolibc.a(libc-hooks.c.obj)
                0x00000000080036b8                cbvprintf
 .text.malloc_prepare
                0x00000000080036f0       0x24 zephyr/lib/libc/common/liblib__libc__common.a(malloc.c.obj)
 .text.stm32_exti_isr
                0x0000000008003714       0x4c zephyr/drivers/interrupt_controller/libdrivers__interrupt_controller.a(intc_exti_stm32.c.obj)
 .text.stm32_fill_irq_table
                0x0000000008003760       0x18 zephyr/drivers/interrupt_controller/libdrivers__interrupt_controller.a(intc_exti_stm32.c.obj)
 .text.stm32_exti_enable
                0x0000000008003778       0x24 zephyr/drivers/interrupt_controller/libdrivers__interrupt_controller.a(intc_exti_stm32.c.obj)
                0x0000000008003778                stm32_exti_enable
 .text.stm32_exti_disable
                0x000000000800379c       0x18 zephyr/drivers/interrupt_controller/libdrivers__interrupt_controller.a(intc_exti_stm32.c.obj)
                0x000000000800379c                stm32_exti_disable
 .text.stm32_exti_trigger
                0x00000000080037b4       0x60 zephyr/drivers/interrupt_controller/libdrivers__interrupt_controller.a(intc_exti_stm32.c.obj)
                0x00000000080037b4                stm32_exti_trigger
 .text.stm32_exti_set_callback
                0x0000000008003814       0x30 zephyr/drivers/interrupt_controller/libdrivers__interrupt_controller.a(intc_exti_stm32.c.obj)
                0x0000000008003814                stm32_exti_set_callback
 .text.stm32_exti_unset_callback
                0x0000000008003844       0x14 zephyr/drivers/interrupt_controller/libdrivers__interrupt_controller.a(intc_exti_stm32.c.obj)
                0x0000000008003844                stm32_exti_unset_callback
 .text.stm32_clock_control_get_subsys_rate
                0x0000000008003858       0x4c zephyr/drivers/clock_control/libdrivers__clock_control.a(clock_stm32_ll_common.c.obj)
 .text.stm32_clock_control_init
                0x00000000080038a4      0x104 zephyr/drivers/clock_control/libdrivers__clock_control.a(clock_stm32_ll_common.c.obj)
                0x00000000080038a4                stm32_clock_control_init
 .text.config_pll_sysclock
                0x00000000080039a8       0x1c zephyr/drivers/clock_control/libdrivers__clock_control.a(clock_stm32f1.c.obj)
                0x00000000080039a8                config_pll_sysclock
 .text.uart_console_init
                0x00000000080039c4       0x28 zephyr/drivers/console/libdrivers__console.a(uart_console.c.obj)
 .text.console_out
                0x00000000080039ec       0x28 zephyr/drivers/console/libdrivers__console.a(uart_console.c.obj)
 .text.gpio_stm32_init
                0x0000000008003a14       0x30 zephyr/drivers/gpio/libdrivers__gpio.a(gpio_stm32.c.obj)
 .text.gpio_stm32_pin_interrupt_configure
                0x0000000008003a44       0xe4 zephyr/drivers/gpio/libdrivers__gpio.a(gpio_stm32.c.obj)
 .text.stm32_i2c_configure_timing
                0x0000000008003b28       0xa8 zephyr/drivers/i2c/libdrivers__i2c.a(i2c_ll_stm32_v1.c.obj)
                0x0000000008003b28                stm32_i2c_configure_timing
 .text.i2c_stm32_get_config.part.0
                0x0000000008003bd0       0x1c zephyr/drivers/i2c/libdrivers__i2c.a(i2c_ll_stm32.c.obj)
 .text.i2c_stm32_set_smbus_mode
                0x0000000008003bec       0x54 zephyr/drivers/i2c/libdrivers__i2c.a(i2c_ll_stm32.c.obj)
                0x0000000008003bec                i2c_stm32_set_smbus_mode
 .text.i2c_stm32_runtime_configure
                0x0000000008003c40       0x88 zephyr/drivers/i2c/libdrivers__i2c.a(i2c_ll_stm32.c.obj)
                0x0000000008003c40                i2c_stm32_runtime_configure
 .text.i2c_stm32_init
                0x0000000008003cc8      0x148 zephyr/drivers/i2c/libdrivers__i2c.a(i2c_ll_stm32.c.obj)
 .text.pinctrl_configure_pins
                0x0000000008003e10       0xf0 zephyr/drivers/pinctrl/libdrivers__pinctrl.a(pinctrl_stm32.c.obj)
                0x0000000008003e10                pinctrl_configure_pins
 .text.uart_stm32_set_baudrate.part.0
                0x0000000008003f00       0x14 zephyr/drivers/serial/libdrivers__serial.a(uart_stm32.c.obj)
 .text.uart_stm32_parameters_set
                0x0000000008003f14       0xf8 zephyr/drivers/serial/libdrivers__serial.a(uart_stm32.c.obj)
 .text.uart_stm32_init
                0x000000000800400c       0xd8 zephyr/drivers/serial/libdrivers__serial.a(uart_stm32.c.obj)
 .text.uart_stm32_configure
                0x00000000080040e4      0x13c zephyr/drivers/serial/libdrivers__serial.a(uart_stm32.c.obj)
 .text.elapsed  0x0000000008004220       0x4c zephyr/drivers/timer/libdrivers__timer.a(cortex_m_systick.c.obj)
 .text.sys_clock_driver_init
                0x000000000800426c       0x38 zephyr/drivers/timer/libdrivers__timer.a(cortex_m_systick.c.obj)
 .text.sys_clock_isr
                0x00000000080042a4       0x54 zephyr/drivers/timer/libdrivers__timer.a(cortex_m_systick.c.obj)
                0x00000000080042a4                sys_clock_isr
 .text.sys_clock_set_timeout
                0x00000000080042f8       0xfc zephyr/drivers/timer/libdrivers__timer.a(cortex_m_systick.c.obj)
                0x00000000080042f8                sys_clock_set_timeout
 .text.sys_clock_elapsed
                0x00000000080043f4       0x3c zephyr/drivers/timer/libdrivers__timer.a(cortex_m_systick.c.obj)
                0x00000000080043f4                sys_clock_elapsed
 .text.HAL_RCC_GetSysClockFreq
                0x0000000008004430       0x4c modules/stm32/stm32cube/lib..__modules__hal__stm32__stm32cube.a(stm32f1xx_hal_rcc.c.obj)
                0x0000000008004430                HAL_RCC_GetSysClockFreq
 .text.LL_SetFlashLatency
                0x000000000800447c       0x4c modules/stm32/stm32cube/lib..__modules__hal__stm32__stm32cube.a(stm32f1xx_ll_utils.c.obj)
                0x000000000800447c                LL_SetFlashLatency
 .text.k_sys_fatal_error_handler
                0x00000000080044c8       0x20 zephyr/kernel/libkernel.a(fatal.c.obj)
                0x00000000080044c8                k_sys_fatal_error_handler
 .text.z_fatal_error
                0x00000000080044e8       0xe8 zephyr/kernel/libkernel.a(fatal.c.obj)
                0x00000000080044e8                z_fatal_error
 .text.z_sys_init_run_level
                0x00000000080045d0       0x2c zephyr/kernel/libkernel.a(init.c.obj)
 .text.bg_thread_main
                0x00000000080045fc       0xc4 zephyr/kernel/libkernel.a(init.c.obj)
 .text.z_bss_zero
                0x00000000080046c0       0x18 zephyr/kernel/libkernel.a(init.c.obj)
                0x00000000080046c0                z_bss_zero
 .text.z_init_cpu
                0x00000000080046d8       0x68 zephyr/kernel/libkernel.a(init.c.obj)
                0x00000000080046d8                z_init_cpu
 .text.z_cstart
                0x0000000008004740       0xd0 zephyr/kernel/libkernel.a(init.c.obj)
                0x0000000008004740                z_cstart
 .text.z_impl_k_mutex_lock
                0x0000000008004810       0xf0 zephyr/kernel/libkernel.a(mutex.c.obj)
                0x0000000008004810                z_impl_k_mutex_lock
 .text.z_impl_k_mutex_unlock
                0x0000000008004900       0x78 zephyr/kernel/libkernel.a(mutex.c.obj)
                0x0000000008004900                z_impl_k_mutex_unlock
 .text.z_impl_k_sem_give
                0x0000000008004978       0x48 zephyr/kernel/libkernel.a(sem.c.obj)
                0x0000000008004978                z_impl_k_sem_give
 .text.z_impl_k_sem_take
                0x00000000080049c0       0x4c zephyr/kernel/libkernel.a(sem.c.obj)
                0x00000000080049c0                z_impl_k_sem_take
 .text.z_impl_k_sem_reset
                0x0000000008004a0c       0x38 zephyr/kernel/libkernel.a(sem.c.obj)
                0x0000000008004a0c                z_impl_k_sem_reset
 .text.z_setup_new_thread
                0x0000000008004a44       0x70 zephyr/kernel/libkernel.a(thread.c.obj)
                0x0000000008004a44                z_setup_new_thread
 .text.z_impl_k_thread_create
                0x0000000008004ab4       0x58 zephyr/kernel/libkernel.a(thread.c.obj)
                0x0000000008004ab4                z_impl_k_thread_create
 .text.update_cache
                0x0000000008004b0c       0x3c zephyr/kernel/libkernel.a(sched.c.obj)
 .text.unready_thread
                0x0000000008004b48       0x30 zephyr/kernel/libkernel.a(sched.c.obj)
 .text.ready_thread
                0x0000000008004b78       0x68 zephyr/kernel/libkernel.a(sched.c.obj)
 .text.z_thread_halt
                0x0000000008004be0       0xd8 zephyr/kernel/libkernel.a(sched.c.obj)
 .text.move_thread_to_end_of_prio_q
                0x0000000008004cb8       0x74 zephyr/kernel/libkernel.a(sched.c.obj)
                0x0000000008004cb8                move_thread_to_end_of_prio_q
 .text.z_pend_curr
                0x0000000008004d2c       0x58 zephyr/kernel/libkernel.a(sched.c.obj)
                0x0000000008004d2c                z_pend_curr
 .text.z_thread_prio_set
                0x0000000008004d84       0xcc zephyr/kernel/libkernel.a(sched.c.obj)
                0x0000000008004d84                z_thread_prio_set
 .text.z_reschedule
                0x0000000008004e50       0x24 zephyr/kernel/libkernel.a(sched.c.obj)
                0x0000000008004e50                z_reschedule
 .text.z_sched_start
                0x0000000008004e74       0x3c zephyr/kernel/libkernel.a(sched.c.obj)
                0x0000000008004e74                z_sched_start
 .text.z_reschedule_irqlock
                0x0000000008004eb0       0x28 zephyr/kernel/libkernel.a(sched.c.obj)
                0x0000000008004eb0                z_reschedule_irqlock
 .text.k_sched_lock
                0x0000000008004ed8       0x28 zephyr/kernel/libkernel.a(sched.c.obj)
                0x0000000008004ed8                k_sched_lock
 .text.k_sched_unlock
                0x0000000008004f00       0x40 zephyr/kernel/libkernel.a(sched.c.obj)
                0x0000000008004f00                k_sched_unlock
 .text.z_sched_init
                0x0000000008004f40       0x10 zephyr/kernel/libkernel.a(sched.c.obj)
                0x0000000008004f40                z_sched_init
 .text.z_impl_k_yield
                0x0000000008004f50       0x7c zephyr/kernel/libkernel.a(sched.c.obj)
                0x0000000008004f50                z_impl_k_yield
 .text.z_tick_sleep
                0x0000000008004fcc       0x88 zephyr/kernel/libkernel.a(sched.c.obj)
 .text.z_impl_k_sleep
                0x0000000008005054       0x3c zephyr/kernel/libkernel.a(sched.c.obj)
                0x0000000008005054                z_impl_k_sleep
 .text.z_impl_k_sched_current_thread_query
                0x0000000008005090        0xc zephyr/kernel/libkernel.a(sched.c.obj)
                0x0000000008005090                z_impl_k_sched_current_thread_query
 .text.slice_timeout
                0x000000000800509c       0x20 zephyr/kernel/libkernel.a(timeslicing.c.obj)
 .text.thread_is_sliceable
                0x00000000080050bc       0x3c zephyr/kernel/libkernel.a(timeslicing.c.obj)
                0x00000000080050bc                thread_is_sliceable
 .text.z_reset_time_slice
                0x00000000080050f8       0x50 zephyr/kernel/libkernel.a(timeslicing.c.obj)
                0x00000000080050f8                z_reset_time_slice
 .text.z_time_slice
                0x0000000008005148       0x60 zephyr/kernel/libkernel.a(timeslicing.c.obj)
                0x0000000008005148                z_time_slice
 .text.z_data_copy
                0x00000000080051a8       0x38 zephyr/kernel/libkernel.a(xip.c.obj)
                0x00000000080051a8                z_data_copy
 .text.elapsed  0x00000000080051e0       0x14 zephyr/kernel/libkernel.a(timeout.c.obj)
 .text.remove_timeout
                0x00000000080051f4       0x38 zephyr/kernel/libkernel.a(timeout.c.obj)
 .text.next_timeout
                0x000000000800522c       0x40 zephyr/kernel/libkernel.a(timeout.c.obj)
 .text.z_add_timeout
                0x000000000800526c       0xf4 zephyr/kernel/libkernel.a(timeout.c.obj)
                0x000000000800526c                z_add_timeout
 .text.sys_clock_announce
                0x0000000008005360       0xd0 zephyr/kernel/libkernel.a(timeout.c.obj)
                0x0000000008005360                sys_clock_announce
 .text.sys_clock_tick_get
                0x0000000008005430       0x30 zephyr/kernel/libkernel.a(timeout.c.obj)
                0x0000000008005430                sys_clock_tick_get
 .text.z_timer_expiration_handler
                0x0000000008005460       0xe0 zephyr/kernel/libkernel.a(timer.c.obj)
                0x0000000008005460                z_timer_expiration_handler
 .text.z_impl_k_timer_start
                0x0000000008005540       0x74 zephyr/kernel/libkernel.a(timer.c.obj)
                0x0000000008005540                z_impl_k_timer_start
 .text.boot_banner
                0x00000000080055b4        0xc zephyr/kernel/libkernel.a(banner.c.obj)
                0x00000000080055b4                boot_banner
 .text.snprintf
                0x00000000080055c0       0x58 /home/romain/zephyr-sdk-0.16.1/arm-zephyr-eabi/bin/../lib/gcc/../../picolibc/arm-zephyr-eabi/lib/thumb/v7-m/nofp/libc.a(libc_tinystdio_snprintf.c.o)
                0x00000000080055c0                snprintf
 .text.skip_to_arg
                0x0000000008005618      0x134 /home/romain/zephyr-sdk-0.16.1/arm-zephyr-eabi/bin/../lib/gcc/../../picolibc/arm-zephyr-eabi/lib/thumb/v7-m/nofp/libc.a(libc_tinystdio_vfprintf.c.o)
 .text.vfprintf
                0x000000000800574c      0xba8 /home/romain/zephyr-sdk-0.16.1/arm-zephyr-eabi/bin/../lib/gcc/../../picolibc/arm-zephyr-eabi/lib/thumb/v7-m/nofp/libc.a(libc_tinystdio_vfprintf.c.o)
                0x000000000800574c                __d_vfprintf
 .text.div10    0x00000000080062f4       0x28 /home/romain/zephyr-sdk-0.16.1/arm-zephyr-eabi/bin/../lib/gcc/../../picolibc/arm-zephyr-eabi/lib/thumb/v7-m/nofp/libc.a(libc_tinystdio_dtoa_ryu.c.o)
 .text.__dtoa_engine
                0x000000000800631c      0x4a4 /home/romain/zephyr-sdk-0.16.1/arm-zephyr-eabi/bin/../lib/gcc/../../picolibc/arm-zephyr-eabi/lib/thumb/v7-m/nofp/libc.a(libc_tinystdio_dtoa_ryu.c.o)
                0x000000000800631c                __dtoa_engine
 .text.__pow5Factor
                0x00000000080067c0       0x30 /home/romain/zephyr-sdk-0.16.1/arm-zephyr-eabi/bin/../lib/gcc/../../picolibc/arm-zephyr-eabi/lib/thumb/v7-m/nofp/libc.a(libc_tinystdio_ryu_table.c.o)
                0x00000000080067c0                __pow5Factor
 .text.__double_computePow5
                0x00000000080067f0       0xe8 /home/romain/zephyr-sdk-0.16.1/arm-zephyr-eabi/bin/../lib/gcc/../../picolibc/arm-zephyr-eabi/lib/thumb/v7-m/nofp/libc.a(libc_tinystdio_ryu_table.c.o)
                0x00000000080067f0                __double_computePow5
 .text.__double_computeInvPow5
                0x00000000080068d8       0xf8 /home/romain/zephyr-sdk-0.16.1/arm-zephyr-eabi/bin/../lib/gcc/../../picolibc/arm-zephyr-eabi/lib/thumb/v7-m/nofp/libc.a(libc_tinystdio_ryu_table.c.o)
                0x00000000080068d8                __double_computeInvPow5
 .text.__log10Pow2
                0x00000000080069d0        0xc /home/romain/zephyr-sdk-0.16.1/arm-zephyr-eabi/bin/../lib/gcc/../../picolibc/arm-zephyr-eabi/lib/thumb/v7-m/nofp/libc.a(libc_tinystdio_ryu_log10.c.o)
                0x00000000080069d0                __log10Pow2
 .text.__log10Pow5
                0x00000000080069dc        0xc /home/romain/zephyr-sdk-0.16.1/arm-zephyr-eabi/bin/../lib/gcc/../../picolibc/arm-zephyr-eabi/lib/thumb/v7-m/nofp/libc.a(libc_tinystdio_ryu_log10.c.o)
                0x00000000080069dc                __log10Pow5
 .text.__pow5bits
                0x00000000080069e8       0x10 /home/romain/zephyr-sdk-0.16.1/arm-zephyr-eabi/bin/../lib/gcc/../../picolibc/arm-zephyr-eabi/lib/thumb/v7-m/nofp/libc.a(libc_tinystdio_ryu_pow5bits.c.o)
                0x00000000080069e8                __pow5bits
 .text._OffsetAbsSyms
                0x00000000080069f8        0x2 zephyr/CMakeFiles/offsets.dir/./arch/arm/core/offsets/offsets.c.obj
                0x00000000080069f8                _OffsetAbsSyms
 .text.k_msleep.isra.0
                0x00000000080069fa        0xa app/libapp.a(main.c.obj)
 .text.i2c_write.constprop.0.isra.0
                0x0000000008006a04       0x1c app/libapp.a(moteur.c.obj)
 .text.pid_init
                0x0000000008006a20        0xe app/libapp.a(pid.c.obj)
                0x0000000008006a20                pid_init
 .text.chunk_size
                0x0000000008006a2e        0xa zephyr/libzephyr.a(heap.c.obj)
 .text.free_list_add
                0x0000000008006a38       0x4e zephyr/libzephyr.a(heap.c.obj)
 .text.sys_heap_init
                0x0000000008006a86       0x7a zephyr/libzephyr.a(heap.c.obj)
                0x0000000008006a86                sys_heap_init
 .text.cbpprintf_external
                0x0000000008006b00       0x62 zephyr/libzephyr.a(cbprintf_packaged.c.obj)
                0x0000000008006b00                cbpprintf_external
 .text.is_ptr   0x0000000008006b62       0x4a zephyr/libzephyr.a(cbprintf_packaged.c.obj)
                0x0000000008006b62                is_ptr
 .text.arch_printk_char_out
                0x0000000008006bac        0x4 zephyr/libzephyr.a(printk.c.obj)
                0x0000000008006bac                arch_printk_char_out
 .text.printk   0x0000000008006bb0       0x1a zephyr/libzephyr.a(printk.c.obj)
                0x0000000008006bb0                printk
 .text.free_space
                0x0000000008006bca       0x26 zephyr/libzephyr.a(mpsc_pbuf.c.obj)
 .text.get_usage
                0x0000000008006bf0       0x22 zephyr/libzephyr.a(mpsc_pbuf.c.obj)
 .text.idx_inc  0x0000000008006c12       0x1c zephyr/libzephyr.a(mpsc_pbuf.c.obj)
 .text.rd_idx_inc
                0x0000000008006c2e       0x18 zephyr/libzephyr.a(mpsc_pbuf.c.obj)
 .text.add_skip_item
                0x0000000008006c46       0x3e zephyr/libzephyr.a(mpsc_pbuf.c.obj)
 .text.drop_item_locked
                0x0000000008006c84       0xee zephyr/libzephyr.a(mpsc_pbuf.c.obj)
 .text.post_drop_action
                0x0000000008006d72       0x36 zephyr/libzephyr.a(mpsc_pbuf.c.obj)
 .text.max_utilization_update
                0x0000000008006da8       0x1a zephyr/libzephyr.a(mpsc_pbuf.c.obj)
 .text.mpsc_pbuf_init
                0x0000000008006dc2       0x42 zephyr/libzephyr.a(mpsc_pbuf.c.obj)
                0x0000000008006dc2                mpsc_pbuf_init
 .text.mpsc_pbuf_alloc
                0x0000000008006e04       0xfe zephyr/libzephyr.a(mpsc_pbuf.c.obj)
                0x0000000008006e04                mpsc_pbuf_alloc
 .text.mpsc_pbuf_commit
                0x0000000008006f02       0x3e zephyr/libzephyr.a(mpsc_pbuf.c.obj)
                0x0000000008006f02                mpsc_pbuf_commit
 .text.mpsc_pbuf_claim
                0x0000000008006f40       0xa8 zephyr/libzephyr.a(mpsc_pbuf.c.obj)
                0x0000000008006f40                mpsc_pbuf_claim
 .text.mpsc_pbuf_free
                0x0000000008006fe8       0x76 zephyr/libzephyr.a(mpsc_pbuf.c.obj)
                0x0000000008006fe8                mpsc_pbuf_free
 .text.mpsc_pbuf_is_pending
                0x000000000800705e       0x1a zephyr/libzephyr.a(mpsc_pbuf.c.obj)
                0x000000000800705e                mpsc_pbuf_is_pending
 .text._ConfigAbsSyms
                0x0000000008007078        0x2 zephyr/libzephyr.a(configs.c.obj)
                0x0000000008007078                _ConfigAbsSyms
 .text.log_msg_generic_get_wlen
                0x000000000800707a       0x20 zephyr/libzephyr.a(log_core.c.obj)
 .text.dummy_timestamp
                0x000000000800709a        0x4 zephyr/libzephyr.a(log_core.c.obj)
 .text.atomic_inc
                0x000000000800709e       0x1a zephyr/libzephyr.a(log_core.c.obj)
 .text.default_lf_get_timestamp
                0x00000000080070b8       0x10 zephyr/libzephyr.a(log_core.c.obj)
 .text.z_log_vprintk
                0x00000000080070c8       0x1c zephyr/libzephyr.a(log_core.c.obj)
                0x00000000080070c8                z_log_vprintk
 .text.z_log_notify_drop
                0x00000000080070e4        0x6 zephyr/libzephyr.a(log_core.c.obj)
 .text.z_log_get_tag
                0x00000000080070ea        0x4 zephyr/libzephyr.a(log_core.c.obj)
                0x00000000080070ea                z_log_get_tag
 .text.log_backend_enable
                0x00000000080070ee       0x12 zephyr/libzephyr.a(log_mgmt.c.obj)
                0x00000000080070ee                log_backend_enable
 .text.z_cbprintf_cpy
                0x0000000008007100       0x2c zephyr/libzephyr.a(log_msg.c.obj)
 .text.z_log_msg_finalize
                0x000000000800712c       0x32 zephyr/libzephyr.a(log_msg.c.obj)
                0x000000000800712c                z_log_msg_finalize
 .text.z_log_msg_simple_create
                0x000000000800715e       0x6e zephyr/libzephyr.a(log_msg.c.obj)
 .text.z_impl_z_log_msg_simple_create_0
                0x00000000080071cc       0x12 zephyr/libzephyr.a(log_msg.c.obj)
                0x00000000080071cc                z_impl_z_log_msg_simple_create_0
 .text.z_impl_z_log_msg_simple_create_1
                0x00000000080071de       0x14 zephyr/libzephyr.a(log_msg.c.obj)
                0x00000000080071de                z_impl_z_log_msg_simple_create_1
 .text.buffer_write
                0x00000000080071f2       0x1c zephyr/libzephyr.a(log_output.c.obj)
 .text.log_output_flush
                0x000000000800720e       0x18 zephyr/libzephyr.a(log_output.c.obj)
                0x000000000800720e                log_output_flush
 .text.out_func
                0x0000000008007226       0x36 zephyr/libzephyr.a(log_output.c.obj)
 .text.cr_out_func
                0x000000000800725c       0x1c zephyr/libzephyr.a(log_output.c.obj)
 .text.log_output_msg_process
                0x0000000008007278       0x6a zephyr/libzephyr.a(log_output.c.obj)
                0x0000000008007278                log_output_msg_process
 .text.format_set
                0x00000000080072e2        0xc zephyr/libzephyr.a(log_backend_uart.c.obj)
 .text.log_backend_uart_init
                0x00000000080072ee        0xc zephyr/libzephyr.a(log_backend_uart.c.obj)
 .text.panic    0x00000000080072fa       0x10 zephyr/libzephyr.a(log_backend_uart.c.obj)
 .text.dropped  0x000000000800730a        0xa zephyr/libzephyr.a(log_backend_uart.c.obj)
 .text.process  0x0000000008007314       0x1e zephyr/libzephyr.a(log_backend_uart.c.obj)
 .text.z_do_kernel_oops
                0x0000000008007332        0x8 zephyr/arch/arch/arm/core/libarch__arm__core.a(fatal.c.obj)
                0x0000000008007332                z_do_kernel_oops
 .text.z_log_msg_simple_create_0.constprop.0
                0x000000000800733a        0x8 zephyr/arch/arch/arm/core/cortex_m/libarch__arm__core__cortex_m.a(fault.c.obj)
 .text.z_irq_spurious
                0x0000000008007342        0x8 zephyr/arch/arch/arm/core/cortex_m/libarch__arm__core__cortex_m.a(irq_manage.c.obj)
                0x0000000008007342                z_irq_spurious
 .text.arch_irq_unlock_outlined
                0x000000000800734a        0xe zephyr/arch/arch/arm/core/cortex_m/libarch__arm__core__cortex_m.a(thread.c.obj)
                0x000000000800734a                arch_irq_unlock_outlined
 .text.arch_cpu_idle
                0x0000000008007358       0x1a zephyr/arch/arch/arm/core/cortex_m/libarch__arm__core__cortex_m.a(cpu_idle.c.obj)
                0x0000000008007358                arch_cpu_idle
 .text.cbputc   0x0000000008007372        0xc zephyr/lib/libc/picolibc/liblib__libc__picolibc.a(libc-hooks.c.obj)
 .text.picolibc_put
                0x000000000800737e        0xa zephyr/lib/libc/picolibc/liblib__libc__picolibc.a(libc-hooks.c.obj)
 .text.stm32_exti_init
                0x0000000008007388       0x92 zephyr/drivers/interrupt_controller/libdrivers__interrupt_controller.a(intc_exti_stm32.c.obj)
 .text.stm32_clock_control_on
                0x000000000800741a       0x38 zephyr/drivers/clock_control/libdrivers__clock_control.a(clock_stm32_ll_common.c.obj)
 .text.stm32_clock_control_off
                0x0000000008007452       0x24 zephyr/drivers/clock_control/libdrivers__clock_control.a(clock_stm32_ll_common.c.obj)
 .text.stm32_clock_control_configure
                0x0000000008007476       0x5a zephyr/drivers/clock_control/libdrivers__clock_control.a(clock_stm32_ll_common.c.obj)
 .text.stm32_clock_control_get_status
                0x00000000080074d0       0x34 zephyr/drivers/clock_control/libdrivers__clock_control.a(clock_stm32_ll_common.c.obj)
 .text.config_regulator_voltage
                0x0000000008007504        0x2 zephyr/drivers/clock_control/libdrivers__clock_control.a(clock_stm32_ll_common.c.obj)
                0x0000000008007504                config_regulator_voltage
 .text.config_enable_default_clocks
                0x0000000008007506        0x2 zephyr/drivers/clock_control/libdrivers__clock_control.a(clock_stm32f1.c.obj)
                0x0000000008007506                config_enable_default_clocks
 .text.gpio_stm32_port_get_raw
                0x0000000008007508        0xc zephyr/drivers/gpio/libdrivers__gpio.a(gpio_stm32.c.obj)
 .text.gpio_stm32_port_set_masked_raw
                0x0000000008007514       0x12 zephyr/drivers/gpio/libdrivers__gpio.a(gpio_stm32.c.obj)
 .text.gpio_stm32_port_set_bits_raw
                0x0000000008007526        0xa zephyr/drivers/gpio/libdrivers__gpio.a(gpio_stm32.c.obj)
 .text.gpio_stm32_port_clear_bits_raw
                0x0000000008007530        0xa zephyr/drivers/gpio/libdrivers__gpio.a(gpio_stm32.c.obj)
 .text.gpio_stm32_port_toggle_bits
                0x000000000800753a        0xe zephyr/drivers/gpio/libdrivers__gpio.a(gpio_stm32.c.obj)
 .text.gpio_stm32_manage_callback
                0x0000000008007548       0x52 zephyr/drivers/gpio/libdrivers__gpio.a(gpio_stm32.c.obj)
 .text.LL_GPIO_SetPinMode
                0x000000000800759a       0x2c zephyr/drivers/gpio/libdrivers__gpio.a(gpio_stm32.c.obj)
 .text.LL_GPIO_SetPinSpeed
                0x00000000080075c6       0x2c zephyr/drivers/gpio/libdrivers__gpio.a(gpio_stm32.c.obj)
 .text.LL_GPIO_SetPinOutputType
                0x00000000080075f2       0x2c zephyr/drivers/gpio/libdrivers__gpio.a(gpio_stm32.c.obj)
 .text.gpio_stm32_isr
                0x000000000800761e       0x2e zephyr/drivers/gpio/libdrivers__gpio.a(gpio_stm32.c.obj)
 .text.gpio_stm32_configure_raw.constprop.0.isra.0
                0x000000000800764c       0xaa zephyr/drivers/gpio/libdrivers__gpio.a(gpio_stm32.c.obj)
 .text.gpio_stm32_config
                0x00000000080076f6       0x72 zephyr/drivers/gpio/libdrivers__gpio.a(gpio_stm32.c.obj)
 .text.gpio_stm32_configure
                0x0000000008007768       0x2a zephyr/drivers/gpio/libdrivers__gpio.a(gpio_stm32.c.obj)
                0x0000000008007768                gpio_stm32_configure
 .text.LL_I2C_ClearFlag_ADDR
                0x0000000008007792       0x12 zephyr/drivers/i2c/libdrivers__i2c.a(i2c_ll_stm32_v1.c.obj)
 .text.stm32_i2c_disable_transfer_interrupts
                0x00000000080077a4       0x36 zephyr/drivers/i2c/libdrivers__i2c.a(i2c_ll_stm32_v1.c.obj)
 .text.stm32_i2c_reset
                0x00000000080077da       0x4c zephyr/drivers/i2c/libdrivers__i2c.a(i2c_ll_stm32_v1.c.obj)
 .text.stm32_i2c_master_finish
                0x0000000008007826       0x1c zephyr/drivers/i2c/libdrivers__i2c.a(i2c_ll_stm32_v1.c.obj)
 .text.handle_txe
                0x0000000008007842       0x4a zephyr/drivers/i2c/libdrivers__i2c.a(i2c_ll_stm32_v1.c.obj)
 .text.msg_end.constprop.0
                0x000000000800788c       0x42 zephyr/drivers/i2c/libdrivers__i2c.a(i2c_ll_stm32_v1.c.obj)
 .text.stm32_i2c_enable_transfer_interrupts.isra.0
                0x00000000080078ce       0x1c zephyr/drivers/i2c/libdrivers__i2c.a(i2c_ll_stm32_v1.c.obj)
 .text.msg_init.constprop.0
                0x00000000080078ea       0x72 zephyr/drivers/i2c/libdrivers__i2c.a(i2c_ll_stm32_v1.c.obj)
 .text.handle_rxne
                0x000000000800795c       0x9c zephyr/drivers/i2c/libdrivers__i2c.a(i2c_ll_stm32_v1.c.obj)
 .text.stm32_i2c_event_isr
                0x00000000080079f8      0x198 zephyr/drivers/i2c/libdrivers__i2c.a(i2c_ll_stm32_v1.c.obj)
                0x00000000080079f8                stm32_i2c_event_isr
 .text.stm32_i2c_error_isr
                0x0000000008007b90       0x50 zephyr/drivers/i2c/libdrivers__i2c.a(i2c_ll_stm32_v1.c.obj)
                0x0000000008007b90                stm32_i2c_error_isr
 .text.stm32_i2c_transaction
                0x0000000008007be0       0x74 zephyr/drivers/i2c/libdrivers__i2c.a(i2c_ll_stm32_v1.c.obj)
                0x0000000008007be0                stm32_i2c_transaction
 .text.i2c_stm32_irq_config_func_0
                0x0000000008007c54       0x26 zephyr/drivers/i2c/libdrivers__i2c.a(i2c_ll_stm32.c.obj)
 .text.i2c_stm32_transfer
                0x0000000008007c7a       0x94 zephyr/drivers/i2c/libdrivers__i2c.a(i2c_ll_stm32.c.obj)
 .text.i2c_stm32_get_config
                0x0000000008007d0e       0x14 zephyr/drivers/i2c/libdrivers__i2c.a(i2c_ll_stm32.c.obj)
                0x0000000008007d0e                i2c_stm32_get_config
 .text.pinctrl_lookup_state
                0x0000000008007d22       0x26 zephyr/drivers/pinctrl/libdrivers__pinctrl.a(common.c.obj)
                0x0000000008007d22                pinctrl_lookup_state
 .text.reset_stm32_status
                0x0000000008007d48       0x20 zephyr/drivers/reset/libdrivers__reset.a(reset_stm32.c.obj)
 .text.reset_stm32_line_assert
                0x0000000008007d68       0x1c zephyr/drivers/reset/libdrivers__reset.a(reset_stm32.c.obj)
 .text.reset_stm32_line_deassert
                0x0000000008007d84       0x1e zephyr/drivers/reset/libdrivers__reset.a(reset_stm32.c.obj)
 .text.reset_stm32_line_toggle
                0x0000000008007da2       0x16 zephyr/drivers/reset/libdrivers__reset.a(reset_stm32.c.obj)
 .text.LL_USART_ClearFlag_PE
                0x0000000008007db8       0x12 zephyr/drivers/serial/libdrivers__serial.a(uart_stm32.c.obj)
 .text.uart_stm32_err_check
                0x0000000008007dca       0x5e zephyr/drivers/serial/libdrivers__serial.a(uart_stm32.c.obj)
 .text.uart_stm32_poll_out
                0x0000000008007e28       0x36 zephyr/drivers/serial/libdrivers__serial.a(uart_stm32.c.obj)
 .text.uart_stm32_poll_in
                0x0000000008007e5e       0x22 zephyr/drivers/serial/libdrivers__serial.a(uart_stm32.c.obj)
 .text.uart_stm32_config_get
                0x0000000008007e80       0x8e zephyr/drivers/serial/libdrivers__serial.a(uart_stm32.c.obj)
 .text.uart_stm32_set_baudrate
                0x0000000008007f0e       0x4c zephyr/drivers/serial/libdrivers__serial.a(uart_stm32.c.obj)
 .text.z_device_state_init
                0x0000000008007f5a        0x2 zephyr/kernel/libkernel.a(device.c.obj)
                0x0000000008007f5a                z_device_state_init
 .text.z_impl_device_is_ready
                0x0000000008007f5c       0x16 zephyr/kernel/libkernel.a(device.c.obj)
                0x0000000008007f5c                z_impl_device_is_ready
 .text.arch_system_halt
                0x0000000008007f72       0x10 zephyr/kernel/libkernel.a(fatal.c.obj)
                0x0000000008007f72                arch_system_halt
 .text.do_device_init
                0x0000000008007f82       0x30 zephyr/kernel/libkernel.a(init.c.obj)
 .text.z_early_memset
                0x0000000008007fb2        0x4 zephyr/kernel/libkernel.a(init.c.obj)
                0x0000000008007fb2                z_early_memset
 .text.z_early_memcpy
                0x0000000008007fb6        0x4 zephyr/kernel/libkernel.a(init.c.obj)
                0x0000000008007fb6                z_early_memcpy
 .text.z_init_static
                0x0000000008007fba        0x2 zephyr/kernel/libkernel.a(init_static.c.obj)
                0x0000000008007fba                z_init_static
 .text.idle     0x0000000008007fbc       0x16 zephyr/kernel/libkernel.a(idle.c.obj)
                0x0000000008007fbc                idle
 .text.adjust_owner_prio.isra.0
                0x0000000008007fd2       0x10 zephyr/kernel/libkernel.a(mutex.c.obj)
 .text.z_impl_k_sem_init
                0x0000000008007fe2       0x18 zephyr/kernel/libkernel.a(sem.c.obj)
                0x0000000008007fe2                z_impl_k_sem_init
 .text.k_is_in_isr
                0x0000000008007ffa        0xc zephyr/kernel/libkernel.a(thread.c.obj)
                0x0000000008007ffa                k_is_in_isr
 .text.z_impl_k_thread_name_set
                0x0000000008008006        0x6 zephyr/kernel/libkernel.a(thread.c.obj)
                0x0000000008008006                z_impl_k_thread_name_set
 .text.k_thread_name_get
                0x000000000800800c        0x4 zephyr/kernel/libkernel.a(thread.c.obj)
                0x000000000800800c                k_thread_name_get
 .text.z_impl_k_thread_start
                0x0000000008008010        0x4 zephyr/kernel/libkernel.a(thread.c.obj)
                0x0000000008008010                z_impl_k_thread_start
 .text.sys_dlist_remove
                0x0000000008008014       0x10 zephyr/kernel/libkernel.a(sched.c.obj)
 .text.unpend_thread_no_timeout
                0x0000000008008024       0x14 zephyr/kernel/libkernel.a(sched.c.obj)
 .text.add_to_waitq_locked
                0x0000000008008038       0x50 zephyr/kernel/libkernel.a(sched.c.obj)
 .text.z_ready_thread
                0x0000000008008088       0x1e zephyr/kernel/libkernel.a(sched.c.obj)
                0x0000000008008088                z_ready_thread
 .text.z_impl_k_thread_suspend
                0x00000000080080a6       0x32 zephyr/kernel/libkernel.a(sched.c.obj)
                0x00000000080080a6                z_impl_k_thread_suspend
 .text.z_unpend_thread_no_timeout
                0x00000000080080d8       0x22 zephyr/kernel/libkernel.a(sched.c.obj)
                0x00000000080080d8                z_unpend_thread_no_timeout
 .text.z_sched_wake_thread
                0x00000000080080fa       0x42 zephyr/kernel/libkernel.a(sched.c.obj)
                0x00000000080080fa                z_sched_wake_thread
 .text.z_thread_timeout
                0x000000000800813c        0x8 zephyr/kernel/libkernel.a(sched.c.obj)
                0x000000000800813c                z_thread_timeout
 .text.z_unpend1_no_timeout
                0x0000000008008144       0x2c zephyr/kernel/libkernel.a(sched.c.obj)
                0x0000000008008144                z_unpend1_no_timeout
 .text.z_unpend_first_thread
                0x0000000008008170       0x36 zephyr/kernel/libkernel.a(sched.c.obj)
                0x0000000008008170                z_unpend_first_thread
 .text.z_thread_abort
                0x00000000080081a6       0x44 zephyr/kernel/libkernel.a(sched.c.obj)
                0x00000000080081a6                z_thread_abort
 .text.z_abort_timeout
                0x00000000080081ea       0x2a zephyr/kernel/libkernel.a(timeout.c.obj)
                0x00000000080081ea                z_abort_timeout
 .text.sys_clock_tick_get_32
                0x0000000008008214        0x8 zephyr/kernel/libkernel.a(timeout.c.obj)
                0x0000000008008214                sys_clock_tick_get_32
 .text.z_impl_k_uptime_ticks
                0x000000000800821c        0x4 zephyr/kernel/libkernel.a(timeout.c.obj)
                0x000000000800821c                z_impl_k_uptime_ticks
 .text.k_timer_init
                0x0000000008008220       0x18 zephyr/kernel/libkernel.a(timer.c.obj)
                0x0000000008008220                k_timer_init
 .text.z_impl_k_timer_stop
                0x0000000008008238       0x38 zephyr/kernel/libkernel.a(timer.c.obj)
                0x0000000008008238                z_impl_k_timer_stop
 .text.strnlen  0x0000000008008270       0x18 /home/romain/zephyr-sdk-0.16.1/arm-zephyr-eabi/bin/../lib/gcc/../../picolibc/arm-zephyr-eabi/lib/thumb/v7-m/nofp/libc.a(libc_string_strnlen.c.o)
                0x0000000008008270                strnlen
 .text.__ultoa_invert
                0x0000000008008288       0x54 /home/romain/zephyr-sdk-0.16.1/arm-zephyr-eabi/bin/../lib/gcc/../../picolibc/arm-zephyr-eabi/lib/thumb/v7-m/nofp/libc.a(libc_tinystdio_vfprintf.c.o)
 .text.mulShiftAll64
                0x00000000080082dc      0x17a /home/romain/zephyr-sdk-0.16.1/arm-zephyr-eabi/bin/../lib/gcc/../../picolibc/arm-zephyr-eabi/lib/thumb/v7-m/nofp/libc.a(libc_tinystdio_dtoa_ryu.c.o)
 .text.__umul128
                0x0000000008008456       0x36 /home/romain/zephyr-sdk-0.16.1/arm-zephyr-eabi/bin/../lib/gcc/../../picolibc/arm-zephyr-eabi/lib/thumb/v7-m/nofp/libc.a(libc_tinystdio_ryu_umul128.c.o)
                0x0000000008008456                __umul128
 .text.__shiftright128
                0x000000000800848c       0x3e /home/romain/zephyr-sdk-0.16.1/arm-zephyr-eabi/bin/../lib/gcc/../../picolibc/arm-zephyr-eabi/lib/thumb/v7-m/nofp/libc.a(libc_tinystdio_ryu_umul128.c.o)
                0x000000000800848c                __shiftright128
 .text.memcpy   0x00000000080084ca       0x1c /home/romain/zephyr-sdk-0.16.1/arm-zephyr-eabi/bin/../lib/gcc/../../picolibc/arm-zephyr-eabi/lib/thumb/v7-m/nofp/libc.a(memcpy.c.o)
                0x00000000080084ca                memcpy
                0x00000000080084ca                __aeabi_memcpy
                0x00000000080084ca                __aeabi_memcpy4
                0x00000000080084ca                __aeabi_memcpy8
 .text.memset   0x00000000080084e6       0x10 /home/romain/zephyr-sdk-0.16.1/arm-zephyr-eabi/bin/../lib/gcc/../../picolibc/arm-zephyr-eabi/lib/thumb/v7-m/nofp/libc.a(memset.c.o)
                0x00000000080084e6                memset
 .text.__file_str_put
                0x00000000080084f6       0x10 /home/romain/zephyr-sdk-0.16.1/arm-zephyr-eabi/bin/../lib/gcc/../../picolibc/arm-zephyr-eabi/lib/thumb/v7-m/nofp/libc.a(libc_tinystdio_filestrput.c.o)
                0x00000000080084f6                __file_str_put
 *(SORT_BY_ALIGNMENT(.TEXT.*))
 *fill*         0x0000000008008506        0x2 
 .TEXT.__aeabi_read_tp
                0x0000000008008508        0xc zephyr/arch/arch/arm/core/cortex_m/libarch__arm__core__cortex_m.a(__aeabi_read_tp.S.obj)
                0x0000000008008508                __aeabi_read_tp
 *(SORT_BY_ALIGNMENT(.gnu.linkonce.t.*))
 *(SORT_BY_ALIGNMENT(.glue_7t))
 .glue_7t       0x0000000008008514        0x0 linker stubs
 *(SORT_BY_ALIGNMENT(.glue_7))
 .glue_7        0x0000000008008514        0x0 linker stubs
 *(SORT_BY_ALIGNMENT(.vfp11_veneer))
 .vfp11_veneer  0x0000000008008514        0x0 linker stubs
 *(SORT_BY_ALIGNMENT(.v4_bx))
 .v4_bx         0x0000000008008514        0x0 linker stubs
                0x0000000008008514                . = ALIGN (0x4)
                0x0000000008008514                __text_region_end = .

.ARM.exidx      0x0000000008008514        0x8
                0x0000000008008514                __exidx_start = .
 *(SORT_BY_ALIGNMENT(.ARM.exidx*) SORT_BY_ALIGNMENT(gnu.linkonce.armexidx.*))
 .ARM.exidx     0x0000000008008514        0x8 /home/romain/zephyr-sdk-0.16.1/arm-zephyr-eabi/bin/../lib/gcc/arm-zephyr-eabi/12.2.0/thumb/v7-m/nofp/libgcc.a(_udivmoddi4.o)
                0x000000000800851c                __exidx_end = .
                0x000000000800851c                __rodata_region_start = .

initlevel       0x000000000800851c       0x88
                0x000000000800851c                __init_start = .
                0x000000000800851c                __init_EARLY_start = .
 *(SORT_BY_NAME(SORT_BY_ALIGNMENT(.z_init_EARLY?_*)))
 *(SORT_BY_NAME(SORT_BY_ALIGNMENT(.z_init_EARLY??_*)))
                0x000000000800851c                __init_PRE_KERNEL_1_start = .
 *(SORT_BY_NAME(SORT_BY_ALIGNMENT(.z_init_PRE_KERNEL_1?_*)))
 .z_init_PRE_KERNEL_10_0_
                0x000000000800851c        0x8 zephyr/libzephyr.a(soc.c.obj)
 .z_init_PRE_KERNEL_11_00009_
                0x0000000008008524        0x8 zephyr/drivers/clock_control/libdrivers__clock_control.a(clock_stm32_ll_common.c.obj)
 .z_init_PRE_KERNEL_11_0_
                0x000000000800852c        0x8 zephyr/libzephyr.a(soc_config.c.obj)
 *(SORT_BY_NAME(SORT_BY_ALIGNMENT(.z_init_PRE_KERNEL_1??_*)))
 .z_init_PRE_KERNEL_135_00039_
                0x0000000008008534        0x8 zephyr/drivers/reset/libdrivers__reset.a(reset_stm32.c.obj)
 .z_init_PRE_KERNEL_140_00027_
                0x000000000800853c        0x8 zephyr/drivers/gpio/libdrivers__gpio.a(gpio_stm32.c.obj)
 .z_init_PRE_KERNEL_140_00030_
                0x0000000008008544        0x8 zephyr/drivers/gpio/libdrivers__gpio.a(gpio_stm32.c.obj)
 .z_init_PRE_KERNEL_140_00035_
                0x000000000800854c        0x8 zephyr/drivers/interrupt_controller/libdrivers__interrupt_controller.a(intc_exti_stm32.c.obj)
 .z_init_PRE_KERNEL_140_00052_
                0x0000000008008554        0x8 zephyr/drivers/gpio/libdrivers__gpio.a(gpio_stm32.c.obj)
 .z_init_PRE_KERNEL_140_00066_
                0x000000000800855c        0x8 zephyr/drivers/gpio/libdrivers__gpio.a(gpio_stm32.c.obj)
 .z_init_PRE_KERNEL_140_00067_
                0x0000000008008564        0x8 zephyr/drivers/gpio/libdrivers__gpio.a(gpio_stm32.c.obj)
 .z_init_PRE_KERNEL_150_00040_
                0x000000000800856c        0x8 zephyr/drivers/serial/libdrivers__serial.a(uart_stm32.c.obj)
 .z_init_PRE_KERNEL_150_00046_
                0x0000000008008574        0x8 zephyr/drivers/serial/libdrivers__serial.a(uart_stm32.c.obj)
 .z_init_PRE_KERNEL_160_0_
                0x000000000800857c        0x8 zephyr/drivers/console/libdrivers__console.a(uart_console.c.obj)
                0x0000000008008584                __init_PRE_KERNEL_2_start = .
 *(SORT_BY_NAME(SORT_BY_ALIGNMENT(.z_init_PRE_KERNEL_2?_*)))
 .z_init_PRE_KERNEL_20_0_
                0x0000000008008584        0x8 zephyr/drivers/timer/libdrivers__timer.a(cortex_m_systick.c.obj)
 *(SORT_BY_NAME(SORT_BY_ALIGNMENT(.z_init_PRE_KERNEL_2??_*)))
                0x000000000800858c                __init_POST_KERNEL_start = .
 *(SORT_BY_NAME(SORT_BY_ALIGNMENT(.z_init_POST_KERNEL?_*)))
 .z_init_POST_KERNEL0_0_
                0x000000000800858c        0x8 zephyr/libzephyr.a(log_core.c.obj)
 *(SORT_BY_NAME(SORT_BY_ALIGNMENT(.z_init_POST_KERNEL??_*)))
 .z_init_POST_KERNEL35_0_
                0x0000000008008594        0x8 zephyr/lib/libc/common/liblib__libc__common.a(malloc.c.obj)
 .z_init_POST_KERNEL50_00017_
                0x000000000800859c        0x8 zephyr/drivers/i2c/libdrivers__i2c.a(i2c_ll_stm32.c.obj)
                0x00000000080085a4                __init_APPLICATION_start = .
 *(SORT_BY_NAME(SORT_BY_ALIGNMENT(.z_init_APPLICATION?_*)))
 *(SORT_BY_NAME(SORT_BY_ALIGNMENT(.z_init_APPLICATION??_*)))
                0x00000000080085a4                __init_SMP_start = .
 *(SORT_BY_NAME(SORT_BY_ALIGNMENT(.z_init_SMP?_*)))
 *(SORT_BY_NAME(SORT_BY_ALIGNMENT(.z_init_SMP??_*)))
                0x00000000080085a4                __init_end = .
                0x00000000080085a4                __deferred_init_list_start = .
 *(SORT_BY_ALIGNMENT(.z_deferred_init*))
                0x00000000080085a4                __deferred_init_list_end = .

device_area     0x00000000080085a4       0xdc
                0x00000000080085a4                _device_list_start = .
 *(SORT_BY_NAME(SORT_BY_ALIGNMENT(._device.static.*_?_*)))
 ._device.static.1_1_
                0x00000000080085a4       0x14 zephyr/drivers/clock_control/libdrivers__clock_control.a(clock_stm32_ll_common.c.obj)
                0x00000000080085a4                __device_dts_ord_9
 *(SORT_BY_NAME(SORT_BY_ALIGNMENT(._device.static.*_??_*)))
 ._device.static.1_35_
                0x00000000080085b8       0x14 zephyr/drivers/reset/libdrivers__reset.a(reset_stm32.c.obj)
                0x00000000080085b8                __device_dts_ord_39
 ._device.static.1_40_
                0x00000000080085cc       0x14 zephyr/drivers/interrupt_controller/libdrivers__interrupt_controller.a(intc_exti_stm32.c.obj)
                0x00000000080085cc                __device_dts_ord_35
 ._device.static.1_40_
                0x00000000080085e0       0x64 zephyr/drivers/gpio/libdrivers__gpio.a(gpio_stm32.c.obj)
                0x00000000080085e0                __device_dts_ord_67
                0x00000000080085f4                __device_dts_ord_66
                0x0000000008008608                __device_dts_ord_27
                0x000000000800861c                __device_dts_ord_52
                0x0000000008008630                __device_dts_ord_30
 ._device.static.1_50_
                0x0000000008008644       0x28 zephyr/drivers/serial/libdrivers__serial.a(uart_stm32.c.obj)
                0x0000000008008644                __device_dts_ord_40
                0x0000000008008658                __device_dts_ord_46
 ._device.static.3_50_
                0x000000000800866c       0x14 zephyr/drivers/i2c/libdrivers__i2c.a(i2c_ll_stm32.c.obj)
                0x000000000800866c                __device_dts_ord_17
                0x0000000008008680                _device_list_end = .

sw_isr_table    0x0000000008008680      0x158
                0x0000000008008680                . = ALIGN (0x4)
 *(SORT_BY_ALIGNMENT(.gnu.linkonce.sw_isr_table*))
 .gnu.linkonce.sw_isr_table
                0x0000000008008680      0x158 zephyr/arch/common/libisr_tables.a(isr_tables.c.obj)
                0x0000000008008680                _sw_isr_table

initlevel_error
                0x000000000800851c        0x0
 *(SORT_BY_NAME(SORT_BY_ALIGNMENT(.z_init_[_A-Z0-9]*)))
                0x0000000000000001                ASSERT ((SIZEOF (initlevel_error) == 0x0), Undefined initialization levels used.)

app_shmem_regions
                0x00000000080087d8        0x0
                0x00000000080087d8                __app_shmem_regions_start = .
 *(SORT_BY_NAME(SORT_BY_ALIGNMENT(.app_regions.*)))
                0x00000000080087d8                __app_shmem_regions_end = .

k_p4wq_initparam_area
                0x00000000080087d8        0x0
                0x00000000080087d8                _k_p4wq_initparam_list_start = .
 *(SORT_BY_NAME(SORT_BY_ALIGNMENT(._k_p4wq_initparam.static.*)))
                0x00000000080087d8                _k_p4wq_initparam_list_end = .

_static_thread_data_area
                0x00000000080087d8       0x60
                0x00000000080087d8                __static_thread_data_list_start = .
 *(SORT_BY_NAME(SORT_BY_ALIGNMENT(.__static_thread_data.static.*)))
 .__static_thread_data.static._k_thread_data_thread_capteurs_id_
                0x00000000080087d8       0x30 app/libapp.a(main.c.obj)
                0x00000000080087d8                _k_thread_data_thread_capteurs_id
 .__static_thread_data.static._k_thread_data_thread_pid_id_
                0x0000000008008808       0x30 app/libapp.a(main.c.obj)
                0x0000000008008808                _k_thread_data_thread_pid_id
                0x0000000008008838                __static_thread_data_list_end = .

device_deps     0x0000000008008838        0x0
                0x0000000008008838                __device_deps_start = .
 *(SORT_BY_NAME(SORT_BY_ALIGNMENT(.__device_deps_pass2*)))
                0x0000000008008838                __device_deps_end = .

ztest           0x0000000008008838        0x0
                0x0000000008008838                _ztest_expected_result_entry_list_start = .
 *(SORT_BY_NAME(SORT_BY_ALIGNMENT(._ztest_expected_result_entry.static.*)))
                0x0000000008008838                _ztest_expected_result_entry_list_end = .
                0x0000000008008838                _ztest_suite_node_list_start = .
 *(SORT_BY_NAME(SORT_BY_ALIGNMENT(._ztest_suite_node.static.*)))
                0x0000000008008838                _ztest_suite_node_list_end = .
                0x0000000008008838                _ztest_unit_test_list_start = .
 *(SORT_BY_NAME(SORT_BY_ALIGNMENT(._ztest_unit_test.static.*)))
                0x0000000008008838                _ztest_unit_test_list_end = .
                0x0000000008008838                _ztest_test_rule_list_start = .
 *(SORT_BY_NAME(SORT_BY_ALIGNMENT(._ztest_test_rule.static.*)))
                0x0000000008008838                _ztest_test_rule_list_end = .

init_array      0x0000000008008838        0x0
 *(SORT_BY_NAME(SORT_BY_ALIGNMENT(.ctors*)))
 *(SORT_BY_NAME(SORT_BY_ALIGNMENT(.init_array*)))
                0x0000000000000001                ASSERT ((SIZEOF (init_array) == 0x0), GNU-style constructors required but STATIC_INIT_GNU not enabled)

bt_l2cap_fixed_chan_area
                0x0000000008008838        0x0
                0x0000000008008838                _bt_l2cap_fixed_chan_list_start = .
 *(SORT_BY_NAME(SORT_BY_ALIGNMENT(._bt_l2cap_fixed_chan.static.*)))
                0x0000000008008838                _bt_l2cap_fixed_chan_list_end = .

bt_gatt_service_static_area
                0x0000000008008838        0x0
                0x0000000008008838                _bt_gatt_service_static_list_start = .
 *(SORT_BY_NAME(SORT_BY_ALIGNMENT(._bt_gatt_service_static.static.*)))
                0x0000000008008838                _bt_gatt_service_static_list_end = .

log_strings_area
                0x0000000008008838        0x0
                0x0000000008008838                _log_strings_list_start = .
 *(SORT_BY_NAME(SORT_BY_ALIGNMENT(._log_strings.static.*)))
                0x0000000008008838                _log_strings_list_end = .

log_const_area  0x0000000008008838       0x50
                0x0000000008008838                _log_const_list_start = .
 *(SORT_BY_NAME(SORT_BY_ALIGNMENT(._log_const.static.*)))
 ._log_const.static.log_const_cbprintf_package_
                0x0000000008008838        0x8 zephyr/libzephyr.a(cbprintf_packaged.c.obj)
                0x0000000008008838                log_const_cbprintf_package
 ._log_const.static.log_const_i2c_
                0x0000000008008840        0x8 zephyr/drivers/i2c/libdrivers__i2c.a(i2c_common.c.obj)
                0x0000000008008840                log_const_i2c
 ._log_const.static.log_const_i2c_ll_stm32_
                0x0000000008008848        0x8 zephyr/drivers/i2c/libdrivers__i2c.a(i2c_ll_stm32.c.obj)
                0x0000000008008848                log_const_i2c_ll_stm32
 ._log_const.static.log_const_i2c_ll_stm32_v1_
                0x0000000008008850        0x8 zephyr/drivers/i2c/libdrivers__i2c.a(i2c_ll_stm32_v1.c.obj)
                0x0000000008008850                log_const_i2c_ll_stm32_v1
 ._log_const.static.log_const_log_
                0x0000000008008858        0x8 zephyr/libzephyr.a(log_core.c.obj)
                0x0000000008008858                log_const_log
 ._log_const.static.log_const_log_mgmt_
                0x0000000008008860        0x8 zephyr/libzephyr.a(log_mgmt.c.obj)
                0x0000000008008860                log_const_log_mgmt
 ._log_const.static.log_const_log_uart_
                0x0000000008008868        0x8 zephyr/libzephyr.a(log_backend_uart.c.obj)
                0x0000000008008868                log_const_log_uart
 ._log_const.static.log_const_os_
                0x0000000008008870        0x8 zephyr/kernel/libkernel.a(init.c.obj)
                0x0000000008008870                log_const_os
 ._log_const.static.log_const_stm32_
                0x0000000008008878        0x8 zephyr/drivers/gpio/libdrivers__gpio.a(gpio_stm32.c.obj)
                0x0000000008008878                log_const_stm32
 ._log_const.static.log_const_uart_stm32_
                0x0000000008008880        0x8 zephyr/drivers/serial/libdrivers__serial.a(uart_stm32.c.obj)
                0x0000000008008880                log_const_uart_stm32
                0x0000000008008888                _log_const_list_end = .

log_backend_area
                0x0000000008008888       0x10
                0x0000000008008888                _log_backend_list_start = .
 *(SORT_BY_NAME(SORT_BY_ALIGNMENT(._log_backend.static.*)))
 ._log_backend.static.log_backend_uart_
                0x0000000008008888       0x10 zephyr/libzephyr.a(log_backend_uart.c.obj)
                0x0000000008008898                _log_backend_list_end = .

log_link_area   0x0000000008008898        0x0
                0x0000000008008898                _log_link_list_start = .
 *(SORT_BY_NAME(SORT_BY_ALIGNMENT(._log_link.static.*)))
                0x0000000008008898                _log_link_list_end = .

tracing_backend_area
                0x0000000008008898        0x0
                0x0000000008008898                _tracing_backend_list_start = .
 *(SORT_BY_NAME(SORT_BY_ALIGNMENT(._tracing_backend.static.*)))
                0x0000000008008898                _tracing_backend_list_end = .

zephyr_dbg_info
 *(SORT_BY_ALIGNMENT(.dbg_thread_info))

intc_table_area
                0x0000000008008898        0x0
                0x0000000008008898                _intc_table_list_start = .
 *(SORT_BY_NAME(SORT_BY_ALIGNMENT(._intc_table.static.*)))
                0x0000000008008898                _intc_table_list_end = .

symbol_to_keep  0x0000000008008898        0x0
                0x0000000008008898                __symbol_to_keep_start = .
 *(SORT_BY_NAME(SORT_BY_ALIGNMENT(.symbol_to_keep*)))
                0x0000000008008898                __symbol_to_keep_end = .

shell_area      0x0000000008008898        0x0
                0x0000000008008898                _shell_list_start = .
 *(SORT_BY_NAME(SORT_BY_ALIGNMENT(._shell.static.*)))
                0x0000000008008898                _shell_list_end = .

shell_root_cmds_area
                0x0000000008008898        0x0
                0x0000000008008898                _shell_root_cmds_list_start = .
 *(SORT_BY_NAME(SORT_BY_ALIGNMENT(._shell_root_cmds.static.*)))
                0x0000000008008898                _shell_root_cmds_list_end = .

shell_subcmds_area
                0x0000000008008898        0x0
                0x0000000008008898                _shell_subcmds_list_start = .
 *(SORT_BY_NAME(SORT_BY_ALIGNMENT(._shell_subcmds.static.*)))
                0x0000000008008898                _shell_subcmds_list_end = .

shell_dynamic_subcmds_area
                0x0000000008008898        0x0
                0x0000000008008898                _shell_dynamic_subcmds_list_start = .
 *(SORT_BY_NAME(SORT_BY_ALIGNMENT(._shell_dynamic_subcmds.static.*)))
                0x0000000008008898                _shell_dynamic_subcmds_list_end = .

cfb_font_area   0x0000000008008898        0x0
                0x0000000008008898                _cfb_font_list_start = .
 *(SORT_BY_NAME(SORT_BY_ALIGNMENT(._cfb_font.static.*)))
                0x0000000008008898                _cfb_font_list_end = .

tdata           0x0000000008008898        0x0
 *(SORT_BY_ALIGNMENT(.tdata) SORT_BY_ALIGNMENT(.tdata.*) SORT_BY_ALIGNMENT(.gnu.linkonce.td.*))

tbss            0x0000000008008898        0x4
 *(SORT_BY_ALIGNMENT(.tbss) SORT_BY_ALIGNMENT(.tbss.*) SORT_BY_ALIGNMENT(.gnu.linkonce.tb.*) SORT_BY_ALIGNMENT(.tcommon))
 .tbss.z_tls_current
                0x0000000008008898        0x4 zephyr/libzephyr.a(thread_entry.c.obj)
                0x0000000008008898                z_tls_current
                0x0000000008008898                PROVIDE (__tdata_start = LOADADDR (tdata))
                0x0000000000000001                PROVIDE (__tdata_align = ALIGNOF (tdata))
                0x0000000000000000                PROVIDE (__tdata_size = (((SIZEOF (tdata) + __tdata_align) - 0x1) & ~ ((__tdata_align - 0x1))))
                [!provide]                        PROVIDE (__tdata_end = (__tdata_start + __tdata_size))
                0x0000000000000004                PROVIDE (__tbss_align = ALIGNOF (tbss))
                [!provide]                        PROVIDE (__tbss_start = ADDR (tbss))
                0x0000000000000004                PROVIDE (__tbss_size = (((SIZEOF (tbss) + __tbss_align) - 0x1) & ~ ((__tbss_align - 0x1))))
                [!provide]                        PROVIDE (__tbss_end = (__tbss_start + __tbss_size))
                [!provide]                        PROVIDE (__tls_start = __tdata_start)
                [!provide]                        PROVIDE (__tls_end = __tbss_end)
                [!provide]                        PROVIDE (__tls_size = (__tbss_end - __tdata_start))

rodata          0x0000000008008898     0x11a8
 *(SORT_BY_ALIGNMENT(.rodata))
 *(SORT_BY_ALIGNMENT(.rodata.*))
 .rodata.DOUBLE_POW5_TABLE
                0x0000000008008898       0xd0 /home/romain/zephyr-sdk-0.16.1/arm-zephyr-eabi/bin/../lib/gcc/../../picolibc/arm-zephyr-eabi/lib/thumb/v7-m/nofp/libc.a(libc_tinystdio_ryu_table.c.o)
 .rodata.DOUBLE_POW5_SPLIT2
                0x0000000008008968       0xd0 /home/romain/zephyr-sdk-0.16.1/arm-zephyr-eabi/bin/../lib/gcc/../../picolibc/arm-zephyr-eabi/lib/thumb/v7-m/nofp/libc.a(libc_tinystdio_ryu_table.c.o)
 .rodata.DOUBLE_POW5_INV_SPLIT2
                0x0000000008008a38       0xf0 /home/romain/zephyr-sdk-0.16.1/arm-zephyr-eabi/bin/../lib/gcc/../../picolibc/arm-zephyr-eabi/lib/thumb/v7-m/nofp/libc.a(libc_tinystdio_ryu_table.c.o)
 .rodata.atanlo
                0x0000000008008b28       0x20 /home/romain/zephyr-sdk-0.16.1/arm-zephyr-eabi/bin/../lib/gcc/../../picolibc/arm-zephyr-eabi/lib/thumb/v7-m/nofp/libc.a(libm_math_s_atan.c.o)
 .rodata.atanhi
                0x0000000008008b48       0x20 /home/romain/zephyr-sdk-0.16.1/arm-zephyr-eabi/bin/../lib/gcc/../../picolibc/arm-zephyr-eabi/lib/thumb/v7-m/nofp/libc.a(libm_math_s_atan.c.o)
 .rodata.mpsc_config
                0x0000000008008b68       0x14 zephyr/libzephyr.a(log_core.c.obj)
 .rodata.format_table
                0x0000000008008b7c       0x10 zephyr/libzephyr.a(log_core.c.obj)
 .rodata.colors
                0x0000000008008b8c       0x14 zephyr/libzephyr.a(log_output.c.obj)
 .rodata.severity
                0x0000000008008ba0       0x14 zephyr/libzephyr.a(log_output.c.obj)
 .rodata.lbu_cb_ctx
                0x0000000008008bb4        0x8 zephyr/libzephyr.a(log_backend_uart.c.obj)
 .rodata.lbu_output
                0x0000000008008bbc       0x10 zephyr/libzephyr.a(log_backend_uart.c.obj)
 .rodata.log_backend_uart_api
                0x0000000008008bcc       0x1c zephyr/libzephyr.a(log_backend_uart.c.obj)
                0x0000000008008bcc                log_backend_uart_api
 .rodata.stm32_clock_control_api
                0x0000000008008be8       0x1c zephyr/drivers/clock_control/libdrivers__clock_control.a(clock_stm32_ll_common.c.obj)
 .rodata.gpio_stm32_cfg_e
                0x0000000008008c04       0x14 zephyr/drivers/gpio/libdrivers__gpio.a(gpio_stm32.c.obj)
 .rodata.gpio_stm32_cfg_d
                0x0000000008008c18       0x14 zephyr/drivers/gpio/libdrivers__gpio.a(gpio_stm32.c.obj)
 .rodata.gpio_stm32_cfg_c
                0x0000000008008c2c       0x14 zephyr/drivers/gpio/libdrivers__gpio.a(gpio_stm32.c.obj)
 .rodata.gpio_stm32_cfg_b
                0x0000000008008c40       0x14 zephyr/drivers/gpio/libdrivers__gpio.a(gpio_stm32.c.obj)
 .rodata.gpio_stm32_cfg_a
                0x0000000008008c54       0x14 zephyr/drivers/gpio/libdrivers__gpio.a(gpio_stm32.c.obj)
 .rodata.gpio_stm32_driver
                0x0000000008008c68       0x24 zephyr/drivers/gpio/libdrivers__gpio.a(gpio_stm32.c.obj)
 .rodata.i2c_stm32_cfg_0
                0x0000000008008c8c       0x18 zephyr/drivers/i2c/libdrivers__i2c.a(i2c_ll_stm32.c.obj)
 .rodata.pclken_0
                0x0000000008008ca4        0x8 zephyr/drivers/i2c/libdrivers__i2c.a(i2c_ll_stm32.c.obj)
 .rodata.__pinctrl_dev_config__device_dts_ord_17
                0x0000000008008cac        0x8 zephyr/drivers/i2c/libdrivers__i2c.a(i2c_ll_stm32.c.obj)
 .rodata.__pinctrl_states__device_dts_ord_17
                0x0000000008008cb4        0x8 zephyr/drivers/i2c/libdrivers__i2c.a(i2c_ll_stm32.c.obj)
 .rodata.__pinctrl_state_pins_0__device_dts_ord_17
                0x0000000008008cbc       0x10 zephyr/drivers/i2c/libdrivers__i2c.a(i2c_ll_stm32.c.obj)
 .rodata.api_funcs
                0x0000000008008ccc       0x18 zephyr/drivers/i2c/libdrivers__i2c.a(i2c_ll_stm32.c.obj)
 .rodata.gpio_ports
                0x0000000008008ce4       0x40 zephyr/drivers/pinctrl/libdrivers__pinctrl.a(pinctrl_stm32.c.obj)
 .rodata.reset_stm32_config
                0x0000000008008d24        0x4 zephyr/drivers/reset/libdrivers__reset.a(reset_stm32.c.obj)
 .rodata.reset_stm32_driver_api
                0x0000000008008d28       0x10 zephyr/drivers/reset/libdrivers__reset.a(reset_stm32.c.obj)
 .rodata.uart_stm32_cfg_1
                0x0000000008008d38       0x24 zephyr/drivers/serial/libdrivers__serial.a(uart_stm32.c.obj)
 .rodata.pclken_1
                0x0000000008008d5c        0x8 zephyr/drivers/serial/libdrivers__serial.a(uart_stm32.c.obj)
 .rodata.__pinctrl_dev_config__device_dts_ord_40
                0x0000000008008d64        0x8 zephyr/drivers/serial/libdrivers__serial.a(uart_stm32.c.obj)
 .rodata.__pinctrl_states__device_dts_ord_40
                0x0000000008008d6c        0x8 zephyr/drivers/serial/libdrivers__serial.a(uart_stm32.c.obj)
 .rodata.__pinctrl_state_pins_0__device_dts_ord_40
                0x0000000008008d74       0x10 zephyr/drivers/serial/libdrivers__serial.a(uart_stm32.c.obj)
 .rodata.uart_stm32_cfg_0
                0x0000000008008d84       0x24 zephyr/drivers/serial/libdrivers__serial.a(uart_stm32.c.obj)
 .rodata.pclken_0
                0x0000000008008da8        0x8 zephyr/drivers/serial/libdrivers__serial.a(uart_stm32.c.obj)
 .rodata.__pinctrl_dev_config__device_dts_ord_46
                0x0000000008008db0        0x8 zephyr/drivers/serial/libdrivers__serial.a(uart_stm32.c.obj)
 .rodata.__pinctrl_states__device_dts_ord_46
                0x0000000008008db8        0x8 zephyr/drivers/serial/libdrivers__serial.a(uart_stm32.c.obj)
 .rodata.__pinctrl_state_pins_0__device_dts_ord_46
                0x0000000008008dc0       0x10 zephyr/drivers/serial/libdrivers__serial.a(uart_stm32.c.obj)
 .rodata.uart_stm32_driver_api
                0x0000000008008dd0       0x14 zephyr/drivers/serial/libdrivers__serial.a(uart_stm32.c.obj)
 .rodata.CSWTCH.486
                0x0000000008008de4       0x14 zephyr/kernel/libkernel.a(fatal.c.obj)
 .rodata.levels.0
                0x0000000008008df8       0x18 zephyr/kernel/libkernel.a(init.c.obj)
 .rodata.POW5_OFFSETS
                0x0000000008008e10       0x54 /home/romain/zephyr-sdk-0.16.1/arm-zephyr-eabi/bin/../lib/gcc/../../picolibc/arm-zephyr-eabi/lib/thumb/v7-m/nofp/libc.a(libc_tinystdio_ryu_table.c.o)
 .rodata.POW5_INV_OFFSETS
                0x0000000008008e64       0x54 /home/romain/zephyr-sdk-0.16.1/arm-zephyr-eabi/bin/../lib/gcc/../../picolibc/arm-zephyr-eabi/lib/thumb/v7-m/nofp/libc.a(libc_tinystdio_ryu_table.c.o)
 .rodata.CSWTCH.526
                0x0000000008008eb8        0x6 zephyr/drivers/serial/libdrivers__serial.a(uart_stm32.c.obj)
 .rodata.main.str1.1
                0x0000000008008ebe       0x98 app/libapp.a(main.c.obj)
 .rodata.str1.1
                0x0000000008008f56       0x21 app/libapp.a(main.c.obj)
 .rodata.moteur_set_vitesse.part.0.str1.1
                0x0000000008008f77        0x3 app/libapp.a(moteur.c.obj)
 .rodata.moteur_init.str1.1
                0x0000000008008f7a       0x5c app/libapp.a(moteur.c.obj)
 .rodata.boussole_init.str1.1
                0x0000000008008fd6       0x7b app/libapp.a(boussole.c.obj)
 .rodata.cbprintf_package_convert.str1.1
                0x0000000008009051       0xa3 zephyr/libzephyr.a(cbprintf_packaged.c.obj)
 .rodata.str1.1
                0x00000000080090f4       0x11 zephyr/libzephyr.a(cbprintf_packaged.c.obj)
 .rodata.enable_logger.str1.1
                0x0000000008009105        0x8 zephyr/libzephyr.a(log_core.c.obj)
 .rodata.str1.1
                0x000000000800910d        0x4 zephyr/libzephyr.a(log_core.c.obj)
 .rodata.str1.1
                0x0000000008009111        0x9 zephyr/libzephyr.a(log_mgmt.c.obj)
 .rodata.z_impl_z_log_msg_static_create.str1.1
                0x000000000800911a       0x3f zephyr/libzephyr.a(log_msg.c.obj)
 .rodata.z_log_msg_runtime_vcreate.str1.1
                0x0000000008009159       0x38 zephyr/libzephyr.a(log_msg.c.obj)
 .rodata.newline_print.str1.1
                0x0000000008009191       0x38 zephyr/libzephyr.a(log_output.c.obj)
                                          0x5 (size before relaxing)
 .rodata.log_output_process.str1.1
                0x0000000008009191       0x4f zephyr/libzephyr.a(log_output.c.obj)
                                         0x51 (size before relaxing)
 .rodata.log_output_dropped_process.str1.1
                0x00000000080091e0       0x4f zephyr/libzephyr.a(log_output.c.obj)
                                          0x3 (size before relaxing)
 .rodata.postfix.0
                0x00000000080091e0       0x1c zephyr/libzephyr.a(log_output.c.obj)
 .rodata.prefix.1
                0x00000000080091fc        0xc zephyr/libzephyr.a(log_output.c.obj)
 .rodata.str1.1
                0x0000000008009208       0x20 zephyr/libzephyr.a(log_output.c.obj)
 .rodata.str1.1
                0x0000000008009228       0x1a zephyr/libzephyr.a(log_backend_uart.c.obj)
 .rodata.z_arm_fatal_error.str1.1
                0x0000000008009242       0xae zephyr/arch/arch/arm/core/libarch__arm__core.a(fatal.c.obj)
 .rodata.mem_manage_fault.constprop.0.str1.1
                0x00000000080092f0       0xa9 zephyr/arch/arch/arm/core/cortex_m/libarch__arm__core__cortex_m.a(fault.c.obj)
 .rodata.usage_fault.constprop.0.str1.1
                0x0000000008009399       0xcd zephyr/arch/arch/arm/core/cortex_m/libarch__arm__core__cortex_m.a(fault.c.obj)
 .rodata.bus_fault.constprop.0.str1.1
                0x0000000008009466       0x88 zephyr/arch/arch/arm/core/cortex_m/libarch__arm__core__cortex_m.a(fault.c.obj)
 .rodata.z_arm_fault.str1.1
                0x00000000080094ee      0x111 zephyr/arch/arch/arm/core/cortex_m/libarch__arm__core__cortex_m.a(fault.c.obj)
 .rodata.line_range_6.0
                0x00000000080095ff        0x2 zephyr/drivers/interrupt_controller/libdrivers__interrupt_controller.a(intc_exti_stm32.c.obj)
 .rodata.line_range_5.1
                0x0000000008009601        0x2 zephyr/drivers/interrupt_controller/libdrivers__interrupt_controller.a(intc_exti_stm32.c.obj)
 .rodata.line_range_4.2
                0x0000000008009603        0x2 zephyr/drivers/interrupt_controller/libdrivers__interrupt_controller.a(intc_exti_stm32.c.obj)
 .rodata.line_range_3.3
                0x0000000008009605        0x2 zephyr/drivers/interrupt_controller/libdrivers__interrupt_controller.a(intc_exti_stm32.c.obj)
 .rodata.line_range_2.4
                0x0000000008009607        0x2 zephyr/drivers/interrupt_controller/libdrivers__interrupt_controller.a(intc_exti_stm32.c.obj)
 .rodata.line_range_1.5
                0x0000000008009609        0x2 zephyr/drivers/interrupt_controller/libdrivers__interrupt_controller.a(intc_exti_stm32.c.obj)
 .rodata.line_range_0.6
                0x000000000800960b        0x2 zephyr/drivers/interrupt_controller/libdrivers__interrupt_controller.a(intc_exti_stm32.c.obj)
 .rodata.str1.1
                0x000000000800960d       0x1e zephyr/drivers/interrupt_controller/libdrivers__interrupt_controller.a(intc_exti_stm32.c.obj)
 .rodata.str1.1
                0x000000000800962b        0xd zephyr/drivers/clock_control/libdrivers__clock_control.a(clock_stm32_ll_common.c.obj)
 .rodata.str1.1
                0x0000000008009638       0x46 zephyr/drivers/gpio/libdrivers__gpio.a(gpio_stm32.c.obj)
                                         0x4c (size before relaxing)
 .rodata.str1.1
                0x000000000800967e        0x4 zephyr/drivers/i2c/libdrivers__i2c.a(i2c_common.c.obj)
 .rodata.str1.1
                0x0000000008009682       0x10 zephyr/drivers/i2c/libdrivers__i2c.a(i2c_ll_stm32_v1.c.obj)
 .rodata.i2c_stm32_get_config.part.0.str1.1
                0x0000000008009692       0x1e zephyr/drivers/i2c/libdrivers__i2c.a(i2c_ll_stm32.c.obj)
 .rodata.i2c_stm32_set_smbus_mode.str1.1
                0x00000000080096b0       0x14 zephyr/drivers/i2c/libdrivers__i2c.a(i2c_ll_stm32.c.obj)
 .rodata.i2c_stm32_runtime_configure.str1.1
                0x00000000080096c4       0x2e zephyr/drivers/i2c/libdrivers__i2c.a(i2c_ll_stm32.c.obj)
 .rodata.i2c_stm32_init.str1.1
                0x00000000080096f2       0x8e zephyr/drivers/i2c/libdrivers__i2c.a(i2c_ll_stm32.c.obj)
 .rodata.str1.1
                0x0000000008009780       0x1a zephyr/drivers/i2c/libdrivers__i2c.a(i2c_ll_stm32.c.obj)
 .rodata.str1.1
                0x000000000800979a       0x11 zephyr/drivers/reset/libdrivers__reset.a(reset_stm32.c.obj)
 .rodata.uart_stm32_set_baudrate.part.0.str1.1
                0x00000000080097ab       0x2e zephyr/drivers/serial/libdrivers__serial.a(uart_stm32.c.obj)
 .rodata.uart_stm32_init.str1.1
                0x00000000080097ab       0x3b zephyr/drivers/serial/libdrivers__serial.a(uart_stm32.c.obj)
                                         0x5a (size before relaxing)
 .rodata.str1.1
                0x00000000080097e6       0x2b zephyr/drivers/serial/libdrivers__serial.a(uart_stm32.c.obj)
 .rodata.AHBPrescTable
                0x0000000008009811       0x10 modules/stm32/stm32cube/lib..__modules__hal__stm32__stm32cube.a(system_stm32f1xx.c.obj)
                0x0000000008009811                AHBPrescTable
 .rodata.aPredivFactorTable.0
                0x0000000008009821        0x2 modules/stm32/stm32cube/lib..__modules__hal__stm32__stm32cube.a(stm32f1xx_hal_rcc.c.obj)
 .rodata.aPLLMULFactorTable.1
                0x0000000008009823       0x10 modules/stm32/stm32cube/lib..__modules__hal__stm32__stm32cube.a(stm32f1xx_hal_rcc.c.obj)
 .rodata.k_sys_fatal_error_handler.str1.1